[0.0] guided: {"win":false,"why":"spin","round":1} placed 8 clicks 19 5s hidden 0 errors 0 []
[1.0] vs g2 normal: {"win":false,"why":"checks","round":6} placed 30 clicks 50 14s hidden 0 errors 0 []
[2.0] vs y1 easy: {"win":true,"why":"landed","round":6} placed 69 clicks 96 17s hidden 0 errors 0 []
[3.0] vs r2 hard: {"win":false,"why":"mandatory","round":3} placed 52 clicks 78 18s hidden 0 errors 0 []
[4.0] vs kerosene (g4): {"win":false,"why":"mandatory","round":0} placed 4 clicks 13 2s hidden 0 errors 0 []
[5.0] vs wind (y3): {"win":false,"why":"mandatory","round":0} placed 14 clicks 24 6s hidden 0 errors 0 []
[6.0] vs trainee (g5): {"win":false,"why":"checks","round":6} placed 35 clicks 55 10s hidden 0 errors 0 []
[7.0] vs ice brakes (y4): {"win":false,"why":"mandatory","round":0} placed 35 clicks 59 13s hidden 0 errors 0 []
[8.0] vs real-time + fuel (r1): {"win":false,"why":"mandatory","round":0} placed 4 clicks 12 1s hidden 0 errors 0 []
[9.0] hot g3: {"win":false,"why":"mandatory","round":6} placed 63 clicks 157 15s hidden 0 errors 0 []
[10.0] hot y2: {"win":false,"why":"fuel","round":6} placed 60 clicks 153 14s hidden 0 errors 0 []
[11.0] watch g4: {"win":false,"why":"checks","round":6} placed 0 clicks 1 8s hidden 0 errors 0 []
[12.0] watch r1 hard: {"win":false,"why":"checks","round":6} placed 0 clicks 1 10s hidden 0 errors 0 []
[13.0] PHONE guided: {"win":false,"why":"speed","round":6} placed 28 clicks 40 9s hidden 0 errors 0 []
[14.0] PHONE vs g2: {"win":false,"why":"checks","round":6} placed 31 clicks 46 9s hidden 0 errors 0 []
[15.0] PHONE hot y3: {"win":false,"why":"mandatory","round":0} placed 9 clicks 41 4s hidden 0 errors 0 []
[16.0] PHONE vs r4 landscape: {"win":false,"why":"fuel","round":6} placed 31 clicks 44 11s hidden 0 errors 0 []
[17.0] PHONE vs b1 landscape: {"win":false,"why":"speed","round":6} placed 32 clicks 56 11s hidden 0 errors 0 []
TOTAL games 18 errors 0 stalls 0 not finished 0 hidden-dice violations 0 time 195s (ANIM=0)
seen: again | coffee chip | configure | die | drawer:crewd | drawer:logd | drawer:rulesd | drawer:setd | final | hint | pass card | place | place (suggested) | ready | reroll | reroll confirm | say | space | tip | title->setup
