dbg 0 {"x":2065,"z":-1639,"v":1,"arr":[2039,-1643,26],"dest":[2039,-1643],"kind":"arrow","los":true,"rl":3,"bi":0,"bd":11,"ae":3.14,"c":{"steer":1,"gas":false,"brake":true,"drift":false,"boost":false}}
dbg 120 {"x":2064,"z":-1639,"v":15,"arr":[2039,-1643,25],"dest":[2039,-1643],"kind":"arrow","los":true,"rl":3,"bi":0,"bd":12,"ae":2.46,"c":{"steer":-1,"gas":true,"brake":false,"drift":false,"boost":false}}
dbg 240 {"x":2060,"z":-1656,"v":39,"arr":[2039,-1643,25],"dest":[2039,-1643],"kind":"arrow","los":true,"rl":3,"bi":1,"bd":19,"ae":1.15,"c":{"steer":-1,"gas":false,"brake":false,"drift":false,"boost":false}}
dbg 360 {"x":2041,"z":-1651,"v":26,"arr":[1980,-1652,61],"dest":[1979,-1652],"kind":"arrow","los":true,"rl":3,"bi":0,"bd":9,"ae":-1,"c":{"steer":1,"gas":true,"brake":false,"drift":false,"boost":false}}
dbg 480 {"x":2025,"z":-1649,"v":28,"arr":[1979,-1652,46],"dest":[1979,-1652],"kind":"arrow","los":true,"rl":3,"bi":0,"bd":21,"ae":-0.09,"c":{"steer":0,"gas":true,"brake":false,"drift":false,"boost":false}}
dbg 600 {"x":2010,"z":-1650,"v":9,"arr":[1967,-1655,44],"dest":[1979,-1652],"kind":"arrow","los":true,"rl":3,"bi":1,"bd":23,"ae":-0.02,"c":{"steer":0,"gas":true,"brake":false,"drift":false,"boost":false}}
dbg 720 {"x":1990,"z":-1651,"v":69,"arr":[1967,-1655,24],"dest":[1979,-1652],"kind":"arrow","los":true,"rl":2,"bi":0,"bd":6,"ae":0.06,"c":{"steer":0,"gas":false,"brake":true,"drift":false,"boost":true}}
dbg 840 {"x":1945,"z":-1648,"v":59,"arr":null,"dest":[2432,-2302],"kind":"wander","los":false,"rl":26,"bi":0,"bd":11,"ae":2.44,"c":{"steer":-1,"gas":false,"brake":true,"drift":false,"boost":false}}
dbg 960 {"x":1948,"z":-1628,"v":50,"arr":null,"dest":[2432,-2302],"kind":"wander","los":false,"rl":26,"bi":0,"bd":27,"ae":0.86,"c":{"steer":-1,"gas":true,"brake":false,"drift":false,"boost":false}}
dbg 1080 {"x":1970,"z":-1625,"v":46,"arr":null,"dest":[2432,-2302],"kind":"wander","los":false,"rl":26,"bi":0,"bd":32,"ae":1.29,"c":{"steer":-1,"gas":true,"brake":false,"drift":false,"boost":false}}
dbg 1200 {"x":1990,"z":-1626,"v":55,"arr":null,"dest":[2432,-2302],"kind":"wander","los":false,"rl":26,"bi":0,"bd":23,"ae":0.21,"c":{"steer":-1,"gas":true,"brake":false,"drift":false,"boost":false}}
dbg 1320 {"x":2014,"z":-1628,"v":-2,"arr":[1820,-1681,201],"dest":[1820,-1681],"kind":"arrow","los":false,"rl":2,"bi":0,"bd":16,"ae":2.8,"c":{"steer":1,"gas":true,"brake":false,"drift":false,"boost":false}}
dbg 1440 {"x":2016,"z":-1628,"v":-5,"arr":[1820,-1680,203],"dest":[1820,-1681],"kind":"arrow","los":false,"rl":2,"bi":0,"bd":16,"ae":2.68,"c":{"steer":-1,"gas":true,"brake":false,"drift":false,"boost":false}}
dbg 1560 {"x":2016,"z":-1628,"v":7,"arr":[1820,-1681,203],"dest":[1820,-1681],"kind":"arrow","los":false,"rl":2,"bi":0,"bd":16,"ae":2.88,"c":{"steer":-1,"gas":true,"brake":false,"drift":false,"boost":false}}
dbg 1680 {"x":2015,"z":-1628,"v":6,"arr":[1820,-1681,203],"dest":[1820,-1681],"kind":"arrow","los":false,"rl":2,"bi":0,"bd":16,"ae":3.13,"c":{"steer":-1,"gas":true,"brake":false,"drift":false,"boost":false}}
dbg 1800 {"x":2011,"z":-1616,"v":47,"arr":[1820,-1680,201],"dest":[1820,-1681],"kind":"arrow","los":false,"rl":2,"bi":0,"bd":27,"ae":-1.1,"c":{"steer":1,"gas":true,"brake":false,"drift":false,"boost":false}}
dbg 1920 {"x":1984,"z":-1616,"v":64,"arr":[1820,-1681,177],"dest":[1820,-1681],"kind":"arrow","los":false,"rl":2,"bi":0,"bd":35,"ae":0.1,"c":{"steer":0,"gas":true,"brake":false,"drift":false,"boost":true}}
dbg 2040 {"x":1968,"z":-1626,"v":7,"arr":[1820,-1680,158],"dest":[1820,-1681],"kind":"arrow","los":false,"rl":2,"bi":0,"bd":30,"ae":0.07,"c":{"steer":0,"gas":true,"brake":false,"drift":false,"boost":false}}
dbg 2160 {"x":1965,"z":-1625,"v":27,"arr":[1820,-1680,155],"dest":[1820,-1681],"kind":"arrow","los":false,"rl":2,"bi":0,"bd":30,"ae":-0.51,"c":{"steer":1,"gas":true,"brake":false,"drift":false,"boost":false}}
dbg 2280 {"x":1942,"z":-1633,"v":47,"arr":[1820,-1680,131],"dest":[1820,-1681],"kind":"arrow","los":false,"rl":2,"bi":0,"bd":28,"ae":0.66,"c":{"steer":-1,"gas":true,"brake":false,"drift":false,"boost":false}}
dbg 2400 {"x":1927,"z":-1654,"v":49,"arr":[1820,-1681,110],"dest":[1820,-1681],"kind":"arrow","los":true,"rl":2,"bi":0,"bd":29,"ae":0.19,"c":{"steer":-1,"gas":true,"brake":false,"drift":false,"boost":false}}
dbg 2520 {"x":1894,"z":-1661,"v":35,"arr":[1820,-1681,77],"dest":[1820,-1681],"kind":"arrow","los":true,"rl":2,"bi":0,"bd":4,"ae":-0.07,"c":{"steer":0,"gas":true,"brake":false,"drift":false,"boost":true}}
dbg 2640 {"x":1881,"z":-1663,"v":7,"arr":[1820,-1681,64],"dest":[1820,-1681],"kind":"arrow","los":true,"rl":2,"bi":0,"bd":17,"ae":-0.1,"c":{"steer":0,"gas":true,"brake":false,"drift":false,"boost":false}}
dbg 2760 {"x":1867,"z":-1665,"v":26,"arr":[1820,-1680,49],"dest":[1820,-1681],"kind":"arrow","los":true,"rl":2,"bi":0,"bd":30,"ae":-0.07,"c":{"steer":0,"gas":true,"brake":false,"drift":false,"boost":false}}
dbg 2880 {"x":1857,"z":-1667,"v":2,"arr":[1819,-1681,40],"dest":[1820,-1681],"kind":"arrow","los":true,"rl":2,"bi":0,"bd":13,"ae":0.13,"c":{"steer":-1,"gas":true,"brake":false,"drift":false,"boost":false}}
dbg 3000 {"x":1849,"z":-1669,"v":18,"arr":[1820,-1681,32],"dest":[1820,-1681],"kind":"arrow","los":true,"rl":2,"bi":0,"bd":6,"ae":-0.11,"c":{"steer":0,"gas":true,"brake":false,"drift":false,"boost":false}}
dbg 3120 {"x":1837,"z":-1674,"v":29,"arr":[1820,-1681,19],"dest":[1820,-1681],"kind":"arrow","los":true,"rl":2,"bi":0,"bd":7,"ae":-0.18,"c":{"steer":1,"gas":true,"brake":false,"drift":false,"boost":false}}
dbg 3240 {"x":1830,"z":-1677,"v":1,"arr":[1827,-1637,40],"dest":[1822,-1638],"kind":"arrow","los":false,"rl":4,"bi":0,"bd":3,"ae":0.04,"c":{"steer":0,"gas":true,"brake":false,"drift":false,"boost":false}}
dbg 3360 {"x":1829,"z":-1671,"v":5,"arr":[1868,-1678,40],"dest":[1867,-1661],"kind":"arrow","los":true,"rl":2,"bi":0,"bd":5,"ae":1.37,"c":{"steer":-1,"gas":true,"brake":false,"drift":false,"boost":false}}
dbg 3480 {"x":1833,"z":-1672,"v":25,"arr":[1804,-1701,40],"dest":[1820,-1709],"kind":"arrow","los":true,"rl":3,"bi":0,"bd":4,"ae":1.32,"c":{"steer":-1,"gas":true,"brake":false,"drift":false,"boost":false}}
dbg 3600 {"x":1834,"z":-1675,"v":8,"arr":[1820,-1638,40],"dest":[1809,-1644],"kind":"arrow","los":false,"rl":4,"bi":0,"bd":1,"ae":1.47,"c":{"steer":-1,"gas":true,"brake":false,"drift":false,"boost":false}}
dbg 3720 {"x":1825,"z":-1667,"v":-11,"arr":[1849,-1650,30],"dest":[1852,-1656],"kind":"arrow","los":false,"rl":3,"bi":0,"bd":11,"ae":1.38,"c":{"steer":1,"gas":true,"brake":false,"drift":false,"boost":false}}
dbg 3840 {"x":1823,"z":-1666,"v":8,"arr":[1842,-1643,30],"dest":[1852,-1656],"kind":"arrow","los":false,"rl":3,"bi":0,"bd":11,"ae":2.04,"c":{"steer":-1,"gas":true,"brake":false,"drift":false,"boost":false}}
dbg 3960 {"x":1816,"z":-1654,"v":44,"arr":[1846,-1655,30],"dest":[1846,-1655],"kind":"arrow","los":false,"rl":2,"bi":0,"bd":21,"ae":1.59,"c":{"steer":-1,"gas":true,"brake":false,"drift":false,"boost":false}}
dbg 4080 {"x":1831,"z":-1635,"v":36,"arr":[1638,-1212,465],"dest":[1638,-1212],"kind":"arrow","los":false,"rl":5,"bi":0,"bd":40,"ae":1.8,"c":{"steer":-1,"gas":true,"brake":false,"drift":false,"boost":false}}
dbg 4200 {"x":1854,"z":-1638,"v":48,"arr":[1602,-1219,489],"dest":[1613,-1217],"kind":"arrow","los":false,"rl":5,"bi":0,"bd":35,"ae":1.83,"c":{"steer":-1,"gas":true,"brake":false,"drift":false,"boost":false}}
dbg 4320 {"x":1882,"z":-1636,"v":50,"arr":[1567,-1226,517],"dest":[1586,-1222],"kind":"arrow","los":false,"rl":6,"bi":0,"bd":32,"ae":1.77,"c":{"steer":-1,"gas":true,"brake":false,"drift":false,"boost":false}}
dbg 4440 {"x":1904,"z":-1650,"v":49,"arr":[1532,-1234,558],"dest":[1537,-1232],"kind":"arrow","los":false,"rl":5,"bi":0,"bd":17,"ae":1.88,"c":{"steer":-1,"gas":false,"brake":true,"drift":false,"boost":false}}
dbg 4560 {"x":1891,"z":-1666,"v":55,"arr":[1133,-1721,760],"dest":[1133,-1721],"kind":"arrow","los":false,"rl":11,"bi":0,"bd":5,"ae":0.03,"c":{"steer":0,"gas":true,"brake":false,"drift":false,"boost":true}}
dbg 4680 {"x":1842,"z":-1653,"v":97,"arr":[1874,-1615,50],"dest":[1887,-1598],"kind":"arrow","los":false,"rl":3,"bi":0,"bd":28,"ae":1.45,"c":{"steer":-1,"gas":false,"brake":true,"drift":false,"boost":false}}
dbg 4800 {"x":1820,"z":-1632,"v":15,"arr":[1427,-1248,549],"dest":[1450,-1250],"kind":"arrow","los":false,"rl":5,"bi":0,"bd":45,"ae":-2.02,"c":{"steer":1,"gas":true,"brake":false,"drift":false,"boost":false}}
dbg 4920 {"x":1806,"z":-1619,"v":44,"arr":[1098,-1441,730],"dest":[1098,-1441],"kind":"arrow","los":false,"rl":8,"bi":0,"bd":27,"ae":0.95,"c":{"steer":-1,"gas":true,"brake":false,"drift":false,"boost":false}}
dbg 5040 {"x":1789,"z":-1618,"v":2,"arr":[1382,-1012,730],"dest":[1382,-1012],"kind":"arrow","los":false,"rl":10,"bi":0,"bd":14,"ae":0.6,"c":{"steer":-1,"gas":true,"brake":false,"drift":false,"boost":false}}
dbg 5160 {"x":1786,"z":-1605,"v":46,"arr":[1746,-836,770],"dest":[1745,-837],"kind":"arrow","los":false,"rl":10,"bi":0,"bd":9,"ae":-0.05,"c":{"steer":0,"gas":true,"brake":false,"drift":false,"boost":false}}
dbg 5280 {"x":1778,"z":-1560,"v":95,"arr":[1578,-858,730],"dest":[1578,-858],"kind":"arrow","los":false,"rl":12,"bi":0,"bd":10,"ae":0.03,"c":{"steer":0,"gas":true,"brake":true,"drift":false,"boost":false}}
dbg 5400 {"x":1766,"z":-1511,"v":95,"arr":[1642,-781,740],"dest":[1632,-792],"kind":"arrow","los":false,"rl":15,"bi":0,"bd":26,"ae":-0.07,"c":{"steer":0,"gas":true,"brake":false,"drift":false,"boost":false}}
dbg 5520 {"x":1760,"z":-1468,"v":82,"arr":[1612,-794,690],"dest":[1609,-789],"kind":"arrow","los":false,"rl":15,"bi":0,"bd":12,"ae":0.03,"c":{"steer":0,"gas":true,"brake":false,"drift":false,"boost":false}}
dbg 5640 {"x":1750,"z":-1420,"v":94,"arr":[1595,-717,720],"dest":[1595,-719],"kind":"arrow","los":false,"rl":14,"bi":0,"bd":28,"ae":0,"c":{"steer":0,"gas":true,"brake":false,"drift":false,"boost":false}}
dbg 5760 {"x":1738,"z":-1376,"v":78,"arr":[1519,-690,720],"dest":[1519,-690],"kind":"arrow","los":false,"rl":10,"bi":0,"bd":18,"ae":0,"c":{"steer":0,"gas":true,"brake":true,"drift":false,"boost":false}}
dbg 5880 {"x":1719,"z":-1327,"v":114,"arr":[1625,-1385,110],"dest":[1626,-1386],"kind":"arrow","los":false,"rl":3,"bi":0,"bd":2,"ae":-1.7,"c":{"steer":1,"gas":false,"brake":true,"drift":false,"boost":false}}
dbg 6000 {"x":1701,"z":-1306,"v":28,"arr":[1612,-1293,90],"dest":[1609,-1302],"kind":"arrow","los":false,"rl":4,"bi":0,"bd":15,"ae":2.29,"c":{"steer":-1,"gas":true,"brake":false,"drift":true,"boost":false}}
dbg 6120 {"x":1698,"z":-1284,"v":35,"arr":[1660,-1343,70],"dest":[1643,-1327],"kind":"arrow","los":false,"rl":4,"bi":0,"bd":13,"ae":-2.87,"c":{"steer":1,"gas":true,"brake":false,"drift":false,"boost":false}}
dbg 6240 {"x":1679,"z":-1292,"v":44,"arr":[1141,-1362,542],"dest":[1146,-1355],"kind":"arrow","los":false,"rl":6,"bi":0,"bd":32,"ae":-2.64,"c":{"steer":1,"gas":true,"brake":false,"drift":false,"boost":false}}
dbg 6360 {"x":1685,"z":-1314,"v":41,"arr":[1121,-1391,570],"dest":[1131,-1377],"kind":"arrow","los":false,"rl":7,"bi":0,"bd":23,"ae":-0.32,"c":{"steer":1,"gas":true,"brake":false,"drift":false,"boost":false}}
dbg 6480 {"x":1704,"z":-1322,"v":46,"arr":[1698,-1314,10],"dest":[1712,-1302],"kind":"arrow","los":true,"rl":4,"bi":0,"bd":15,"ae":-0.69,"c":{"steer":1,"gas":false,"brake":false,"drift":false,"boost":false}}
dbg 6600 {"x":1705,"z":-1292,"v":86,"arr":[1626,-1301,80],"dest":[1626,-1307],"kind":"arrow","los":true,"rl":4,"bi":0,"bd":7,"ae":-1.63,"c":{"steer":1,"gas":false,"brake":true,"drift":false,"boost":true}}
dbg 6720 {"x":1681,"z":-1251,"v":61,"arr":[1675,-1280,30],"dest":[1656,-1296],"kind":"arrow","los":false,"rl":4,"bi":0,"bd":34,"ae":-2.65,"c":{"steer":1,"gas":false,"brake":true,"drift":false,"boost":false}}
dbg 6840 {"x":1662,"z":-1262,"v":50,"arr":[1040,-1511,670],"dest":[1040,-1511],"kind":"arrow","los":false,"rl":6,"bi":0,"bd":42,"ae":-2.2,"c":{"steer":1,"gas":false,"brake":true,"drift":false,"boost":false}}
dbg 6960 {"x":1662,"z":-1266,"v":0,"arr":[1020,-1540,698],"dest":[1026,-1532],"kind":"arrow","los":false,"rl":6,"bi":0,"bd":45,"ae":-2,"c":{"steer":-1,"gas":true,"brake":false,"drift":false,"boost":false}}
dbg 7080 {"x":1664,"z":-1281,"v":48,"arr":[1000,-1570,724],"dest":[1012,-1553],"kind":"arrow","los":false,"rl":7,"bi":0,"bd":50,"ae":-2.13,"c":{"steer":1,"gas":true,"brake":false,"drift":false,"boost":false}}
dbg 7200 {"x":1683,"z":-1294,"v":42,"arr":[977,-1604,771],"dest":[983,-1596],"kind":"arrow","los":false,"rl":6,"bi":0,"bd":33,"ae":0.04,"c":{"steer":0,"gas":true,"brake":false,"drift":false,"boost":false}}
dbg 7320 {"x":1696,"z":-1278,"v":46,"arr":[1638,-1295,60],"dest":[1627,-1276],"kind":"arrow","los":false,"rl":5,"bi":0,"bd":12,"ae":0.2,"c":{"steer":-1,"gas":true,"brake":false,"drift":false,"boost":false}}
dbg 7440 {"x":1686,"z":-1236,"v":118,"arr":[1669,-1247,20],"dest":[1656,-1262],"kind":"arrow","los":true,"rl":5,"bi":0,"bd":15,"ae":-1.74,"c":{"steer":1,"gas":false,"brake":true,"drift":false,"boost":false}}
dbg 7560 {"x":1696,"z":-1248,"v":-16,"arr":[1698,-1268,20],"dest":[1682,-1264],"kind":"arrow","los":false,"rl":3,"bi":0,"bd":8,"ae":-0.98,"c":{"steer":-1,"gas":true,"brake":false,"drift":false,"boost":false}}
dbg 7680 {"x":1691,"z":-1253,"v":40,"arr":[1720,-1263,30],"dest":[1707,-1265],"kind":"arrow","los":true,"rl":2,"bi":0,"bd":12,"ae":-1.35,"c":{"steer":1,"gas":true,"brake":false,"drift":false,"boost":false}}
dbg 7800 {"x":1704,"z":-1266,"v":51,"arr":[1697,-1237,30],"dest":[1711,-1240],"kind":"arrow","los":true,"rl":3,"bi":0,"bd":12,"ae":-1.2,"c":{"steer":1,"gas":false,"brake":false,"drift":false,"boost":false}}
dbg 7920 {"x":1710,"z":-1247,"v":46,"arr":[1687,-1268,30],"dest":[1686,-1245],"kind":"arrow","los":true,"rl":3,"bi":1,"bd":14,"ae":-0.93,"c":{"steer":1,"gas":false,"brake":false,"drift":false,"boost":false}}
dbg 8040 {"x":1704,"z":-1248,"v":25,"arr":[1733,-1255,30],"dest":[1720,-1271],"kind":"arrow","los":true,"rl":2,"bi":0,"bd":2,"ae":-1.02,"c":{"steer":1,"gas":true,"brake":false,"drift":false,"boost":false}}
dbg 8160 {"x":1710,"z":-1253,"v":34,"arr":[1707,-1223,30],"dest":[1721,-1226],"kind":"arrow","los":true,"rl":3,"bi":0,"bd":8,"ae":-1.26,"c":{"steer":1,"gas":true,"brake":false,"drift":false,"boost":false}}
dbg 8280 {"x":1719,"z":-1235,"v":48,"arr":[1702,-1246,20],"dest":[1695,-1228],"kind":"arrow","los":true,"rl":3,"bi":0,"bd":17,"ae":-0.81,"c":{"steer":1,"gas":true,"brake":false,"drift":false,"boost":false}}
dbg 8400 {"x":1702,"z":-1224,"v":32,"arr":null,"dest":[2014,-767],"kind":"wander","los":false,"rl":10,"bi":0,"bd":10,"ae":1.01,"c":{"steer":-1,"gas":true,"brake":false,"drift":false,"boost":false}}
dbg 8520 {"x":1696,"z":-1214,"v":7,"arr":[1686,-1213,10],"dest":[1679,-1204],"kind":"arrow","los":true,"rl":3,"bi":0,"bd":2,"ae":-0.96,"c":{"steer":1,"gas":true,"brake":false,"drift":false,"boost":false}}
dbg 8640 {"x":1681,"z":-1214,"v":54,"arr":[535,-1928,1350],"dest":[535,-1928],"kind":"arrow","los":false,"rl":10,"bi":0,"bd":12,"ae":0.36,"c":{"steer":-1,"gas":true,"brake":false,"drift":false,"boost":false}}
dbg 8760 {"x":1640,"z":-1221,"v":100,"arr":[303,-1517,1370],"dest":[294,-1518],"kind":"arrow","los":false,"rl":10,"bi":0,"bd":18,"ae":0.09,"c":{"steer":0,"gas":true,"brake":false,"drift":false,"boost":true}}
dbg 8880 {"x":1576,"z":-1228,"v":128,"arr":[1461,-1148,140],"dest":[1466,-1132],"kind":"arrow","los":false,"rl":4,"bi":0,"bd":17,"ae":-0.06,"c":{"steer":0,"gas":true,"brake":false,"drift":false,"boost":false}}
dbg 9000 {"x":1502,"z":-1243,"v":147,"arr":[1443,-1204,70],"dest":[1450,-1181],"kind":"arrow","los":false,"rl":5,"bi":0,"bd":29,"ae":0.06,"c":{"steer":0,"gas":true,"brake":false,"drift":false,"boost":false}}
dbg 9120 {"x":1457,"z":-1237,"v":43,"arr":[1471,-1210,30],"dest":[1448,-1211],"kind":"arrow","los":false,"rl":2,"bi":1,"bd":13,"ae":0.13,"c":{"steer":0,"gas":true,"brake":false,"drift":false,"boost":false}}
dbg 9240 {"x":1456,"z":-1233,"v":19,"arr":[1463,-1215,20],"dest":[1448,-1211],"kind":"arrow","los":false,"rl":2,"bi":1,"bd":16,"ae":0.05,"c":{"steer":0,"gas":true,"brake":false,"drift":false,"boost":false}}
dbg 9360 {"x":1454,"z":-1232,"v":13,"arr":null,"dest":[1448,-1211],"kind":"arrow","los":false,"rl":2,"bi":1,"bd":18,"ae":1.07,"c":{"steer":-1,"gas":true,"brake":false,"drift":false,"boost":false}}
dbg 9480 {"x":1441,"z":-1232,"v":-10,"arr":null,"dest":[168,-809],"kind":"arrow","los":false,"rl":13,"bi":0,"bd":21,"ae":0.15,"c":{"steer":1,"gas":true,"brake":false,"drift":false,"boost":false}}
dbg 9600 {"x":1440,"z":-1232,"v":2,"arr":[410,-283,1400],"dest":[410,-283],"kind":"arrow","los":false,"rl":10,"bi":0,"bd":21,"ae":-2.03,"c":{"steer":-1,"gas":true,"brake":false,"drift":false,"boost":false}}
dbg 9720 {"x":1443,"z":-1226,"v":34,"arr":null,"dest":[2203,-53],"kind":"arrow","los":false,"rl":10,"bi":0,"bd":25,"ae":0.78,"c":{"steer":-1,"gas":true,"brake":false,"drift":false,"boost":false}}
dbg 9840 {"x":1448,"z":-1220,"v":34,"arr":[1175,-2315,1129],"dest":[1171,-2309],"kind":"arrow","los":false,"rl":10,"bi":0,"bd":31,"ae":2.43,"c":{"steer":-1,"gas":true,"brake":false,"drift":false,"boost":false}}
dbg 9960 {"x":1473,"z":-1218,"v":39,"arr":[1483,-1256,40],"dest":[1488,-1252],"kind":"arrow","los":false,"rl":2,"bi":0,"bd":29,"ae":0.8,"c":{"steer":-1,"gas":true,"brake":true,"drift":false,"boost":false}}
dbg 10080 {"x":1494,"z":-1222,"v":47,"arr":[1509,-1259,40],"dest":[1514,-1241],"kind":"arrow","los":true,"rl":3,"bi":1,"bd":26,"ae":0.46,"c":{"steer":-1,"gas":true,"brake":false,"drift":false,"boost":false}}
dbg 10200 {"x":1504,"z":-1244,"v":42,"arr":[1437,-1265,70],"dest":[1444,-1277],"kind":"arrow","los":false,"rl":3,"bi":0,"bd":4,"ae":0.8,"c":{"steer":-1,"gas":true,"brake":false,"drift":false,"boost":false}}
dbg 10320 {"x":1484,"z":-1247,"v":45,"arr":[1491,-1208,40],"dest":[1478,-1212],"kind":"arrow","los":false,"rl":2,"bi":1,"bd":6,"ae":0.62,"c":{"steer":-1,"gas":true,"brake":false,"drift":false,"boost":false}}
dbg 10440 {"x":1496,"z":-1228,"v":53,"arr":[1531,-1249,40],"dest":[1526,-1226],"kind":"arrow","los":true,"rl":2,"bi":0,"bd":24,"ae":0.33,"c":{"steer":-1,"gas":false,"brake":false,"drift":false,"boost":false}}
dbg 10560 {"x":1509,"z":-1244,"v":53,"arr":[1450,-1280,70],"dest":[1450,-1280],"kind":"arrow","los":false,"rl":2,"bi":0,"bd":4,"ae":0.95,"c":{"steer":-1,"gas":false,"brake":true,"drift":false,"boost":false}}
dbg 10680 {"x":1490,"z":-1249,"v":37,"arr":[1488,-1199,50],"dest":[1482,-1190],"kind":"arrow","los":false,"rl":2,"bi":1,"bd":8,"ae":1.01,"c":{"steer":-1,"gas":true,"brake":false,"drift":false,"boost":false}}
dbg 10800 {"x":1498,"z":-1229,"v":52,"arr":[1535,-1244,40],"dest":[1527,-1222],"kind":"arrow","los":true,"rl":2,"bi":0,"bd":24,"ae":0.34,"c":{"steer":-1,"gas":true,"brake":false,"drift":false,"boost":false}}
dbg 10920 {"x":1515,"z":-1242,"v":42,"arr":[1462,-1288,70],"dest":[1473,-1296],"kind":"arrow","los":false,"rl":3,"bi":0,"bd":8,"ae":0.96,"c":{"steer":-1,"gas":true,"brake":true,"drift":false,"boost":false}}
dbg 11040 {"x":1497,"z":-1247,"v":34,"arr":[1486,-1188,60],"dest":[1486,-1188],"kind":"arrow","los":false,"rl":2,"bi":1,"bd":8,"ae":1,"c":{"steer":-1,"gas":true,"brake":false,"drift":false,"boost":false}}
dbg 11160 {"x":1502,"z":-1231,"v":52,"arr":[1568,-1252,70],"dest":[1568,-1252],"kind":"arrow","los":false,"rl":3,"bi":0,"bd":10,"ae":1,"c":{"steer":-1,"gas":false,"brake":true,"drift":false,"boost":false}}
dbg 11280 {"x":1518,"z":-1243,"v":42,"arr":[1466,-1290,70],"dest":[1483,-1300],"kind":"arrow","los":false,"rl":3,"bi":0,"bd":11,"ae":0.83,"c":{"steer":-1,"gas":true,"brake":true,"drift":false,"boost":false}}
dbg 11400 {"x":1499,"z":-1251,"v":34,"arr":[1486,-1193,60],"dest":[1471,-1189],"kind":"arrow","los":false,"rl":2,"bi":0,"bd":15,"ae":0.89,"c":{"steer":-1,"gas":true,"brake":false,"drift":false,"boost":false}}
dbg 11520 {"x":1495,"z":-1245,"v":7,"arr":[1554,-1258,60],"dest":[1555,-1239],"kind":"arrow","los":true,"rl":3,"bi":0,"bd":13,"ae":0.67,"c":{"steer":-1,"gas":true,"brake":false,"drift":false,"boost":false}}
dbg 11640 {"x":1513,"z":-1248,"v":53,"arr":[1571,-1287,70],"dest":[1571,-1287],"kind":"arrow","los":false,"rl":3,"bi":0,"bd":10,"ae":0.57,"c":{"steer":-1,"gas":true,"brake":false,"drift":false,"boost":false}}
dbg 11760 {"x":1528,"z":-1249,"v":3,"arr":[3475,-2207,2170],"dest":[3475,-2207],"kind":"arrow","los":false,"rl":19,"bi":0,"bd":19,"ae":-0.56,"c":{"steer":-1,"gas":true,"brake":false,"drift":false,"boost":false}}
dbg 11880 {"x":1532,"z":-1261,"v":46,"arr":[1141,-3395,2170],"dest":[1141,-3395],"kind":"arrow","los":false,"rl":25,"bi":0,"bd":27,"ae":1.54,"c":{"steer":-1,"gas":true,"brake":false,"drift":false,"boost":false}}
dbg 12000 {"x":1525,"z":-1270,"v":12,"arr":[1521,-2806,1536],"dest":[1508,-2793],"kind":"arrow","los":false,"rl":19,"bi":0,"bd":39,"ae":2.69,"c":{"steer":-1,"gas":true,"brake":false,"drift":false,"boost":false}}
dbg 12120 {"x":1525,"z":-1286,"v":48,"arr":[1538,-2821,1535],"dest":[1528,-2811],"kind":"arrow","los":false,"rl":18,"bi":0,"bd":48,"ae":2.61,"c":{"steer":-1,"gas":true,"brake":false,"drift":false,"boost":false}}
dbg 12240 {"x":1505,"z":-1285,"v":50,"arr":[1553,-2836,1552],"dest":[1546,-2829],"kind":"arrow","los":false,"rl":18,"bi":0,"bd":48,"ae":1.02,"c":{"steer":-1,"gas":true,"brake":false,"drift":false,"boost":false}}
dbg 12360 {"x":1495,"z":-1260,"v":51,"arr":[1545,-1227,60],"dest":[1528,-1220],"kind":"arrow","los":true,"rl":2,"bi":0,"bd":26,"ae":0.75,"c":{"steer":-1,"gas":false,"brake":true,"drift":false,"boost":false}}
dbg 12480 {"x":1513,"z":-1248,"v":51,"arr":[1561,-1299,70],"dest":[1566,-1286],"kind":"arrow","los":false,"rl":3,"bi":0,"bd":10,"ae":0.89,"c":{"steer":-1,"gas":true,"brake":false,"drift":false,"boost":false}}
dbg 12600 {"x":1529,"z":-1250,"v":3,"arr":[1588,-1288,70],"dest":[1576,-1298],"kind":"arrow","los":false,"rl":6,"bi":0,"bd":19,"ae":-0.07,"c":{"steer":0,"gas":true,"brake":false,"drift":false,"boost":true}}
dbg 12720 {"x":1529,"z":-1247,"v":24,"arr":[669,951,2360],"dest":[669,951],"kind":"arrow","los":false,"rl":2,"bi":0,"bd":1,"ae":-0.22,"c":{"steer":1,"gas":true,"brake":false,"drift":false,"boost":false}}
dbg 12840 {"x":1514,"z":-1231,"v":33,"arr":[1566,-1169,80],"dest":[1559,-1165],"kind":"arrow","los":false,"rl":3,"bi":0,"bd":10,"ae":0.9,"c":{"steer":-1,"gas":true,"brake":false,"drift":false,"boost":false}}
dbg 12960 {"x":1532,"z":-1220,"v":-15,"arr":[3902,-1232,2370],"dest":[3902,-1232],"kind":"arrow","los":false,"rl":16,"bi":0,"bd":14,"ae":-0.05,"c":{"steer":0,"gas":true,"brake":false,"drift":false,"boost":false}}
dbg 13080 {"x":1540,"z":-1219,"v":41,"arr":[3886,-884,2370],"dest":[3882,-867],"kind":"arrow","los":false,"rl":14,"bi":0,"bd":13,"ae":0.05,"c":{"steer":0,"gas":true,"brake":false,"drift":false,"boost":false}}
dbg 13200 {"x":1573,"z":-1215,"v":54,"arr":[1679,-2829,1617],"dest":[1675,-2825],"kind":"arrow","los":false,"rl":20,"bi":0,"bd":11,"ae":2.86,"c":{"steer":-1,"gas":false,"brake":true,"drift":false,"boost":false}}
dbg 13320 {"x":1578,"z":-1234,"v":37,"arr":[1695,-2841,1611],"dest":[1695,-2841],"kind":"arrow","los":false,"rl":20,"bi":0,"bd":9,"ae":0.9,"c":{"steer":-1,"gas":true,"brake":true,"drift":false,"boost":false}}
dbg 13440 {"x":1546,"z":-1238,"v":94,"arr":[1473,-1170,100],"dest":[1486,-1169],"kind":"arrow","los":false,"rl":5,"bi":0,"bd":21,"ae":-0.13,"c":{"steer":1,"gas":true,"brake":false,"drift":false,"boost":true}}
dbg 13560 {"x":1483,"z":-1247,"v":108,"arr":[1674,-1096,243],"dest":[1674,-1096],"kind":"arrow","los":false,"rl":4,"bi":0,"bd":19,"ae":2.93,"c":{"steer":-1,"gas":false,"brake":true,"drift":false,"boost":false}}
dbg 13680 {"x":1454,"z":-1234,"v":-27,"arr":[1673,-1096,259],"dest":[1674,-1096],"kind":"arrow","los":false,"rl":4,"bi":0,"bd":21,"ae":1.6,"c":{"steer":1,"gas":true,"brake":false,"drift":false,"boost":false}}
dbg 13800 {"x":1457,"z":-1233,"v":30,"arr":[1674,-1096,257],"dest":[1674,-1096],"kind":"arrow","los":false,"rl":4,"bi":0,"bd":20,"ae":0.96,"c":{"steer":-1,"gas":true,"brake":false,"drift":false,"boost":false}}
dbg 13920 {"x":1471,"z":-1228,"v":3,"arr":[1673,-1096,242],"dest":[1674,-1096],"kind":"arrow","los":false,"rl":4,"bi":0,"bd":18,"ae":-0.18,"c":{"steer":-1,"gas":true,"brake":false,"drift":false,"boost":false}}
dbg 14040 {"x":1474,"z":-1231,"v":25,"arr":[1673,-1096,241],"dest":[1674,-1096],"kind":"arrow","los":false,"rl":4,"bi":0,"bd":15,"ae":-1.26,"c":{"steer":1,"gas":true,"brake":false,"drift":false,"boost":false}}
dbg 14160 {"x":1496,"z":-1233,"v":62,"arr":[1674,-1096,224],"dest":[1674,-1096],"kind":"arrow","los":false,"rl":4,"bi":0,"bd":14,"ae":0.22,"c":{"steer":-1,"gas":true,"brake":false,"drift":false,"boost":true}}
dbg 14280 {"x":1549,"z":-1221,"v":101,"arr":[1673,-1096,176],"dest":[1674,-1096],"kind":"arrow","los":false,"rl":4,"bi":0,"bd":12,"ae":0.05,"c":{"steer":0,"gas":true,"brake":false,"drift":false,"boost":false}}
phone ath {"min":4.02,"hits":33,"kinds":{"traffic":13,"wall":19,"other":1},"wallHits":19,"wallPerMin":4.73,"hitsPerMin":8.22,"bigDrop":25,"stuckPct":0,"avgKmh":41.8,"loads":0,"loadsPerMin":0,"camInsidePct":0,"camInside":[],"smashPerMin":35.4,"traffic120m":12.4,"missions":[{"f":3666,"start":"Koulouri Rush"},{"f":14191,"end":"KOULOURI RUSH★★★THE VAN ESCAPEDNo stars this time · try agai"}],"stuckEp":[],"worst":[{"ctx":"GO!","f":12101,"v0":48,"v1":4,"drop":0.92,"kind":"traffic","x":1495,"z":-1245,"dy":0},{"ctx":"GO!","f":3992,"v0":35,"v1":3,"drop":0.91,"kind":"traffic","x":1834,"z":-1675,"dy":0},{"ctx":"AKROPOLIS CUP","f":1024,"v0":42,"v1":5,"drop":0.89,"kind":"traffic","x":2011,"z":-1650,"dy":0},{"ctx":"GO!","f":8582,"v0":45,"v1":5,"drop":0.88,"kind":"traffic","x":1707,"z":-1245,"dy":0},{"ctx":"🦘 RAMP JUMP","f":2426,"v0":99,"v1":27,"drop":0.73,"kind":"wall","x":1968,"z":-1626,"dy":0.1}],"monErr":null,"wallList":[{"ctx":"🦘 RAMP JUMP","f":1550,"v0":49,"v1":27,"drop":0.45,"kind":"wall","x":1973,"z":-1628,"dy":0},{"ctx":"🦘 RAMP JUMP","f":1732,"v0":82,"v1":24,"drop":0.71,"kind":"wall","x":2016,"z":-1629,"dy":-0.1},{"ctx":"🦘 RAMP JUMP","f":2426,"v0":99,"v1":27,"drop":0.73,"kind":"wall","x":1968,"z":-1626,"dy":0.1},{"ctx":"🦘 RAMP JUMP","f":2714,"v0":61,"v1":42,"drop":0.31,"kind":"wall","x":1945,"z":-1629,"dy":0},{"ctx":"GO!","f":4192,"v0":50,"v1":17,"drop":0.65,"kind":"wall","x":1824,"z":-1666,"dy":0},{"ctx":"GO!","f":4639,"v0":50,"v1":36,"drop":0.28,"kind":"wall","x":1845,"z":-1638,"dy":0},{"ctx":"GO!","f":5279,"v0":36,"v1":19,"drop":0.46,"kind":"wall","x":1820,"z":-1632,"dy":0},{"ctx":"GO!","f":7354,"v0":38,"v1":17,"drop":0.57,"kind":"wall","x":1663,"z":-1266,"dy":0},{"ctx":"GO!","f":9786,"v0":51,"v1":17,"drop":0.66,"kind":"wall","x":1456,"z":-1232,"dy":0},{"ctx":"GO!","f":9898,"v0":24,"v1":12,"drop":0.5,"kind":"wall","x":1456,"z":-1232,"dy":0},{"ctx":"GO!","f":10108,"v0":41,"v1":15,"drop":0.63,"kind":"wall","x":1440,"z":-1232,"dy":0},{"ctx":"GO!","f":10381,"v0":40,"v1":15,"drop":0.63,"kind":"wall","x":1445,"z":-1224,"dy":0},{"ctx":"GO!","f":10628,"v0":32,"v1":18,"drop":0.44,"kind":"wall","x":1475,"z":-1220,"dy":0},{"ctx":"GO!","f":12386,"v0":41,"v1":15,"drop":0.63,"kind":"wall","x":1529,"z":-1249,"dy":0},{"ctx":"GO!","f":12575,"v0":50,"v1":32,"drop":0.36,"kind":"wall","x":1529,"z":-1268,"dy":0},{"ctx":"GO!","f":12796,"v0":50,"v1":29,"drop":0.41,"kind":"wall","x":1524,"z":-1289,"dy":0},{"ctx":"GO!","f":13227,"v0":48,"v1":17,"drop":0.64,"kind":"wall","x":1529,"z":-1250,"dy":0},{"ctx":"GO!","f":13612,"v0":64,"v1":20,"drop":0.69,"kind":"wall","x":1532,"z":-1220,"dy":0},{"ctx":"THE VAN ESCAPED","f":14542,"v0":57,"v1":18,"drop":0.67,"kind":"wall","x":1472,"z":-1228,"dy":0}],"rot":{"steps":[],"ctl":{"◀":"ok","▶":"ok","GAS":"ok","BRAKE":"ok","BOOST":"ok","DRIFT":"hidden"},"stuck":[],"vp":[852,393,424,196]},"scale":{"pedH":1.76,"carL":4.63,"carH":1.56,"player":{"h":1.89,"l":4.7,"w":2.42},"pedRel":0.95,"pedVsPlayer":0.94,"nPed":8,"nCar":8},"road":{"roadPts":450,"blocked":0,"pct":0,"colliders":0,"sample":[]},"roadEnd":{"roadPts":592,"blocked":0,"pct":0,"colliders":0,"sample":[]},"overlap":[],"hudOverlap":["#roamPlate×#tuG","#hitPop×#odPin","#wrongWay×#odPin","#npcSay×#juPop"],"tiny":[],"extra":{"map":{"opened":false,"drag":null,"pinch":null},"pause":{"tP_settings":false,"opts":[],"opened":true,"frozen":true,"resumed":true},"garage":{"pause":false,"btn":false,"back":true},"otg":null},"events":["next@786","next@1392","next@2016","next@13536","next@14142"],"perf":{"calls":149,"tris":1128376,"jsMs":0,"geoms":3989,"tex":119},"mem":[{"f":0,"totMB":584.3,"geoms":3899,"tex":99,"sceneGeo":4546,"geoMB":238,"cpuGeoMB":83.8,"heap":188.3},{"f":600,"totMB":586,"geoms":3899,"tex":99,"sceneGeo":4547,"geoMB":238,"cpuGeoMB":83.8,"heap":189.1},{"f":1200,"totMB":587.1,"geoms":3899,"tex":99,"sceneGeo":4551,"geoMB":238,"cpuGeoMB":83.8,"heap":190.2},{"f":1800,"totMB":588.7,"geoms":3899,"tex":99,"sceneGeo":4548,"geoMB":238,"cpuGeoMB":83.8,"heap":191.4},{"f":2400,"totMB":588.8,"geoms":3899,"tex":99,"sceneGeo":4548,"geoMB":238,"cpuGeoMB":83.8,"heap":191.4},{"f":3000,"totMB":593.9,"geoms":3899,"tex":99,"sceneGeo":4563,"geoMB":242.7,"cpuGeoMB":88.5,"heap":192},{"f":3600,"totMB":595.9,"geoms":3899,"tex":99,"sceneGeo":4570,"geoMB":244.3,"cpuGeoMB":90.1,"heap":192.4},{"f":4200,"totMB":596.4,"geoms":3899,"tex":99,"sceneGeo":4570,"geoMB":244.3,"cpuGeoMB":90.1,"heap":192.7},{"f":4800,"totMB":596.7,"geoms":3899,"tex":99,"sceneGeo":4570,"geoMB":244.3,"cpuGeoMB":90.1,"heap":192.9},{"f":5400,"totMB":597.4,"geoms":3899,"tex":99,"sceneGeo":4575,"geoMB":244.8,"cpuGeoMB":90.6,"heap":193.1},{"f":6000,"totMB":465.9,"geoms":3899,"tex":99,"sceneGeo":4580,"geoMB":246.7,"cpuGeoMB":92.5,"heap":156.9},{"f":6600,"totMB":466,"geoms":3899,"tex":99,"sceneGeo":4580,"geoMB":246.7,"cpuGeoMB":92.5,"heap":157},{"f":7200,"totMB":466.6,"geoms":3899,"tex":99,"sceneGeo":4585,"geoMB":247.2,"cpuGeoMB":93,"heap":157.1},{"f":7800,"totMB":467.3,"geoms":3899,"tex":99,"sceneGeo":4590,"geoMB":247.6,"cpuGeoMB":93.4,"heap":157.1},{"f":8400,"totMB":467.4,"geoms":3899,"tex":99,"sceneGeo":4590,"geoMB":247.6,"cpuGeoMB":93.4,"heap":157.3},{"f":9000,"totMB":468.1,"geoms":3899,"tex":99,"sceneGeo":4595,"geoMB":248,"cpuGeoMB":93.8,"heap":157.3},{"f":9600,"totMB":468.8,"geoms":3899,"tex":99,"sceneGeo":4600,"geoMB":248.6,"cpuGeoMB":94.4,"heap":157.4},{"f":10200,"totMB":469,"geoms":3899,"tex":99,"sceneGeo":4600,"geoMB":248.6,"cpuGeoMB":94.4,"heap":157.6},{"f":10800,"totMB":469,"geoms":3899,"tex":99,"sceneGeo":4600,"geoMB":248.6,"cpuGeoMB":94.4,"heap":157.7},{"f":11400,"totMB":469,"geoms":3899,"tex":99,"sceneGeo":4600,"geoMB":248.6,"cpuGeoMB":94.4,"heap":157.7},{"f":12000,"totMB":469.8,"geoms":3899,"tex":99,"sceneGeo":4600,"geoMB":248.6,"cpuGeoMB":94.4,"heap":157.9},{"f":12600,"totMB":469.5,"geoms":3899,"tex":99,"sceneGeo":4600,"geoMB":248.6,"cpuGeoMB":94.4,"heap":158},{"f":13200,"totMB":469.8,"geoms":3899,"tex":99,"sceneGeo":4600,"geoMB":248.6,"cpuGeoMB":94.4,"heap":158.1},{"f":13800,"totMB":469.5,"geoms":3899,"tex":99,"sceneGeo":4596,"geoMB":247.2,"cpuGeoMB":93.1,"heap":157.8}],"wallSec":188}
FAIL phone ath: wall/building hits ≤ 1/min · {"wallPerMin":4.73,"bigDrop":25,"hits":33}
PASS phone ath: stuck ≤ 3 % · {"stuckPct":0}
PASS phone ath: the page never reloads while playing · {"reloads":0,"events":[]}
PASS phone ath: no loading screens while driving · {"loads":0}
PASS phone ath: pedestrians ≤ 1.2× adult scale vs cars · {"pedH":1.76,"carL":4.63,"carH":1.56,"player":{"h":1.89,"l":4.7,"w":2.42},"pedRel":0.95,"pedVsPlayer":0.94,"nPed":8,"nCar":8}
PASS phone: after 3 rotations every touch control answers, nothing latched · {"steps":[],"ctl":{"◀":"ok","▶":"ok","GAS":"ok","BRAKE":"ok","BOOST":"ok","DRIFT":"hidden"},"stuck":[],"vp":[852,393,424,196]}
PASS phone ath: no HUD text under 12 px · []
PASS phone ath: no HUD element over a touch control · []
PASS phone ath: no collider on the paved road (invisible walls / oversize hulls) · {"pts":1042,"start":0,"end":0,"ex":[]}
PASS phone ath: chase camera inside a building ≤ 2 % of frames · {"camInsidePct":0,"ex":[]}
PASS phone ath: no memory leak while driving (2nd-half trend ≤ 4 MB/min heap and GPU geometry, ≤ 6 MB/min incl. buffers) · {"heapMBperMin":0.54,"totMBperMin":1.64,"geoMBperMin":0.4,"geomsPerMin":0,"first":{"f":0,"totMB":584.3,"geoms":3899,"tex":99,"sceneGeo":4546,"geoMB":238,"cpuGeoMB":83.8,"heap":188.3},"last":{"f":13800,"totMB":469.5,"geoms":3899,"tex":99,"sceneGeo":4596,"geoMB":247.2,"cpuGeoMB":93.1,"heap":157.8}}
FAIL phone ath: JS heap ≤ 100 MB while driving · {"lastAvgMB":158,"peakMB":193.1}
PASS phone ath: monitor ran · null
PASS phone: zero console / page errors · []
TPLAY FAIL 2 · 188 s · qa_dbg_ath/tPlay.json
