desk_fra drive1 {"m":61,"v":0,"btn":"exit","canExit":true}
desk_fra layout_car {"ctl":[],"n":0,"ov":[],"tiny":["SMALL:11px:KM/H"]}
PASS desk_fra EXIT offered when stopped · {"btn":"exit","idle":0.75,"why":"{\"st\":\"roam\",\"on\":true,\"fr\":false,\"air\":null,\"ch\":true,\"sp\":false,\"card\":false,\"map\":false,\"story\":false,\"cs\":null,\"boat\":false,\"v\":0}"}
PASS desk_fra EXIT → on foot · {"state":"walk"}
desk_fra scale {"fig":1.8,"peds":[1.76,1.77,1.76,1.74,1.77,1.73],"figH":1.8,"calls":171,"callsCar":168}
PASS desk_fra minifig 1.75–1.85 m · 1.8
PASS desk_fra peds near 1.8–2.0 m · [1.76,1.77,1.76,1.74,1.77,1.73]
desk_fra zone {"z":[0,0,0,0],"ring":[0,0,0],"hit":"c","hh":"<canvas id=\"c\" data-engine=\"three.js r164\" width=\"313\" height=\"196\"></canvas>","par":"BODY<HTML","t":0}
desk_fra layout_foot {"ctl":[],"n":0,"ov":[],"tiny":[]}
PASS desk_fra ≤5 controls on foot · []
PASS desk_fra no HUD over controls · []
PASS desk_fra text ≥12 px · []
desk_fra desk_fra_j1_target {"x":1993.4868443861171,"z":7.92,"h":1.5707963267948966,"fx":1,"fz":6.123233995736766e-17,"cv":1.2,"d":7.972430993027704,"ah":5.415817968913643,"j":9,"k":0}
PASS desk_fra_j1 🚗 TAKE offered at a traffic car · {"btn":"take","near":{"k":"traf","x":2003.1,"z":7.9},"frames":36}
PASS desk_fra_j1 ≤5 controls, no HUD over them (TAKE) · []
PASS desk_fra_j1 button reads TAKE · "🚗 TAKE"
desk_fra desk_fra_j1_pull {"state":"jack","jack":{"t":0.67,"ph":"pull"},"flee":{"h":1.872,"hs":1.8,"s":1,"ph":"out","t":0.23,"d":0,"dc":1,"dp":0.9},"calls":167}
PASS desk_fra_j1 driver minifig 1.75–1.85 m standing, same scale as the walker (arms up ≤2.4 m) · {"h":1.872,"hs":1.8,"s":1,"ph":"out","t":0.23,"d":0,"dc":1,"dp":0.9}
PASS desk_fra_j1 jacked → driving the traffic car · {"state":"car","own":false,"taken":1,"log":["exit@1999,0","jack@1995,8","★+1:jack","enter:traf@1995,8"]}
PASS desk_fra_j1 +1 ★ · {"stars":1,"before":0}
desk_fra desk_fra_j1_flee {"flee":{"h":1.828,"hs":1.8,"s":1,"ph":"run","t":1.5,"d":1.7,"dc":4,"dp":4.2},"calls":171,"scr":{"w":0.261,"top":0.532},"bub":0}
PASS desk_fra_j1 driver ran off ≥3 m from the car · {"h":1.828,"hs":1.8,"s":1,"ph":"run","t":1.5,"d":1.7,"dc":4,"dp":4.2}
PASS desk_fra_j1 jack ≤20 s after EXIT · {"walkS":0.6}
PASS desk_fra_j1 drove 100 m in the stolen car · 100
PASS desk_fra_j1 tyre gap ≤0.05 m · 0.031
PASS desk_fra_j1 ★ chip visible · {"t":"★1","vis":true,"fs":"14px"}
desk_fra desk_fra_j1_drive {"m":100,"gap":0.031,"lowN":"inst:2304","scr":{"w":0.264,"top":0.525},"scr0":{"w":0.276,"top":0.494},"bc":{"cam":1.1188362115440997,"big":false,"W":2.1593538882801124,"L":4.307381392117506,"H":1.4122532584438674,"WB":2.496738004388368,"of":1},"calls":181,"callsCar0":168,"wall":[null,null]}
PASS desk_fra 0 console errors · []
desk_ath drive1 {"m":60,"v":0,"btn":"exit","canExit":true}
desk_ath layout_car {"ctl":[],"n":0,"ov":[],"tiny":["SMALL:11px:KM/H"]}
PASS desk_ath EXIT offered when stopped · {"btn":"exit","idle":0.75,"why":"{\"st\":\"roam\",\"on\":true,\"fr\":false,\"air\":null,\"ch\":false,\"sp\":false,\"card\":false,\"map\":false,\"story\":false,\"cs\":null,\"boat\":false,\"v\":0}"}
PASS desk_ath EXIT → on foot · {"state":"walk"}
desk_ath scale {"fig":1.8,"peds":[],"figH":1.8,"calls":151,"callsCar":153}
PASS desk_ath minifig 1.75–1.85 m · 1.8
PASS desk_ath peds near 1.8–2.0 m · []
desk_ath zone {"z":[0,0,0,0],"ring":[0,0,0],"hit":"c","hh":"<canvas id=\"c\" data-engine=\"three.js r164\" width=\"313\" height=\"196\"></canvas>","par":"BODY<HTML","t":0}
desk_ath layout_foot {"ctl":[],"n":0,"ov":[],"tiny":[]}
PASS desk_ath ≤5 controls on foot · []
PASS desk_ath no HUD over controls · []
PASS desk_ath text ≥12 px · []
desk_ath desk_ath_j1_target null
FAIL desk_ath_j1 🚗 TAKE offered at a traffic car · {"btn":"enter","near":{"k":"cur","x":2125,"z":-1709.9},"frames":360}
PASS desk_ath_j1 ≤5 controls, no HUD over them (TAKE) · []
FAIL desk_ath_j1 button reads TAKE · "🚪 ENTER"
desk_ath desk_ath_j1_pull {"state":"car","jack":null,"flee":null,"calls":150,"bub":null}
FAIL desk_ath_j1 driver minifig 1.75–1.85 m standing, same scale as the walker (arms up ≤2.4 m) · null
FAIL desk_ath_j1 jacked → driving the traffic car · {"state":"car","own":true,"taken":0,"log":["exit@2125,-1710","enter:cur@2125,-1710"]}
FAIL desk_ath_j1 +1 ★ · {"stars":0,"before":0}
desk_ath desk_ath_j1_flee {"flee":null,"calls":151,"scr":{"w":0.408,"top":0.51},"bub":null}
FAIL desk_ath_j1 driver ran off ≥3 m from the car · null
PASS desk_ath_j1 jack ≤20 s after EXIT · {"walkS":6}
PASS desk_ath_j1 drove 100 m in the stolen car · 103
PASS desk_ath_j1 tyre gap ≤0.05 m · 0.023
FAIL desk_ath_j1 ★ chip visible · null
desk_ath desk_ath_j1_drive {"m":103,"gap":0.023,"lowN":"mesh:3240","scr":{"w":0.524,"top":0.505},"scr0":{"w":0.403,"top":0.513},"calls":165,"callsCar0":153,"wall":[null,null]}
desk_ath ath_parked {"b":{"x":2269.6121699091827,"z":-1596.9008915891113,"y":30.96854452822181,"h":1.4170887977364173,"d":40.00260096206506,"W":8.5},"n":4,"athPk":30,"nE":6,"ws":[[8.5,8.5,true,32,18],[8,8,true,32,8],[8.5,8.5,true,32,18],[8.5,8.5,true,32,8],[8,8,true,32,18],[8.5,8.5,true,32,8]],"cands":16,"want":1,"park
PASS desk_ath Athens has kerb-parked cars · {"b":{"x":2269.6121699091827,"z":-1596.9008915891113,"y":30.96854452822181,"h":1.4170887977364173,"d":40.00260096206506,"W":8.5},"n":4,"athPk":30,"nE":6,"ws":[[8.5,8.5,true,32,18],[8,8,true,32,8],[8.5,8.5,true,32,18],[8.5,8.5,true,32,8],[8,8,true,32,18],[8.5,8.5,true,32,8]],"cands":16,"want":1,"park":30}
PASS desk_ath 0 console errors · []
phone_fra drive1 {"m":61,"v":0,"btn":"exit","canExit":true}
phone_fra exitGap {"n":14,"g":20}
PASS phone_fra EXIT ≥8 px from BOOST and GAS · {"n":14,"g":20}
phone_fra layout_car {"ctl":["tL:◀","tR:▶","tG:GAS","tB:🚪 EXIT","tN:BOOST","tP:❚❚"],"n":6,"ov":[],"tiny":["tN:10px"]}
PASS phone_fra EXIT offered when stopped · {"btn":"exit","idle":0.75,"why":"{\"st\":\"roam\",\"on\":true,\"fr\":false,\"air\":null,\"ch\":true,\"sp\":false,\"card\":false,\"map\":false,\"story\":false,\"cs\":null,\"boat\":false,\"v\":0}"}
PASS phone_fra EXIT → on foot · {"state":"walk"}
phone_fra scale {"fig":1.8,"peds":[1.74,1.74,1.72,1.75,1.77,1.77],"figH":1.8,"calls":187,"callsCar":184}
PASS phone_fra minifig 1.75–1.85 m · 1.8
PASS phone_fra peds near 1.8–2.0 m · [1.74,1.74,1.72,1.75,1.77,1.77]
phone_fra zone {"z":[0,70.734375,340.796875,322.265625],"ring":[60,233,146],"hit":"ofZone","hh":"<div id=\"ofZone\"><div id=\"ofRing\" style=\"left: 130px; top: 232.266px;\"><i></i></div><div id=\"ofHint\" style=\"left: 130px; top: 308.266px;\">DRAG TO WALK</div></di","par":"touch<BODY<HTML","t":393}
phone_fra layout_foot {"ctl":["ofZone:DRAG TO WALK","tG:RUN","tB:🚪 ENTER","tN:JUMP","tP:❚❚"],"n":5,"ov":[],"tiny":[]}
PASS phone_fra ≤5 controls on foot · ["ofZone:DRAG TO WALK","tG:RUN","tB:🚪 ENTER","tN:JUMP","tP:❚❚"]
PASS phone_fra no HUD over controls · []
PASS phone_fra text ≥12 px · []
phone_fra phone_fra_j1_target {"x":1994.433133967959,"z":7.92,"h":1.5707963267948966,"fx":1,"fz":6.123233995736766e-17,"cv":2,"d":7.667042982104293,"ah":4.861561028912547,"j":3,"k":3}
PASS phone_fra_j1 🚗 TAKE offered at a traffic car · {"btn":"take","near":{"k":"traf","x":1995.7,"z":7.9},"frames":36}
PASS phone_fra_j1 ≤5 controls, no HUD over them (TAKE) · ["ofZone:DRAG TO WALK","tG:RUN","tB:🚗 TAKE","tN:JUMP","tP:❚❚"]
PASS phone_fra_j1 TAKE ≥12 px from JUMP and RUN · {"n":14,"g":20}
PASS phone_fra_j1 button reads TAKE · "🚗 TAKE"
phone_fra phone_fra_j1_pull {"state":"jack","jack":{"t":0.8,"ph":"pull"},"flee":{"h":1.885,"hs":1.8,"s":1,"ph":"out","t":0.37,"d":0,"dc":1.5,"dp":0.9},"calls":189,"bub":2}
PASS phone_fra_j1 driver minifig 1.75–1.85 m standing, same scale as the walker (arms up ≤2.4 m) · {"h":1.885,"hs":1.8,"s":1,"ph":"out","t":0.37,"d":0,"dc":1.5,"dp":0.9}
PASS phone_fra_j1 jacked → driving the traffic car · {"state":"car","own":false,"taken":1,"log":["exit@1999,0","jack@1996,8","★+1:jack","enter:traf@1996,8"]}
PASS phone_fra_j1 +1 ★ · {"stars":1,"before":0}
phone_fra phone_fra_j1_flee {"flee":{"h":1.837,"hs":1.8,"s":1,"ph":"run","t":1.63,"d":2.4,"dc":4.6,"dp":4.6},"calls":184,"scr":{"w":0.201,"top":0.501},"bub":2}
PASS phone_fra_j1 driver ran off ≥3 m from the car · {"h":1.837,"hs":1.8,"s":1,"ph":"run","t":1.63,"d":2.4,"dc":4.6,"dp":4.6}
PASS phone_fra_j1 jack ≤20 s after EXIT · {"walkS":0.6}
PASS phone_fra_j1 drove 100 m in the stolen car · 100
PASS phone_fra_j1 tyre gap ≤0.05 m · 0.031
PASS phone_fra_j1 ★ chip visible · {"t":"★1","vis":true,"fs":"14px"}
phone_fra phone_fra_j1_drive {"m":100,"gap":0.031,"lowN":"inst:2304","scr":{"w":0.206,"top":0.494},"scr0":{"w":0.203,"top":0.494},"bc":{"cam":1.186314419998576,"big":true,"W":2.1856955764941093,"L":5.525032708848964,"H":1.702642069424998,"WB":3.8684547781634127,"of":1},"calls":188,"callsCar0":184,"wall":[null,null]}
PASS phone_fra 0 console errors · []
phone_ath drive1 {"m":52,"v":0,"btn":"exit","canExit":true}
phone_ath exitGap {"n":14,"g":20}
PASS phone_ath EXIT ≥8 px from BOOST and GAS · {"n":14,"g":20}
phone_ath layout_car {"ctl":["tL:◀","tR:▶","tG:GAS","tB:🚪 EXIT","tN:BOOST","tP:❚❚"],"n":6,"ov":[],"tiny":["tN:10px"]}
PASS phone_ath EXIT offered when stopped · {"btn":"exit","idle":0.75,"why":"{\"st\":\"roam\",\"on\":true,\"fr\":false,\"air\":null,\"ch\":false,\"sp\":false,\"card\":false,\"map\":false,\"story\":false,\"cs\":null,\"boat\":false,\"park\":false,\"v\":0}"}
PASS phone_ath EXIT → on foot · {"state":"walk"}
phone_ath scale {"fig":1.8,"peds":[1.76,1.76,1.77,1.75,1.74,1.75],"figH":1.8,"calls":183,"callsCar":178}
PASS phone_ath minifig 1.75–1.85 m · 1.8
PASS phone_ath peds near 1.8–2.0 m · [1.76,1.76,1.77,1.75,1.74,1.75]
phone_ath zone {"z":[0,70.734375,340.796875,322.265625],"ring":[60,233,146],"hit":"ofZone","hh":"<div id=\"ofZone\"><div id=\"ofRing\" style=\"left: 130px; top: 232.266px;\"><i></i></div><div id=\"ofHint\" style=\"left: 130px; top: 308.266px;\">DRAG TO WALK</div></di","par":"touch<BODY<HTML","t":393}
phone_ath layout_foot {"ctl":["ofZone:DRAG TO WALK","tG:RUN","tB:🚪 ENTER","tN:JUMP","tP:❚❚"],"n":5,"ov":[],"tiny":[]}
PASS phone_ath ≤5 controls on foot · ["ofZone:DRAG TO WALK","tG:RUN","tB:🚪 ENTER","tN:JUMP","tP:❚❚"]
PASS phone_ath no HUD over controls · []
PASS phone_ath text ≥12 px · []
phone_ath phone_ath_j1_target {"x":2131.7116126803226,"z":-1628.5734233355834,"h":-1.7619806684844923,"fx":-0.981779872995267,"fz":-0.19002179080673162,"cv":0.5,"d":14.103080414564566,"ah":13.874472570625178,"j":11,"k":0}
PASS phone_ath_j1 🚗 TAKE offered at a traffic car · {"btn":"take","near":{"k":"traf","x":2130.5,"z":-1628.8},"frames":102}
PASS phone_ath_j1 ≤5 controls, no HUD over them (TAKE) · ["ofZone:DRAG TO WALK","tG:RUN","tB:🚗 TAKE","tN:JUMP","tP:❚❚"]
PASS phone_ath_j1 TAKE ≥12 px from JUMP and RUN · {"n":14,"g":20}
PASS phone_ath_j1 button reads TAKE · "🚗 TAKE"
phone_ath phone_ath_j1_pull {"state":"jack","jack":{"t":0.8,"ph":"pull"},"flee":{"h":1.885,"hs":1.8,"s":1,"ph":"out","t":0.38,"d":0,"dc":1.6,"dp":0.9},"calls":181,"bub":1}
PASS phone_ath_j1 driver minifig 1.75–1.85 m standing, same scale as the walker (arms up ≤2.4 m) · {"h":1.885,"hs":1.8,"s":1,"ph":"out","t":0.38,"d":0,"dc":1.6,"dp":0.9}
PASS phone_ath_j1 jacked → driving the traffic car · {"state":"car","own":false,"taken":1,"log":["exit@2117,-1627","jack@2130,-1629","★+1:jack","enter:traf@2130,-1629"]}
PASS phone_ath_j1 +1 ★ · {"stars":1,"before":0}
phone_ath phone_ath_j1_flee {"flee":{"h":1.8,"hs":1.8,"s":1,"ph":"run","t":1.65,"d":2.6,"dc":4.7,"dp":4.8},"calls":214,"scr":{"w":0.212,"top":0.49},"bub":1}
PASS phone_ath_j1 driver ran off ≥3 m from the car · {"h":1.8,"hs":1.8,"s":1,"ph":"run","t":1.65,"d":2.6,"dc":4.7,"dp":4.8}
PASS phone_ath_j1 jack ≤20 s after EXIT · {"walkS":1.7}
PASS phone_ath_j1 drove 100 m in the stolen car · 100
FAIL phone_ath_j1 tyre gap ≤0.05 m · 0.052
PASS phone_ath_j1 ★ chip visible · {"t":"★1","vis":true,"fs":"14px"}
phone_ath phone_ath_j1_drive {"m":100,"gap":0.052,"lowN":"inst:2304","scr":{"w":0.18,"top":0.504},"scr0":{"w":0.252,"top":0.491},"bc":{"cam":1.2336124506628237,"big":true,"W":2.170554461756736,"L":4.357441602045896,"H":1.8081930585459183,"WB":2.3688622526314314,"of":1},"calls":221,"callsCar0":178,"wall":[null,null]}
phone_ath ath_parked {"b":{"x":2024.5737567762073,"z":-1649.198187704095,"y":40.44079193493166,"h":-1.720356066668595,"d":6.187599812157986,"W":8.5},"n":5,"athPk":13,"nE":13,"ws":[[8.5,8.5,true,30,18],[8.5,8.5,true,30,18],[8.5,8.5,true,30,18],[8.5,8.5,true,30,8],[8.5,8.5,true,23,8],[8.5,8.5,true,30,8],[8.5,8.5,true,30,8
PASS phone_ath Athens has kerb-parked cars · {"b":{"x":2024.5737567762073,"z":-1649.198187704095,"y":40.44079193493166,"h":-1.720356066668595,"d":6.187599812157986,"W":8.5},"n":5,"athPk":13,"nE":13,"ws":[[8.5,8.5,true,30,18],[8.5,8.5,true,30,18],[8.5,8.5,true,30,18],[8.5,8.5,true,30,8],[8.5,8.5,true,23,8],[8.5,8.5,true,30,8],[8.5,8.5,true,30,8],[8.5,8.5,true,30,8]],"cands":12,"want":1,"park":13}
PASS phone_ath 0 console errors · []
TJACK_FAIL 8
