phone_fra drive1 {"m":61,"v":0,"btn":"exit","canExit":true}
phone_fra exitGap {"n":14,"g":20}
PASS phone_fra EXIT ≥8 px from BOOST and GAS · {"n":14,"g":20}
phone_fra layout_car {"ctl":["tL:◀","tR:▶","tG:GAS","tB:🚪 EXIT","tN:BOOST","tP:❚❚"],"n":6,"ov":[],"tiny":["tN:10px"]}
PASS phone_fra EXIT offered when stopped · {"btn":"exit","idle":0.75,"why":"{\"st\":\"roam\",\"on\":true,\"fr\":false,\"air\":null,\"ch\":true,\"sp\":false,\"card\":false,\"map\":false,\"story\":false,\"cs\":null,\"boat\":false,\"v\":0}"}
PASS phone_fra EXIT → on foot · {"state":"walk"}
phone_fra scale {"fig":1.8,"peds":[1.74,1.72,1.73,1.73,1.76,1.77],"figH":1.8,"calls":184,"callsCar":181}
PASS phone_fra minifig 1.75–1.85 m · 1.8
PASS phone_fra peds near 1.8–2.0 m · [1.74,1.72,1.73,1.73,1.76,1.77]
phone_fra zone {"z":[0,70.734375,340.796875,322.265625],"ring":[60,233,146],"hit":"ofZone","hh":"<div id=\"ofZone\"><div id=\"ofRing\" style=\"left: 130px; top: 232.266px;\"><i></i></div><div id=\"ofHint\" style=\"left: 130px; top: 308.266px;\">DRAG TO WALK</div></di","par":"touch<BODY<HTML","t":393}
phone_fra layout_foot {"ctl":["ofZone:DRAG TO WALK","tG:RUN","tB:🚪 ENTER","tN:JUMP","tP:❚❚"],"n":5,"ov":[],"tiny":[]}
PASS phone_fra ≤5 controls on foot · ["ofZone:DRAG TO WALK","tG:RUN","tB:🚪 ENTER","tN:JUMP","tP:❚❚"]
PASS phone_fra no HUD over controls · []
PASS phone_fra text ≥12 px · []
phone_fra phone_fra_j1_target {"x":1992.033950915056,"z":7.92,"h":1.5707963267948966,"fx":1,"fz":6.123233995736766e-17,"cv":2,"d":9.602236492444751,"ah":7.25875461887631,"j":1,"k":8}
PASS phone_fra_j1 🚗 TAKE offered at a traffic car · {"btn":"take","near":{"k":"traf","x":1994.6,"z":7.9},"frames":72}
PASS phone_fra_j1 ≤5 controls, no HUD over them (TAKE) · ["ofZone:DRAG TO WALK","tG:RUN","tB:🚗 TAKE","tN:JUMP","tP:❚❚"]
PASS phone_fra_j1 TAKE ≥12 px from JUMP and RUN · {"n":14,"g":20}
PASS phone_fra_j1 button reads TAKE · "🚗 TAKE"
phone_fra phone_fra_j1_pull {"state":"jack","jack":{"t":0.8,"ph":"pull"},"flee":{"h":2.684,"ph":"out","t":0.37,"d":0,"dc":1.5,"dp":0.9},"calls":187}
FAIL phone_fra_j1 driver minifig 1.75–1.85 m (arms up) · {"h":2.684,"ph":"out","t":0.37,"d":0,"dc":1.5,"dp":0.9}
PASS phone_fra_j1 jacked → driving the traffic car · {"state":"car","own":false,"taken":1,"log":["exit@1999,0","jack@1995,8","★+1:jack","enter:traf@1995,8"]}
PASS phone_fra_j1 +1 ★ · {"stars":1,"before":0}
phone_fra phone_fra_j1_flee {"flee":{"h":2.781,"ph":"run","t":1.63,"d":0.7,"dc":3.6,"dp":4},"calls":192}
PASS phone_fra_j1 driver ran off ≥3 m from the car · {"h":2.781,"ph":"run","t":1.63,"d":0.7,"dc":3.6,"dp":4}
PASS phone_fra_j1 jack ≤20 s after EXIT · {"walkS":1.2}
PASS phone_fra_j1 drove 100 m in the stolen car · 102
PASS phone_fra_j1 tyre gap ≤0.05 m · -0.044
PASS phone_fra_j1 ★ chip visible · {"t":"★1","vis":true,"fs":"14px"}
phone_fra phone_fra_j1_drive {"m":102,"gap":-0.044,"calls":191,"callsCar0":181,"wall":[null,null]}
PASS phone_fra_j2 EXIT again · {"state":"walk","btn":"enter"}
phone_fra phone_fra_j2_target {"x":2130.9281894236306,"z":7.92,"h":1.5707963267948966,"fx":1,"fz":6.123233995736766e-17,"cv":2,"d":13.44683314690488,"ah":12.909017039657101,"j":2,"k":7}
FAIL phone_fra_j2 🚗 TAKE offered at a traffic car · {"btn":"enter","near":{"k":"cur","x":2143.8,"z":6.1},"frames":1500}
PASS phone_fra_j2 ≤5 controls, no HUD over them (TAKE) · ["ofZone:DRAG TO WALK","tG:RUN","tB:🚪 ENTER","tN:JUMP","tP:❚❚"]
PASS phone_fra_j2 TAKE ≥12 px from JUMP and RUN · {"n":14,"g":20}
FAIL phone_fra_j2 button reads TAKE · "🚪 ENTER"
phone_fra phone_fra_j2_pull {"state":"car","jack":null,"flee":null,"calls":179}
FAIL phone_fra_j2 driver minifig 1.75–1.85 m (arms up) · null
PASS phone_fra_j2 jacked → driving the traffic car · {"state":"car","own":false,"taken":1,"log":["exit@1999,0","jack@1995,8","★+1:jack","enter:traf@1995,8","exit@2144,6","enter:cur@2144,6"]}
FAIL phone_fra_j2 +1 ★ · {"stars":1,"before":1}
phone_fra phone_fra_j2_flee {"flee":null,"calls":176}
FAIL phone_fra_j2 driver ran off ≥3 m from the car · null
FAIL phone_fra_j2 jack ≤20 s after EXIT · {"walkS":25}
PASS phone_fra_j2 drove 100 m in the stolen car · 101
PASS phone_fra_j2 tyre gap ≤0.05 m · -0.042
FAIL phone_fra_j2 ★ chip visible · {"t":"","vis":false,"fs":"14px"}
phone_fra phone_fra_j2_drive {"m":101,"gap":-0.042,"calls":159,"callsCar0":181,"wall":[null,null]}
PASS phone_fra 0 console errors · []
phone_ath drive1 {"m":61,"v":0,"btn":"exit","canExit":true}
phone_ath exitGap {"n":14,"g":20}
PASS phone_ath EXIT ≥8 px from BOOST and GAS · {"n":14,"g":20}
phone_ath layout_car {"ctl":["tL:◀","tR:▶","tG:GAS","tB:🚪 EXIT","tN:BOOST","tP:❚❚"],"n":6,"ov":[],"tiny":["tN:10px"]}
PASS phone_ath EXIT offered when stopped · {"btn":"exit","idle":0.75,"why":"{\"st\":\"roam\",\"on\":true,\"fr\":false,\"air\":null,\"ch\":false,\"sp\":false,\"card\":false,\"map\":false,\"story\":false,\"cs\":null,\"boat\":false,\"v\":0}"}
PASS phone_ath EXIT → on foot · {"state":"walk"}
phone_ath scale {"fig":1.8,"peds":[1.76,1.76,1.74,1.76,1.77,1.77],"figH":1.8,"calls":189,"callsCar":187}
PASS phone_ath minifig 1.75–1.85 m · 1.8
PASS phone_ath peds near 1.8–2.0 m · [1.76,1.76,1.74,1.76,1.77,1.77]
phone_ath zone {"z":[0,70.734375,340.796875,322.265625],"ring":[60,233,146],"hit":"ofZone","hh":"<div id=\"ofZone\"><div id=\"ofRing\" style=\"left: 130px; top: 232.266px;\"><i></i></div><div id=\"ofHint\" style=\"left: 130px; top: 308.266px;\">DRAG TO WALK</div></di","par":"touch<BODY<HTML","t":393}
phone_ath layout_foot {"ctl":["ofZone:DRAG TO WALK","tG:RUN","tB:🚪 ENTER","tN:JUMP","tP:❚❚"],"n":5,"ov":[],"tiny":[]}
PASS phone_ath ≤5 controls on foot · ["ofZone:DRAG TO WALK","tG:RUN","tB:🚪 ENTER","tN:JUMP","tP:❚❚"]
PASS phone_ath no HUD over controls · []
PASS phone_ath text ≥12 px · []
phone_ath phone_ath_j1_target {"x":2136.30983265737,"z":-1627.683445837984,"h":-1.7619806684844923,"fx":-0.981779872995267,"fz":-0.19002179080673162,"cv":0,"d":5.02322000725584,"ah":5.0020806162133375,"j":1,"k":9}
FAIL phone_ath_j1 🚗 TAKE offered at a traffic car · {"btn":"enter","near":{"k":"cur","x":2131.2,"z":-1627.4},"frames":1500}
PASS phone_ath_j1 ≤5 controls, no HUD over them (TAKE) · ["ofZone:DRAG TO WALK","tG:RUN","tB:🚪 ENTER","tN:JUMP","tP:❚❚"]
PASS phone_ath_j1 TAKE ≥12 px from JUMP and RUN · {"n":14,"g":20}
FAIL phone_ath_j1 button reads TAKE · "🚪 ENTER"
phone_ath phone_ath_j1_pull {"state":"car","jack":null,"flee":null,"calls":191}
FAIL phone_ath_j1 driver minifig 1.75–1.85 m (arms up) · null
FAIL phone_ath_j1 jacked → driving the traffic car · {"state":"car","own":true,"taken":0,"log":["exit@2131,-1627","enter:cur@2131,-1627"]}
FAIL phone_ath_j1 +1 ★ · {"stars":0,"before":0}
phone_ath phone_ath_j1_flee {"flee":null,"calls":185}
FAIL phone_ath_j1 driver ran off ≥3 m from the car · null
FAIL phone_ath_j1 jack ≤20 s after EXIT · {"walkS":25}
PASS phone_ath_j1 drove 100 m in the stolen car · 100
PASS phone_ath_j1 tyre gap ≤0.05 m · 0.023
FAIL phone_ath_j1 ★ chip visible · null
phone_ath phone_ath_j1_drive {"m":100,"gap":0.023,"calls":164,"callsCar0":187,"wall":[null,null]}
PASS phone_ath_j2 EXIT again · {"state":"walk","btn":"enter"}
phone_ath phone_ath_j2_target null
FAIL phone_ath_j2 🚗 TAKE offered at a traffic car · {"btn":"enter","near":{"k":"cur","x":2259.8,"z":-1528.9},"frames":0}
PASS phone_ath_j2 ≤5 controls, no HUD over them (TAKE) · ["ofZone:DRAG TO WALK","tG:RUN","tB:🚪 ENTER","tN:JUMP","tP:❚❚"]
PASS phone_ath_j2 TAKE ≥12 px from JUMP and RUN · {"n":14,"g":20}
FAIL phone_ath_j2 button reads TAKE · "🚪 ENTER"
phone_ath phone_ath_j2_pull {"state":"car","jack":null,"flee":null,"calls":156}
FAIL phone_ath_j2 driver minifig 1.75–1.85 m (arms up) · null
FAIL phone_ath_j2 jacked → driving the traffic car · {"state":"car","own":true,"taken":0,"log":["exit@2131,-1627","enter:cur@2131,-1627","exit@2260,-1529","enter:cur@2260,-1529"]}
FAIL phone_ath_j2 +1 ★ · {"stars":0,"before":0}
phone_ath phone_ath_j2_flee {"flee":null,"calls":155}
FAIL phone_ath_j2 driver ran off ≥3 m from the car · null
PASS phone_ath_j2 jack ≤20 s after EXIT · {"walkS":0}
PASS phone_ath_j2 drove 100 m in the stolen car · 101
PASS phone_ath_j2 tyre gap ≤0.05 m · 0.023
FAIL phone_ath_j2 ★ chip visible · null
phone_ath phone_ath_j2_drive {"m":101,"gap":0.023,"calls":150,"callsCar0":187,"wall":[null,null]}
phone_ath ath_parked {"b":null,"n":0,"athPk":0}
FAIL phone_ath Athens has kerb-parked cars · {"b":null,"n":0,"athPk":0}
PASS phone_ath 0 console errors · []
TJACK_FAIL 24
