phone_fra drive1 {"m":61,"v":0,"btn":"exit","canExit":true}
phone_fra exitGap {"n":14,"g":20}
PASS phone_fra EXIT ≥8 px from BOOST and GAS · {"n":14,"g":20}
phone_fra layout_car {"ctl":["tL:◀","tR:▶","tG:GAS","tB:🚪 EXIT","tN:BOOST","tP:❚❚"],"n":6,"ov":[],"tiny":["tN:10px"]}
PASS phone_fra EXIT offered when stopped · {"btn":"exit","idle":0.75,"why":"{\"st\":\"roam\",\"on\":true,\"fr\":false,\"air\":null,\"ch\":true,\"sp\":false,\"card\":false,\"map\":false,\"story\":false,\"cs\":null,\"boat\":false,\"v\":0}"}
PASS phone_fra EXIT → on foot · {"state":"walk"}
phone_fra scale {"fig":1.8,"peds":[1.74,1.74,1.72,1.75,1.77,1.77],"figH":1.8,"calls":186,"callsCar":183}
PASS phone_fra minifig 1.75–1.85 m · 1.8
PASS phone_fra peds near 1.8–2.0 m · [1.74,1.74,1.72,1.75,1.77,1.77]
phone_fra zone {"z":[0,70.734375,340.796875,322.265625],"ring":[60,233,146],"hit":"ofZone","hh":"<div id=\"ofZone\"><div id=\"ofRing\" style=\"left: 130px; top: 232.266px;\"><i></i></div><div id=\"ofHint\" style=\"left: 130px; top: 308.266px;\">DRAG TO WALK</div></di","par":"touch<BODY<HTML","t":393}
phone_fra layout_foot {"ctl":["ofZone:DRAG TO WALK","tG:RUN","tB:🚪 ENTER","tN:JUMP","tP:❚❚"],"n":5,"ov":[],"tiny":[]}
PASS phone_fra ≤5 controls on foot · ["ofZone:DRAG TO WALK","tG:RUN","tB:🚪 ENTER","tN:JUMP","tP:❚❚"]
PASS phone_fra no HUD over controls · []
PASS phone_fra text ≥12 px · []
phone_fra phone_fra_j1_target {"x":1994.4316245922207,"z":7.92,"h":1.5707963267948966,"fx":1,"fz":6.123233995736766e-17,"cv":2,"d":7.668000144247808,"ah":4.863070404650898,"j":3,"k":3}
PASS phone_fra_j1 🚗 TAKE offered at a traffic car · {"btn":"take","near":{"k":"traf","x":1995.8,"z":7.9},"frames":36}
PASS phone_fra_j1 ≤5 controls, no HUD over them (TAKE) · ["ofZone:DRAG TO WALK","tG:RUN","tB:🚗 TAKE","tN:JUMP","tP:❚❚"]
PASS phone_fra_j1 TAKE ≥12 px from JUMP and RUN · {"n":14,"g":20}
PASS phone_fra_j1 button reads TAKE · "🚗 TAKE"
phone_fra phone_fra_j1_pull {"state":"jack","jack":{"t":0.8,"ph":"pull"},"flee":{"h":1.885,"hs":1.8,"s":1,"ph":"out","t":0.37,"d":0,"dc":1.5,"dp":0.9},"calls":190,"bub":2}
PASS phone_fra_j1 driver minifig 1.75–1.85 m standing, same scale as the walker (arms up ≤2.4 m) · {"h":1.885,"hs":1.8,"s":1,"ph":"out","t":0.37,"d":0,"dc":1.5,"dp":0.9}
PASS phone_fra_j1 jacked → driving the traffic car · {"state":"car","own":false,"taken":1,"log":["exit@1999,0","jack@1996,8","★+1:jack","enter:traf@1996,8"]}
PASS phone_fra_j1 +1 ★ · {"stars":1,"before":0}
phone_fra phone_fra_j1_flee {"flee":{"h":1.837,"hs":1.8,"s":1,"ph":"run","t":1.63,"d":2.4,"dc":4.6,"dp":4.6},"calls":183,"scr":{"w":0.201,"top":0.501},"bub":2}
PASS phone_fra_j1 driver ran off ≥3 m from the car · {"h":1.837,"hs":1.8,"s":1,"ph":"run","t":1.63,"d":2.4,"dc":4.6,"dp":4.6}
PASS phone_fra_j1 jack ≤20 s after EXIT · {"walkS":0.6}
PASS phone_fra_j1 drove 100 m in the stolen car · 100
PASS phone_fra_j1 tyre gap ≤0.05 m · 0.024
PASS phone_fra_j1 ★ chip visible · {"t":"★1","vis":true,"fs":"14px"}
phone_fra phone_fra_j1_drive {"m":100,"gap":0.024,"lowN":"inst:2304","scr":{"w":0.206,"top":0.494},"scr0":{"w":0.203,"top":0.494},"bc":{"cam":1.1863242010928634,"big":true,"W":2.185694173635397,"L":5.525046670224136,"H":1.702663666682347,"WB":3.868462188572546,"of":1},"calls":177,"callsCar0":183,"wall":[null,null]}
PASS phone_fra 0 console errors · []
phone_ath drive1 {"m":52,"v":0,"btn":"exit","canExit":true}
phone_ath exitGap {"n":14,"g":20}
PASS phone_ath EXIT ≥8 px from BOOST and GAS · {"n":14,"g":20}
phone_ath layout_car {"ctl":["tL:◀","tR:▶","tG:GAS","tB:🚪 EXIT","tN:BOOST","tP:❚❚"],"n":6,"ov":[],"tiny":["tN:10px"]}
PASS phone_ath EXIT offered when stopped · {"btn":"exit","idle":0.75,"why":"{\"st\":\"roam\",\"on\":true,\"fr\":false,\"air\":null,\"ch\":false,\"sp\":false,\"card\":false,\"map\":false,\"story\":false,\"cs\":null,\"boat\":false,\"park\":false,\"v\":0}"}
PASS phone_ath EXIT → on foot · {"state":"walk"}
phone_ath scale {"fig":1.8,"peds":[1.76,1.76,1.77,1.75,1.74,1.75],"figH":1.8,"calls":189,"callsCar":181}
PASS phone_ath minifig 1.75–1.85 m · 1.8
PASS phone_ath peds near 1.8–2.0 m · [1.76,1.76,1.77,1.75,1.74,1.75]
phone_ath zone {"z":[0,70.734375,340.796875,322.265625],"ring":[60,233,146],"hit":"ofZone","hh":"<div id=\"ofZone\"><div id=\"ofRing\" style=\"left: 130px; top: 232.266px;\"><i></i></div><div id=\"ofHint\" style=\"left: 130px; top: 308.266px;\">DRAG TO WALK</div></di","par":"touch<BODY<HTML","t":393}
phone_ath layout_foot {"ctl":["ofZone:DRAG TO WALK","tG:RUN","tB:🚪 ENTER","tN:JUMP","tP:❚❚"],"n":5,"ov":[],"tiny":[]}
PASS phone_ath ≤5 controls on foot · ["ofZone:DRAG TO WALK","tG:RUN","tB:🚪 ENTER","tN:JUMP","tP:❚❚"]
PASS phone_ath no HUD over controls · []
PASS phone_ath text ≥12 px · []
phone_ath phone_ath_j1_target {"x":2131.7116126803226,"z":-1628.5734233355834,"h":-1.7619806684844923,"fx":-0.981779872995267,"fz":-0.19002179080673162,"cv":0.5,"d":14.103080414564566,"ah":13.874472570625178,"j":11,"k":0}
PASS phone_ath_j1 🚗 TAKE offered at a traffic car · {"btn":"take","near":{"k":"traf","x":2130.5,"z":-1628.8},"frames":102}
PASS phone_ath_j1 ≤5 controls, no HUD over them (TAKE) · ["ofZone:DRAG TO WALK","tG:RUN","tB:🚗 TAKE","tN:JUMP","tP:❚❚"]
PASS phone_ath_j1 TAKE ≥12 px from JUMP and RUN · {"n":14,"g":20}
PASS phone_ath_j1 button reads TAKE · "🚗 TAKE"
phone_ath phone_ath_j1_pull {"state":"jack","jack":{"t":0.8,"ph":"pull"},"flee":{"h":1.885,"hs":1.8,"s":1,"ph":"out","t":0.38,"d":0,"dc":1.6,"dp":0.9},"calls":187,"bub":1}
PASS phone_ath_j1 driver minifig 1.75–1.85 m standing, same scale as the walker (arms up ≤2.4 m) · {"h":1.885,"hs":1.8,"s":1,"ph":"out","t":0.38,"d":0,"dc":1.6,"dp":0.9}
PASS phone_ath_j1 jacked → driving the traffic car · {"state":"car","own":false,"taken":1,"log":["exit@2117,-1627","jack@2130,-1629","★+1:jack","enter:traf@2130,-1629"]}
PASS phone_ath_j1 +1 ★ · {"stars":1,"before":0}
phone_ath phone_ath_j1_flee {"flee":{"h":1.8,"hs":1.8,"s":1,"ph":"run","t":1.65,"d":2.6,"dc":4.7,"dp":4.8},"calls":218,"scr":{"w":0.212,"top":0.492},"bub":1}
PASS phone_ath_j1 driver ran off ≥3 m from the car · {"h":1.8,"hs":1.8,"s":1,"ph":"run","t":1.65,"d":2.6,"dc":4.7,"dp":4.8}
PASS phone_ath_j1 jack ≤20 s after EXIT · {"walkS":1.7}
PASS phone_ath_j1 drove 100 m in the stolen car · 100
PASS phone_ath_j1 tyre gap ≤0.05 m · 0.033
PASS phone_ath_j1 ★ chip visible · {"t":"★1","vis":true,"fs":"14px"}
phone_ath phone_ath_j1_drive {"m":100,"gap":0.033,"lowN":"inst:2304","scr":{"w":0.202,"top":0.503},"scr0":{"w":0.252,"top":0.491},"bc":{"cam":1.2336138856662506,"big":true,"W":2.170554461756736,"L":4.357443203239124,"H":1.8081962945254897,"WB":2.3688622526314314,"of":1},"calls":221,"callsCar0":181,"wall":[null,null]}
phone_ath ath_parked {"b":{"x":1994.8721155214075,"z":-1644.6993885216436,"y":41.510099927601395,"h":1.40127218090937,"d":26.50260425235681,"W":8.5},"n":5,"athPk":11,"nE":12,"ws":[[8.5,8.5,true,30,8],[8.5,8.5,true,30,8],[8.5,8.5,true,30,18],[8.5,8.5,true,30,18],[8.5,8.5,true,30,18],[8.5,8.5,true,30,18],[8.5,8.5,true,30,
PASS phone_ath Athens has kerb-parked cars · {"b":{"x":1994.8721155214075,"z":-1644.6993885216436,"y":41.510099927601395,"h":1.40127218090937,"d":26.50260425235681,"W":8.5},"n":5,"athPk":11,"nE":12,"ws":[[8.5,8.5,true,30,8],[8.5,8.5,true,30,8],[8.5,8.5,true,30,18],[8.5,8.5,true,30,18],[8.5,8.5,true,30,18],[8.5,8.5,true,30,18],[8.5,8.5,true,30,8],[8.5,8.5,true,30,8]],"cands":11,"want":1,"park":11}
PASS phone_ath 0 console errors · []
iframe_fra drive1 {"m":61,"v":0,"btn":"exit","canExit":true}
iframe_fra exitGap {"n":14,"g":20}
PASS iframe_fra EXIT ≥8 px from BOOST and GAS · {"n":14,"g":20}
iframe_fra layout_car {"ctl":["tL:◀","tR:▶","tG:GAS","tB:🚪 EXIT","tN:BOOST","tP:❚❚"],"n":6,"ov":[],"tiny":["tN:10px"]}
PASS iframe_fra EXIT offered when stopped · {"btn":"exit","idle":0.75,"why":"{\"st\":\"roam\",\"on\":true,\"fr\":false,\"air\":null,\"ch\":true,\"sp\":false,\"card\":false,\"map\":false,\"story\":false,\"cs\":null,\"boat\":false,\"v\":0}"}
PASS iframe_fra EXIT → on foot · {"state":"walk"}
iframe_fra scale {"fig":1.8,"peds":[1.77,1.75,1.75,1.77,1.71,1.72],"figH":1.8,"calls":263,"callsCar":460}
PASS iframe_fra minifig 1.75–1.85 m · 1.8
PASS iframe_fra peds near 1.8–2.0 m · [1.77,1.75,1.75,1.77,1.71,1.72]
iframe_fra zone {"z":[0,70.734375,340.796875,322.265625],"ring":[60,233,146],"hit":"ofZone","hh":"<div id=\"ofZone\"><div id=\"ofRing\" style=\"left: 130px; top: 232.266px;\"><i></i></div><div id=\"ofHint\" style=\"left: 130px; top: 308.266px;\">DRAG TO WALK</div></di","par":"touch<BODY<HTML","t":393}
iframe_fra layout_foot {"ctl":["ofZone:DRAG TO WALK","tG:RUN","tB:🚪 ENTER","tN:JUMP","tP:❚❚"],"n":5,"ov":[],"tiny":[]}
PASS iframe_fra ≤5 controls on foot · ["ofZone:DRAG TO WALK","tG:RUN","tB:🚪 ENTER","tN:JUMP","tP:❚❚"]
PASS iframe_fra no HUD over controls · []
PASS iframe_fra text ≥12 px · []
iframe_fra iframe_fra_j1_target {"x":1990.5852785543411,"z":7.92,"h":1.5707963267948966,"fx":1,"fz":6.123233995736766e-17,"cv":2,"d":10.349069549998129,"ah":8.71104205531742,"j":22,"k":0}
PASS iframe_fra_j1 🚗 TAKE offered at a traffic car · {"btn":"take","near":{"k":"traf","x":1993.4,"z":7.9},"frames":78}
PASS iframe_fra_j1 ≤5 controls, no HUD over them (TAKE) · ["ofZone:DRAG TO WALK","tG:RUN","tB:🚗 TAKE","tN:JUMP","tP:❚❚"]
PASS iframe_fra_j1 TAKE ≥12 px from JUMP and RUN · {"n":14,"g":20}
PASS iframe_fra_j1 button reads TAKE · "🚗 TAKE"
iframe_fra iframe_fra_j1_pull {"state":"jack","jack":{"t":0.8,"ph":"pull"},"flee":{"h":1.885,"hs":1.8,"s":1,"ph":"out","t":0.37,"d":0,"dc":1.5,"dp":0.9},"calls":261,"bub":2}
PASS iframe_fra_j1 driver minifig 1.75–1.85 m standing, same scale as the walker (arms up ≤2.4 m) · {"h":1.885,"hs":1.8,"s":1,"ph":"out","t":0.37,"d":0,"dc":1.5,"dp":0.9}
PASS iframe_fra_j1 jacked → driving the traffic car · {"state":"car","own":false,"taken":1,"log":["exit@1999,1","jack@1993,8","★+1:jack","enter:traf@1994,8"]}
PASS iframe_fra_j1 +1 ★ · {"stars":1,"before":0}
iframe_fra iframe_fra_j1_flee {"flee":{"h":1.837,"hs":1.8,"s":1,"ph":"run","t":1.63,"d":2.4,"dc":4.6,"dp":4.7},"calls":218,"scr":{"w":0.23,"top":0.528},"bub":2}
PASS iframe_fra_j1 driver ran off ≥3 m from the car · {"h":1.837,"hs":1.8,"s":1,"ph":"run","t":1.63,"d":2.4,"dc":4.6,"dp":4.7}
PASS iframe_fra_j1 jack ≤20 s after EXIT · {"walkS":1.3}
PASS iframe_fra_j1 drove 100 m in the stolen car · 100
PASS iframe_fra_j1 tyre gap ≤0.05 m · 0.024
PASS iframe_fra_j1 ★ chip visible · {"t":"★1","vis":true,"fs":"14px"}
iframe_fra iframe_fra_j1_drive {"m":100,"gap":0.024,"lowN":"inst:2304","scr":{"w":0.233,"top":0.522},"scr0":{"w":0.203,"top":0.494},"bc":{"cam":1,"big":false,"W":2.1594410891252367,"L":4.3072507541870575,"H":1.4121648037060037,"WB":2.4966626085019095,"of":1},"calls":213,"callsCar0":460,"wall":[null,null]}
PASS iframe_fra 0 console errors · []
iframe_ath drive1 {"m":60,"v":0,"btn":"exit","canExit":true}
iframe_ath exitGap {"n":14,"g":20}
PASS iframe_ath EXIT ≥8 px from BOOST and GAS · {"n":14,"g":20}
iframe_ath layout_car {"ctl":["tL:◀","tR:▶","tG:GAS","tB:🚪 EXIT","tN:BOOST","tP:❚❚"],"n":6,"ov":[],"tiny":["tN:10px"]}
PASS iframe_ath EXIT offered when stopped · {"btn":"exit","idle":0.75,"why":"{\"st\":\"roam\",\"on\":true,\"fr\":false,\"air\":null,\"ch\":false,\"sp\":false,\"card\":false,\"map\":false,\"story\":false,\"cs\":null,\"boat\":false,\"v\":0}"}
PASS iframe_ath EXIT → on foot · {"state":"walk"}
iframe_ath scale {"fig":1.8,"peds":[1.74,1.73,1.77,1.77,1.72,1.73],"figH":1.8,"calls":287,"callsCar":281}
PASS iframe_ath minifig 1.75–1.85 m · 1.8
PASS iframe_ath peds near 1.8–2.0 m · [1.74,1.73,1.77,1.77,1.72,1.73]
iframe_ath zone {"z":[0,70.734375,340.796875,322.265625],"ring":[60,233,146],"hit":"ofZone","hh":"<div id=\"ofZone\"><div id=\"ofRing\" style=\"left: 130px; top: 232.266px;\"><i></i></div><div id=\"ofHint\" style=\"left: 130px; top: 308.266px;\">DRAG TO WALK</div></di","par":"touch<BODY<HTML","t":393}
iframe_ath layout_foot {"ctl":["ofZone:DRAG TO WALK","tG:RUN","tB:🚪 ENTER","tN:JUMP","tP:❚❚"],"n":5,"ov":[],"tiny":[]}
PASS iframe_ath ≤5 controls on foot · ["ofZone:DRAG TO WALK","tG:RUN","tB:🚪 ENTER","tN:JUMP","tP:❚❚"]
PASS iframe_ath no HUD over controls · []
PASS iframe_ath text ≥12 px · []
iframe_ath iframe_ath_j1_target {"x":2131.27733908531,"z":-1628.6574762363346,"h":-1.7619806684844923,"fx":-0.981779872995267,"fz":-0.19002179080673162,"cv":1.8,"d":5.652482672689205,"ah":5.544201466574746,"j":13,"k":0}
PASS iframe_ath_j1 🚗 TAKE offered at a traffic car · {"btn":"take","near":{"k":"traf","x":2130.2,"z":-1628.1},"frames":60}
PASS iframe_ath_j1 ≤5 controls, no HUD over them (TAKE) · ["ofZone:DRAG TO WALK","tG:RUN","tB:🚗 TAKE","tN:JUMP","tP:❚❚"]
PASS iframe_ath_j1 TAKE ≥12 px from JUMP and RUN · {"n":14,"g":20}
PASS iframe_ath_j1 button reads TAKE · "🚗 TAKE"
iframe_ath iframe_ath_j1_pull {"state":"jack","jack":{"t":0.8,"ph":"pull"},"flee":{"h":1.885,"hs":1.8,"s":1,"ph":"out","t":0.38,"d":0,"dc":1.6,"dp":0.9},"calls":286,"bub":2}
PASS iframe_ath_j1 driver minifig 1.75–1.85 m standing, same scale as the walker (arms up ≤2.4 m) · {"h":1.885,"hs":1.8,"s":1,"ph":"out","t":0.38,"d":0,"dc":1.6,"dp":0.9}
PASS iframe_ath_j1 jacked → driving the traffic car · {"state":"car","own":false,"taken":1,"log":["exit@2124,-1628","jack@2130,-1628","★+1:jack","enter:traf@2130,-1628"]}
PASS iframe_ath_j1 +1 ★ · {"stars":1,"before":0}
iframe_ath iframe_ath_j1_flee {"flee":{"h":1.8,"hs":1.8,"s":1,"ph":"run","t":1.65,"d":2.6,"dc":4.7,"dp":4.8},"calls":289,"scr":{"w":0.228,"top":0.505},"bub":2}
PASS iframe_ath_j1 driver ran off ≥3 m from the car · {"h":1.8,"hs":1.8,"s":1,"ph":"run","t":1.65,"d":2.6,"dc":4.7,"dp":4.8}
PASS iframe_ath_j1 jack ≤20 s after EXIT · {"walkS":1}
PASS iframe_ath_j1 drove 100 m in the stolen car · 100
PASS iframe_ath_j1 tyre gap ≤0.05 m · 0.034
PASS iframe_ath_j1 ★ chip visible · {"t":"★1","vis":true,"fs":"14px"}
iframe_ath iframe_ath_j1_drive {"m":100,"gap":0.034,"lowN":"inst:2304","scr":{"w":0.198,"top":0.505},"scr0":{"w":0.382,"top":0.489},"bc":{"cam":1.1795667312607365,"big":true,"W":2.172567573466521,"L":4.315361628780196,"H":1.6877656273452644,"WB":2.44553995720834,"of":1},"calls":239,"callsCar0":281,"wall":[null,null]}
iframe_ath ath_parked {"b":{"x":2238.056614353627,"z":-1601.7897804780002,"y":32.28908713900771,"h":1.4170887977364173,"d":19.477832851779066,"W":8.5},"n":5,"athPk":11,"nE":11,"ws":[[8.5,8.5,true,32,18],[8.5,8.5,true,30,18],[8.5,8.5,true,30,8],[8,8,true,32,8],[8,8,true,32,18],[8,8,true,32,8],[8.5,8.5,true,31,8],[8,8,true
PASS iframe_ath Athens has kerb-parked cars · {"b":{"x":2238.056614353627,"z":-1601.7897804780002,"y":32.28908713900771,"h":1.4170887977364173,"d":19.477832851779066,"W":8.5},"n":5,"athPk":11,"nE":11,"ws":[[8.5,8.5,true,32,18],[8.5,8.5,true,30,18],[8.5,8.5,true,30,8],[8,8,true,32,8],[8,8,true,32,18],[8,8,true,32,8],[8.5,8.5,true,31,8],[8,8,true,31,8]],"cands":12,"want":1,"park":11}
PASS iframe_ath 0 console errors · []
TJACK_PASS
