phone_ath drive1 {"m":52,"v":0,"btn":"exit","canExit":true}
phone_ath exitGap {"n":14,"g":20}
PASS phone_ath EXIT ≥8 px from BOOST and GAS · {"n":14,"g":20}
phone_ath layout_car {"ctl":["tL:◀","tR:▶","tG:GAS","tB:🚪 EXIT","tN:BOOST","tP:❚❚"],"n":6,"ov":[],"tiny":["tN:10px"]}
PASS phone_ath EXIT offered when stopped · {"btn":"exit","idle":0.75,"why":"{\"st\":\"roam\",\"on\":true,\"fr\":false,\"air\":null,\"ch\":false,\"sp\":false,\"card\":false,\"map\":false,\"story\":false,\"cs\":null,\"boat\":false,\"park\":false,\"v\":0}"}
PASS phone_ath EXIT → on foot · {"state":"walk"}
phone_ath scale {"fig":1.8,"peds":[1.76,1.76,1.77,1.75,1.74,1.75],"figH":1.8,"calls":184,"callsCar":179}
PASS phone_ath minifig 1.75–1.85 m · 1.8
PASS phone_ath peds near 1.8–2.0 m · [1.76,1.76,1.77,1.75,1.74,1.75]
phone_ath zone {"z":[0,70.734375,340.796875,322.265625],"ring":[60,233,146],"hit":"ofZone","hh":"<div id=\"ofZone\"><div id=\"ofRing\" style=\"left: 130px; top: 232.266px;\"><i></i></div><div id=\"ofHint\" style=\"left: 130px; top: 308.266px;\">DRAG TO WALK</div></di","par":"touch<BODY<HTML","t":393}
phone_ath layout_foot {"ctl":["ofZone:DRAG TO WALK","tG:RUN","tB:🚪 ENTER","tN:JUMP","tP:❚❚"],"n":5,"ov":[],"tiny":[]}
PASS phone_ath ≤5 controls on foot · ["ofZone:DRAG TO WALK","tG:RUN","tB:🚪 ENTER","tN:JUMP","tP:❚❚"]
PASS phone_ath no HUD over controls · []
PASS phone_ath text ≥12 px · []
phone_ath phone_ath_j1_target {"x":2131.7116126803226,"z":-1628.5734233355834,"h":-1.7619806684844923,"fx":-0.981779872995267,"fz":-0.19002179080673162,"cv":0.5,"d":14.103080414564566,"ah":13.874472570625178,"j":11,"k":0}
PASS phone_ath_j1 🚗 TAKE offered at a traffic car · {"btn":"take","near":{"k":"traf","x":2130.5,"z":-1628.8},"frames":102}
PASS phone_ath_j1 ≤5 controls, no HUD over them (TAKE) · ["ofZone:DRAG TO WALK","tG:RUN","tB:🚗 TAKE","tN:JUMP","tP:❚❚"]
PASS phone_ath_j1 TAKE ≥12 px from JUMP and RUN · {"n":14,"g":20}
PASS phone_ath_j1 button reads TAKE · "🚗 TAKE"
phone_ath phone_ath_j1_pull {"state":"jack","jack":{"t":0.8,"ph":"pull"},"flee":{"h":1.885,"hs":1.8,"s":1,"ph":"out","t":0.38,"d":0,"dc":1.6,"dp":0.9},"calls":182,"bub":1}
PASS phone_ath_j1 driver minifig 1.75–1.85 m standing, same scale as the walker (arms up ≤2.4 m) · {"h":1.885,"hs":1.8,"s":1,"ph":"out","t":0.38,"d":0,"dc":1.6,"dp":0.9}
PASS phone_ath_j1 jacked → driving the traffic car · {"state":"car","own":false,"taken":1,"log":["exit@2117,-1627","jack@2130,-1629","★+1:jack","enter:traf@2130,-1629"]}
PASS phone_ath_j1 +1 ★ · {"stars":1,"before":0}
phone_ath phone_ath_j1_flee {"flee":{"h":1.8,"hs":1.8,"s":1,"ph":"run","t":1.65,"d":2.6,"dc":4.7,"dp":4.8},"calls":217,"scr":{"w":0.212,"top":0.49},"bub":1}
PASS phone_ath_j1 driver ran off ≥3 m from the car · {"h":1.8,"hs":1.8,"s":1,"ph":"run","t":1.65,"d":2.6,"dc":4.7,"dp":4.8}
PASS phone_ath_j1 jack ≤20 s after EXIT · {"walkS":1.7}
PASS phone_ath_j1 drove 100 m in the stolen car · 100
PASS phone_ath_j1 tyre gap ≤0.05 m · 0.044
PASS phone_ath_j1 ★ chip visible · {"t":"★1","vis":true,"fs":"14px"}
phone_ath phone_ath_j1_drive {"m":100,"gap":0.044,"lowN":"inst:2304","scr":{"w":0.202,"top":0.502},"scr0":{"w":0.252,"top":0.491},"bc":{"cam":1.2336138856662506,"big":true,"W":2.170554461756736,"L":4.357443203239124,"H":1.8081962945254897,"WB":2.3688622526314314,"of":1},"calls":220,"callsCar0":179,"wall":[null,null]}
phone_ath ath_parked {"b":{"x":1994.8721155214075,"z":-1644.6993885216436,"y":41.510099927601395,"h":1.40127218090937,"d":26.50260425235681,"W":8.5},"n":5,"athPk":10,"nE":12,"ws":[[8.5,8.5,true,30,8],[8.5,8.5,true,30,18],[8.5,8.5,true,30,18],[8.5,8.5,true,30,18],[8.5,8.5,true,30,8],[8.5,8.5,true,30,18],[8.5,8.5,true,30,
PASS phone_ath Athens has kerb-parked cars · {"b":{"x":1994.8721155214075,"z":-1644.6993885216436,"y":41.510099927601395,"h":1.40127218090937,"d":26.50260425235681,"W":8.5},"n":5,"athPk":10,"nE":12,"ws":[[8.5,8.5,true,30,8],[8.5,8.5,true,30,18],[8.5,8.5,true,30,18],[8.5,8.5,true,30,18],[8.5,8.5,true,30,8],[8.5,8.5,true,30,18],[8.5,8.5,true,30,18],[8.5,8.5,true,30,8]],"cands":11,"want":1,"park":10}
PASS phone_ath 0 console errors · []
phone_fra drive1 {"m":61,"v":0,"btn":"exit","canExit":true}
phone_fra exitGap {"n":14,"g":20}
PASS phone_fra EXIT ≥8 px from BOOST and GAS · {"n":14,"g":20}
phone_fra layout_car {"ctl":["tL:◀","tR:▶","tG:GAS","tB:🚪 EXIT","tN:BOOST","tP:❚❚"],"n":6,"ov":[],"tiny":["tN:10px"]}
PASS phone_fra EXIT offered when stopped · {"btn":"exit","idle":0.75,"why":"{\"st\":\"roam\",\"on\":true,\"fr\":false,\"air\":null,\"ch\":true,\"sp\":false,\"card\":false,\"map\":false,\"story\":false,\"cs\":null,\"boat\":false,\"v\":0}"}
PASS phone_fra EXIT → on foot · {"state":"walk"}
phone_fra scale {"fig":1.8,"peds":[1.74,1.74,1.72,1.75,1.77,1.77],"figH":1.8,"calls":187,"callsCar":183}
PASS phone_fra minifig 1.75–1.85 m · 1.8
PASS phone_fra peds near 1.8–2.0 m · [1.74,1.74,1.72,1.75,1.77,1.77]
phone_fra zone {"z":[0,70.734375,340.796875,322.265625],"ring":[60,233,146],"hit":"ofZone","hh":"<div id=\"ofZone\"><div id=\"ofRing\" style=\"left: 130px; top: 232.266px;\"><i></i></div><div id=\"ofHint\" style=\"left: 130px; top: 308.266px;\">DRAG TO WALK</div></di","par":"touch<BODY<HTML","t":393}
phone_fra layout_foot {"ctl":["ofZone:DRAG TO WALK","tG:RUN","tB:🚪 ENTER","tN:JUMP","tP:❚❚"],"n":5,"ov":[],"tiny":[]}
PASS phone_fra ≤5 controls on foot · ["ofZone:DRAG TO WALK","tG:RUN","tB:🚪 ENTER","tN:JUMP","tP:❚❚"]
PASS phone_fra no HUD over controls · []
PASS phone_fra text ≥12 px · []
phone_fra phone_fra_j1_target {"x":1994.4316245922207,"z":7.92,"h":1.5707963267948966,"fx":1,"fz":6.123233995736766e-17,"cv":2,"d":7.668000144247808,"ah":4.863070404650898,"j":3,"k":3}
PASS phone_fra_j1 🚗 TAKE offered at a traffic car · {"btn":"take","near":{"k":"traf","x":1995.8,"z":7.9},"frames":36}
PASS phone_fra_j1 ≤5 controls, no HUD over them (TAKE) · ["ofZone:DRAG TO WALK","tG:RUN","tB:🚗 TAKE","tN:JUMP","tP:❚❚"]
PASS phone_fra_j1 TAKE ≥12 px from JUMP and RUN · {"n":14,"g":20}
PASS phone_fra_j1 button reads TAKE · "🚗 TAKE"
phone_fra phone_fra_j1_pull {"state":"jack","jack":{"t":0.8,"ph":"pull"},"flee":{"h":1.885,"hs":1.8,"s":1,"ph":"out","t":0.37,"d":0,"dc":1.5,"dp":0.9},"calls":189,"bub":2}
PASS phone_fra_j1 driver minifig 1.75–1.85 m standing, same scale as the walker (arms up ≤2.4 m) · {"h":1.885,"hs":1.8,"s":1,"ph":"out","t":0.37,"d":0,"dc":1.5,"dp":0.9}
PASS phone_fra_j1 jacked → driving the traffic car · {"state":"car","own":false,"taken":1,"log":["exit@1999,0","jack@1996,8","★+1:jack","enter:traf@1996,8"]}
PASS phone_fra_j1 +1 ★ · {"stars":1,"before":0}
phone_fra phone_fra_j1_flee {"flee":{"h":1.837,"hs":1.8,"s":1,"ph":"run","t":1.63,"d":2.4,"dc":4.6,"dp":4.6},"calls":192,"scr":{"w":0.201,"top":0.501},"bub":2}
PASS phone_fra_j1 driver ran off ≥3 m from the car · {"h":1.837,"hs":1.8,"s":1,"ph":"run","t":1.63,"d":2.4,"dc":4.6,"dp":4.6}
PASS phone_fra_j1 jack ≤20 s after EXIT · {"walkS":0.6}
PASS phone_fra_j1 drove 100 m in the stolen car · 100
PASS phone_fra_j1 tyre gap ≤0.05 m · 0.031
PASS phone_fra_j1 ★ chip visible · {"t":"★1","vis":true,"fs":"14px"}
phone_fra phone_fra_j1_drive {"m":100,"gap":0.031,"lowN":"inst:2304","scr":{"w":0.206,"top":0.494},"scr0":{"w":0.203,"top":0.494},"bc":{"cam":1.1863242010928634,"big":true,"W":2.185694173635397,"L":5.525046670224136,"H":1.702663666682347,"WB":3.868462188572546,"of":1},"calls":191,"callsCar0":183,"wall":[null,null]}
PASS phone_fra 0 console errors · []
iframe_ath drive1 {"m":60,"v":0,"btn":"exit","canExit":true}
iframe_ath exitGap {"n":14,"g":20}
PASS iframe_ath EXIT ≥8 px from BOOST and GAS · {"n":14,"g":20}
iframe_ath layout_car {"ctl":["tL:◀","tR:▶","tG:GAS","tB:🚪 EXIT","tN:BOOST","tP:❚❚"],"n":6,"ov":[],"tiny":["tN:10px"]}
PASS iframe_ath EXIT offered when stopped · {"btn":"exit","idle":0.75,"why":"{\"st\":\"roam\",\"on\":true,\"fr\":false,\"air\":null,\"ch\":false,\"sp\":false,\"card\":false,\"map\":false,\"story\":false,\"cs\":null,\"boat\":false,\"park\":false,\"v\":0}"}
PASS iframe_ath EXIT → on foot · {"state":"walk"}
iframe_ath scale {"fig":1.8,"peds":[1.77,1.77,1.76,1.75,1.73,1.72],"figH":1.8,"calls":259,"callsCar":254}
PASS iframe_ath minifig 1.75–1.85 m · 1.8
PASS iframe_ath peds near 1.8–2.0 m · [1.77,1.77,1.76,1.75,1.73,1.72]
iframe_ath zone {"z":[0,70.734375,340.796875,322.265625],"ring":[60,233,146],"hit":"ofZone","hh":"<div id=\"ofZone\"><div id=\"ofRing\" style=\"left: 130px; top: 232.266px;\"><i></i></div><div id=\"ofHint\" style=\"left: 130px; top: 308.266px;\">DRAG TO WALK</div></di","par":"touch<BODY<HTML","t":393}
iframe_ath layout_foot {"ctl":["ofZone:DRAG TO WALK","tG:RUN","tB:🚪 ENTER","tN:JUMP","tP:❚❚"],"n":5,"ov":[],"tiny":[]}
PASS iframe_ath ≤5 controls on foot · ["ofZone:DRAG TO WALK","tG:RUN","tB:🚪 ENTER","tN:JUMP","tP:❚❚"]
PASS iframe_ath no HUD over controls · []
PASS iframe_ath text ≥12 px · []
iframe_ath iframe_ath_j1_target {"x":2130.9923853393566,"z":-1628.7139438989695,"h":-1.7599953870060383,"fx":-0.9821551847244906,"fz":-0.1880723082189446,"cv":0,"d":4.80114554683211,"ah":4.092788847072041,"j":9,"k":1}
PASS iframe_ath_j1 🚗 TAKE offered at a traffic car · {"btn":"take","near":{"k":"traf","x":2131,"z":-1628.7},"frames":150}
PASS iframe_ath_j1 ≤5 controls, no HUD over them (TAKE) · ["ofZone:DRAG TO WALK","tG:RUN","tB:🚗 TAKE","tN:JUMP","tP:❚❚"]
PASS iframe_ath_j1 TAKE ≥12 px from JUMP and RUN · {"n":14,"g":20}
PASS iframe_ath_j1 button reads TAKE · "🚗 TAKE"
iframe_ath iframe_ath_j1_pull {"state":"jack","jack":{"t":0.8,"ph":"pull"},"flee":{"h":1.885,"hs":1.8,"s":1,"ph":"out","t":0.38,"d":0,"dc":1.6,"dp":0.9},"calls":238,"bub":1}
PASS iframe_ath_j1 driver minifig 1.75–1.85 m standing, same scale as the walker (arms up ≤2.4 m) · {"h":1.885,"hs":1.8,"s":1,"ph":"out","t":0.38,"d":0,"dc":1.6,"dp":0.9}
PASS iframe_ath_j1 jacked → driving the traffic car · {"state":"car","own":false,"taken":1,"log":["exit@2127,-1630","jack@2131,-1629","★+1:jack","enter:traf@2131,-1629"]}
PASS iframe_ath_j1 +1 ★ · {"stars":1,"before":0}
iframe_ath iframe_ath_j1_flee {"flee":{"h":1.8,"hs":1.8,"s":1,"ph":"run","t":1.65,"d":2.6,"dc":4.7,"dp":4.8},"calls":315,"scr":{"w":0.242,"top":0.523},"bub":1}
PASS iframe_ath_j1 driver ran off ≥3 m from the car · {"h":1.8,"hs":1.8,"s":1,"ph":"run","t":1.65,"d":2.6,"dc":4.7,"dp":4.8}
PASS iframe_ath_j1 jack ≤20 s after EXIT · {"walkS":2.5}
PASS iframe_ath_j1 drove 100 m in the stolen car · 100
PASS iframe_ath_j1 tyre gap ≤0.05 m · 0.036
PASS iframe_ath_j1 ★ chip visible · {"t":"★1","vis":true,"fs":"14px"}
iframe_ath iframe_ath_j1_drive {"m":100,"gap":0.036,"lowN":"inst:2304","scr":{"w":0.234,"top":0.52},"scr0":{"w":0.27,"top":0.493},"bc":{"cam":1.123470938995192,"big":true,"W":2.1682989122607204,"L":4.309969641226353,"H":1.4476583904616815,"WB":2.4657716752611227,"of":1},"calls":296,"callsCar0":254,"wall":[null,null]}
iframe_ath ath_parked {"b":{"x":2013.0592129844229,"z":-1651.0225293393687,"y":40.58894300300314,"h":-1.7203431953740564,"d":9.848507113460782,"W":8.5},"n":5,"athPk":11,"nE":12,"ws":[[8.5,8.5,true,30,8],[8.5,8.5,true,30,8],[8.5,8.5,true,30,18],[8.5,8.5,true,30,18],[8.5,8.5,true,30,18],[8.5,8.5,true,30,8],[8.5,8.5,true,30
PASS iframe_ath Athens has kerb-parked cars · {"b":{"x":2013.0592129844229,"z":-1651.0225293393687,"y":40.58894300300314,"h":-1.7203431953740564,"d":9.848507113460782,"W":8.5},"n":5,"athPk":11,"nE":12,"ws":[[8.5,8.5,true,30,8],[8.5,8.5,true,30,8],[8.5,8.5,true,30,18],[8.5,8.5,true,30,18],[8.5,8.5,true,30,18],[8.5,8.5,true,30,8],[8.5,8.5,true,30,8],[8.5,8.5,true,30,8]],"cands":13,"want":1,"park":11}
PASS iframe_ath 0 console errors · []
iframe_fra drive1 {"m":61,"v":0,"btn":"exit","canExit":true}
iframe_fra exitGap {"n":14,"g":20}
PASS iframe_fra EXIT ≥8 px from BOOST and GAS · {"n":14,"g":20}
iframe_fra layout_car {"ctl":["tL:◀","tR:▶","tG:GAS","tB:🚪 EXIT","tN:BOOST","tP:❚❚"],"n":6,"ov":[],"tiny":["tN:10px"]}
PASS iframe_fra EXIT offered when stopped · {"btn":"exit","idle":0.75,"why":"{\"st\":\"roam\",\"on\":true,\"fr\":false,\"air\":null,\"ch\":true,\"sp\":false,\"card\":false,\"map\":false,\"story\":false,\"cs\":null,\"boat\":false,\"v\":0}"}
PASS iframe_fra EXIT → on foot · {"state":"walk"}
iframe_fra scale {"fig":1.8,"peds":[1.77,1.75,1.75,1.77,1.71,1.72],"figH":1.8,"calls":468,"callsCar":466}
PASS iframe_fra minifig 1.75–1.85 m · 1.8
PASS iframe_fra peds near 1.8–2.0 m · [1.77,1.75,1.75,1.77,1.71,1.72]
iframe_fra zone {"z":[0,70.734375,340.796875,322.265625],"ring":[60,233,146],"hit":"ofZone","hh":"<div id=\"ofZone\"><div id=\"ofRing\" style=\"left: 130px; top: 232.266px;\"><i></i></div><div id=\"ofHint\" style=\"left: 130px; top: 308.266px;\">DRAG TO WALK</div></di","par":"touch<BODY<HTML","t":393}
iframe_fra layout_foot {"ctl":["ofZone:DRAG TO WALK","tG:RUN","tB:🚪 ENTER","tN:JUMP","tP:❚❚"],"n":5,"ov":[],"tiny":[]}
PASS iframe_fra ≤5 controls on foot · ["ofZone:DRAG TO WALK","tG:RUN","tB:🚪 ENTER","tN:JUMP","tP:❚❚"]
PASS iframe_fra no HUD over controls · []
PASS iframe_fra text ≥12 px · []
iframe_fra iframe_fra_j1_target {"x":1996.1905123385513,"z":7.92,"h":1.5707963267948966,"fx":1,"fz":6.123233995736766e-17,"cv":2,"d":6.3927327394524855,"ah":3.105808271107207,"j":4,"k":3}
PASS iframe_fra_j1 🚗 TAKE offered at a traffic car · {"btn":"take","near":{"k":"traf","x":1997.1,"z":7.9},"frames":30}
PASS iframe_fra_j1 ≤5 controls, no HUD over them (TAKE) · ["ofZone:DRAG TO WALK","tG:RUN","tB:🚗 TAKE","tN:JUMP","tP:❚❚"]
PASS iframe_fra_j1 TAKE ≥12 px from JUMP and RUN · {"n":14,"g":20}
PASS iframe_fra_j1 button reads TAKE · "🚗 TAKE"
iframe_fra iframe_fra_j1_pull {"state":"jack","jack":{"t":0.8,"ph":"pull"},"flee":{"h":1.885,"hs":1.8,"s":1,"ph":"out","t":0.37,"d":0,"dc":1.5,"dp":0.9},"calls":269,"bub":2}
PASS iframe_fra_j1 driver minifig 1.75–1.85 m standing, same scale as the walker (arms up ≤2.4 m) · {"h":1.885,"hs":1.8,"s":1,"ph":"out","t":0.37,"d":0,"dc":1.5,"dp":0.9}
PASS iframe_fra_j1 jacked → driving the traffic car · {"state":"car","own":false,"taken":1,"log":["exit@1999,1","jack@1997,8","★+1:jack","enter:traf@1997,8"]}
PASS iframe_fra_j1 +1 ★ · {"stars":1,"before":0}
iframe_fra iframe_fra_j1_flee {"flee":{"h":1.837,"hs":1.8,"s":1,"ph":"run","t":1.63,"d":2.4,"dc":4.6,"dp":4.6},"calls":215,"scr":{"w":0.201,"top":0.501},"bub":2}
PASS iframe_fra_j1 driver ran off ≥3 m from the car · {"h":1.837,"hs":1.8,"s":1,"ph":"run","t":1.63,"d":2.4,"dc":4.6,"dp":4.6}
PASS iframe_fra_j1 jack ≤20 s after EXIT · {"walkS":0.5}
PASS iframe_fra_j1 drove 100 m in the stolen car · 100
PASS iframe_fra_j1 tyre gap ≤0.05 m · 0.031
PASS iframe_fra_j1 ★ chip visible · {"t":"★1","vis":true,"fs":"14px"}
iframe_fra iframe_fra_j1_drive {"m":100,"gap":0.031,"lowN":"inst:2304","scr":{"w":0.206,"top":0.494},"scr0":{"w":0.203,"top":0.494},"bc":{"cam":1.1858705478984908,"big":true,"W":2.185611605008602,"L":5.524823467436473,"H":1.7016620734585564,"WB":3.8692919285928,"of":1},"calls":218,"callsCar0":466,"wall":[null,null]}
PASS iframe_fra 0 console errors · []
desk_ath drive1 {"m":62,"v":0,"btn":"exit","canExit":true}
desk_ath layout_car {"ctl":[],"n":0,"ov":[],"tiny":["SMALL:11px:KM/H"]}
PASS desk_ath EXIT offered when stopped · {"btn":"exit","idle":0.75,"why":"{\"st\":\"roam\",\"on\":true,\"fr\":false,\"air\":null,\"ch\":false,\"sp\":false,\"card\":false,\"map\":false,\"story\":false,\"cs\":null,\"boat\":false,\"v\":0}"}
PASS desk_ath EXIT → on foot · {"state":"walk"}
desk_ath scale {"fig":1.8,"peds":[],"figH":1.8,"calls":115,"callsCar":108}
PASS desk_ath minifig 1.75–1.85 m · 1.8
PASS desk_ath peds near 1.8–2.0 m · []
desk_ath zone {"z":[0,0,0,0],"ring":[0,0,0],"hit":"c","hh":"<canvas id=\"c\" data-engine=\"three.js r164\" width=\"313\" height=\"196\"></canvas>","par":"BODY<HTML","t":0}
desk_ath layout_foot {"ctl":[],"n":0,"ov":[],"tiny":[]}
PASS desk_ath ≤5 controls on foot · []
PASS desk_ath no HUD over controls · []
PASS desk_ath text ≥12 px · []
desk_ath desk_ath_j1_target null
FAIL desk_ath_j1 🚗 TAKE offered at a traffic car · {"btn":"enter","near":{"k":"cur","x":2037.1,"z":-1841.3},"frames":360}
PASS desk_ath_j1 ≤5 controls, no HUD over them (TAKE) · []
FAIL desk_ath_j1 button reads TAKE · "🚪 ENTER"
desk_ath desk_ath_j1_pull {"state":"car","jack":null,"flee":null,"calls":108,"bub":null}
FAIL desk_ath_j1 driver minifig 1.75–1.85 m standing, same scale as the walker (arms up ≤2.4 m) · null
FAIL desk_ath_j1 jacked → driving the traffic car · {"state":"car","own":true,"taken":0,"log":["exit@2037,-1841","enter:cur@2037,-1841"]}
FAIL desk_ath_j1 +1 ★ · {"stars":0,"before":0}
desk_ath desk_ath_j1_flee {"flee":null,"calls":110,"scr":{"w":0.526,"top":0.51},"bub":null}
FAIL desk_ath_j1 driver ran off ≥3 m from the car · null
PASS desk_ath_j1 jack ≤20 s after EXIT · {"walkS":6}
PASS desk_ath_j1 drove 100 m in the stolen car · 101
PASS desk_ath_j1 tyre gap ≤0.05 m · 0.023
FAIL desk_ath_j1 ★ chip visible · null
desk_ath desk_ath_j1_drive {"m":101,"gap":0.023,"lowN":"mesh:3240","scr":{"w":0.525,"top":0.507},"scr0":{"w":0.529,"top":0.504},"calls":144,"callsCar0":108,"wall":[null,null]}
desk_ath ath_parked {"b":{"x":2113.4507333577285,"z":-1625.261434087124,"y":37.82617669788008,"h":1.3815973428119857,"d":116.78788114518235,"W":8.5},"n":2,"athPk":38,"nE":7,"ws":[[8.5,8.5,true,24,8],[8.5,8.5,true,32,8],[8.5,8.5,true,32,18],[8.5,8.5,true,32,18],[8.5,8.5,true,32,18],[8.5,8.5,true,32,8],[8.5,8.5,true,32,8
PASS desk_ath Athens has kerb-parked cars · {"b":{"x":2113.4507333577285,"z":-1625.261434087124,"y":37.82617669788008,"h":1.3815973428119857,"d":116.78788114518235,"W":8.5},"n":2,"athPk":38,"nE":7,"ws":[[8.5,8.5,true,24,8],[8.5,8.5,true,32,8],[8.5,8.5,true,32,18],[8.5,8.5,true,32,18],[8.5,8.5,true,32,18],[8.5,8.5,true,32,8],[8.5,8.5,true,32,8]],"cands":19,"want":1,"park":38}
PASS desk_ath 0 console errors · []
desk_fra drive1 {"m":61,"v":0,"btn":"exit","canExit":true}
desk_fra layout_car {"ctl":[],"n":0,"ov":[],"tiny":["SMALL:11px:KM/H"]}
PASS desk_fra EXIT offered when stopped · {"btn":"exit","idle":0.75,"why":"{\"st\":\"roam\",\"on\":true,\"fr\":false,\"air\":null,\"ch\":true,\"sp\":false,\"card\":false,\"map\":false,\"story\":false,\"cs\":null,\"boat\":false,\"v\":0}"}
PASS desk_fra EXIT → on foot · {"state":"walk"}
desk_fra scale {"fig":1.8,"peds":[1.76,1.77,1.76,1.74,1.77,1.73],"figH":1.8,"calls":171,"callsCar":168}
PASS desk_fra minifig 1.75–1.85 m · 1.8
PASS desk_fra peds near 1.8–2.0 m · [1.76,1.77,1.76,1.74,1.77,1.73]
desk_fra zone {"z":[0,0,0,0],"ring":[0,0,0],"hit":"c","hh":"<canvas id=\"c\" data-engine=\"three.js r164\" width=\"313\" height=\"196\"></canvas>","par":"BODY<HTML","t":0}
desk_fra layout_foot {"ctl":[],"n":0,"ov":[],"tiny":[]}
PASS desk_fra ≤5 controls on foot · []
PASS desk_fra no HUD over controls · []
PASS desk_fra text ≥12 px · []
desk_fra desk_fra_j1_target {"x":1992.9659181035943,"z":7.92,"h":1.5707963267948966,"fx":1,"fz":6.123233995736766e-17,"cv":1.6,"d":8.335076722690998,"ah":5.936744251436494,"j":9,"k":0}
PASS desk_fra_j1 🚗 TAKE offered at a traffic car · {"btn":"take","near":{"k":"traf","x":2003.3,"z":7.9},"frames":36}
PASS desk_fra_j1 ≤5 controls, no HUD over them (TAKE) · []
FAIL desk_fra_j1 button reads TAKE · "BRAKE"
desk_fra desk_fra_j1_pull {"state":"walk","jack":null,"flee":null,"calls":168,"bub":null}
FAIL desk_fra_j1 driver minifig 1.75–1.85 m standing, same scale as the walker (arms up ≤2.4 m) · null
FAIL desk_fra_j1 jacked → driving the traffic car · {"state":"walk","own":true,"taken":0,"log":["exit@1999,0"]}
FAIL desk_fra_j1 +1 ★ · {"stars":0,"before":0}
desk_fra desk_fra_j1_flee {"flee":null,"calls":168,"scr":null,"bub":null}
FAIL desk_fra_j1 driver ran off ≥3 m from the car · null
PASS desk_fra_j1 jack ≤20 s after EXIT · {"walkS":0.6}
FAIL desk_fra_j1 drove 100 m in the stolen car · 49
FAIL desk_fra_j1 tyre gap ≤0.05 m · null
FAIL desk_fra_j1 ★ chip visible · null
desk_fra desk_fra_j1_drive {"m":49,"gap":null,"lowN":"","scr":null,"scr0":{"w":0.276,"top":0.494},"calls":153,"callsCar0":168,"wall":[null,null]}
PASS desk_fra 0 console errors · []
TJACK_FAIL 15
