top 0 0 false true false false [
  6366,  -2942, 161,
  1616,  0,     false,
  false, false, 0
]
top 1 23 false true false false [
  6363,  -2943, 161,
  1616,  0,     false,
  false, false, 0
]
top 2 50 false true false false [
  6353,  -2944, 162,
  1616,  0,     false,
  false, false, 0
]
top 3 75 false true false false [
  6336,  -2946, 164,
  1616,  0,     false,
  false, false, 0
]
top 4 98 false true false false [
  6312,  -2950, 166,
  1616,  0,     false,
  false, false, 0
]
top 5 119 false true false false [
  6282,  -2954, 169,
  1616,  0,     false,
  false, false, 0
]
top 6 138 false true false false [
  6246,  -2959, 173,
  1616,  0,     false,
  false, false, 0
]
top 7 154 false true false false [
  6206,  -2964, 177,
  1616,  0,     false,
  false, false, 0
]
top 8 167 false true false false [
  6162,  -2971, 182,
  1616,  0,     false,
  false, false, 0
]
top 9 179 false true false false [
  6114,  -2978, 186,
  1616,  0,     false,
  false, false, 0
]
top 10 189 false true false false [
  6064,  -2985, 192,
  1616,  0,     false,
  false, false, 0
]
top 11 197 false true false false [
  6011,  -2993, 197,
  1616,  0,     false,
  false, false, 0
]
top 12 203 false true false false [
  5956,  -3001, 202,
  1616,  0,     false,
  false, false, 0
]
top 13 208 false true false false [
  5899,  -3010, 208,
  1616,  0,     false,
  false, false, 0
]
top 14 211 false true false false [
  5841,  -3018, 214,
  1616,  0,     false,
  false, false, 0
]
top 15 213 false true false false [
  5783,  -3027, 220,
  1616,  0,     false,
  false, false, 0
]
top 16 215 false true false false [
  5724,  -3036, 226,
  1616,  0,     false,
  false, false, 0
]
top 17 218 false true false false [
  5665,  -3045, 232,
  1616,  0,     false,
  false, false, 0
]
top 18 220 false true false false [
  5605,  -3054, 238,
  1616,  0,     false,
  false, false, 0
]
top 19 222 false true false false [
  5544,  -3064, 244,
  1616,  0,     false,
  false, false, 0
]
top 20 224 false true false false [
  5483,  -3074, 250,
  1616,  0,     false,
  false, false, 0
]
top 21 225 false true false false [
  5421,  -3084, 257,
  1616,  0,     false,
  false, false, 0
]
top 22 226 false true false false [
  5359,  -3094, 263,
  1616,  0,     false,
  false, false, 0
]
top 23 227 false true false false [
  5297,  -3104, 269,
  1616,  0,     false,
  false, false, 0
]
top 24 226 false true false false [
  5235,  -3114, 275,
  1616,  0,     false,
  false, false, 0
]
top 25 226 false true false false [
  5173,  -3125, 282,
  1616,  0,     false,
  false, false, 0
]
top 26 226 false true false false [
  5111,  -3135, 288,
  1616,  0,     false,
  false, false, 0
]
top 27 227 false true false false [
  5050,  -3146, 294,
  1616,  0,     false,
  false, false, 0
]
top 28 227 false true false false [
  4988,  -3157, 301,
  1616,  0,     false,
  false, false, 0
]
top 29 227 false true false false [
  4925,  -3168, 307,
  1616,  0,     false,
  false, false, 0
]
top 30 228 false true false false [
  4863,  -3180, 313,
  1616,  0,     false,
  false, false, 0
]
top 31 228 false true false false [
  4801,  -3192, 319,
  1616,  0,     false,
  false, false, 0
]
top 32 228 false true false false [
  4739,  -3204, 326,
  1616,  0,     false,
  false, false, 0
]
top 33 229 false true false false [
  4677,  -3221, 332,
  1616,  0,     false,
  false, false, 0
]
top 34 229 false true false false [
  4615,  -3234, 339,
  1616,  0,     false,
  false, false, 0
]
top 35 229 false true false false [
  4553,  -3249, 345,
  1616,  0,     false,
  false, false, 0
]
top 36 229 false true false false [
  4492,  -3265, 351,
  1616,  0,     false,
  false, false, 0
]
top 37 230 false true false false [
  4430,  -3281, 358,
  1616,  0,     false,
  false, false, 0
]
top 38 230 false true false false [
  4369,  -3298, 364,
  1616,  0,     false,
  false, false, 0
]
top 39 230 false true false false [
  4307,  -3315, 370,
  1616,  0,     false,
  false, false, 0
]
top 40 229 false true false false [
  4245,  -3328, 377,
  1616,  0,     false,
  false, false, -0
]
top 41 229 false true false false [
  4182,  -3341, 383,
  1616,  0,     false,
  false, false, 0
]
top 42 230 false true false false [
  4120,  -3353, 390,
  1616,  0,     false,
  false, false, 0
]
top 43 230 false true false false [
  4059,  -3363, 396,
  1616,  0,     false,
  false, false, 15
]
top 44 27 false true false false [
  4064,  -3361, 395,
  1616,  0,     false,
  false, false, 0
]
boost 0 6 false true false false [
  4065,  -3359, 395,
  1616,  0,     false,
  false, false, 0
]
boost 1 55 false true false false [
  4060,  -3364, 396,
  1616,  0,     false,
  false, false, 0
]
boost 2 102 false true false false [
  4060,  -3386, 396,
  1616,  0,     false,
  false, false, 0
]
boost 3 143 false true false false [
  4059,  -3420, 396,
  1616,  0,     false,
  false, false, 0
]
boost 4 178 false true false false [
  4059,  -3466, 397,
  1616,  0,     false,
  false, false, 0
]
boost 5 196 false true false false [
  4058,  -3518, 398,
  1616,  0,     false,
  false, false, 0
]
boost 6 20 false true false false [
  4058,  -3534, 398,
  1616,  0,     false,
  false, false, 0
]
boost 7 11 false true false false [
  4058,  -3534, 398,
  1616,  0,     false,
  false, false, 0
]
boost 8 15 false true false false [
  4058,  -3534, 398,
  1616,  0,     false,
  false, false, 0
]
boost 9 65 false true false false [
  4058,  -3522, 398,
  1616,  0,     false,
  false, false, 0
]
boost 10 110 false true false false [
  4058,  -3497, 397,
  1616,  0,     false,
  false, false, 0
]
boost 11 151 false true false false [
  4059,  -3460, 397,
  1616,  0,     false,
  false, false, 0
]
{"wrecks":0,"form":"ship","road":"autobahn","cls":"spSport","veh":"car","onAB":true,"inCity":false,"top":{"max":230,"plateau":12,"t100":4.1,"hud":6},"boost":{"max":198,"plateau":167,"t100":2,"hud":184}}
top 0 4 false false true false [
  1543,  1449,  60,
  604,   0,     false,
  false, false, 0
]
top 1 28 false false true false [
  1540,  1450,  61,
  604,   0,     false,
  false, false, 0
]
top 2 54 false false true false [
  1529,  1454,  62,
  604,   0,     false,
  false, false, 0
]
top 3 77 false false true false [
  1511,  1459,  64,
  604,   0,     false,
  false, false, 0
]
top 4 99 false false true false [
  1488,  1467,  67,
  604,   0,     false,
  false, false, 0
]
top 5 123 false false true false [
  1458,  1477,  71,
  604,   0,     false,
  false, false, 12
]
top 6 123 false false true false [
  1426,  1487,  76,
  604,   0,     false,
  false, false, 14
]
top 7 123 false false true false [
  1393,  1498,  80,
  604,   0,     false,
  false, false, 1
]
top 8 137 false false true false [
  1359,  1509,  84,
  604,   0,     false,
  false, false, 0
]
top 9 149 false false true false [
  1321,  1520,  89,
  604,   0,     false,
  false, false, 0
]
top 10 158 false false true false [
  1280,  1532,  95,
  604,   0,     false,
  false, false, 0
]
top 11 166 false false true false [
  1237,  1544,  100,
  604,   0,     false,
  false, false, 0
]
top 12 172 false false true false [
  1191,  1557,  106,
  604,   0,     false,
  false, false, 0
]
top 13 176 false false true false [
  1145,  1569,  112,
  604,   0,     false,
  false, false, 0
]
top 14 180 false false true false [
  1097,  1580,  118,
  604,   0,     false,
  false, false, 0
]
top 15 203 false false true false [
  1045,  1592,  125,
  604,   0,     false,
  false, false, 11
]
top 16 203 false false true false [
  990,   1604,  132,
  604,   0,     false,
  false, false, 8
]
top 17 195 false false true false [
  935,   1615,  139,
  604,   0,     false,
  false, false, 0
]
top 18 191 false false true false [
  882,   1624,  146,
  604,   0,     false,
  false, false, 0
]
top 19 191 false false true false [
  830,   1633,  152,
  604,   0,     false,
  false, false, 0
]
top 20 191 false false true false [
  778,   1642,  159,
  604,   0,     false,
  false, false, 0
]
top 21 191 false false true false [
  725,   1650,  166,
  604,   0,     false,
  false, false, 0
]
top 22 213 false false true false [
  668,   1659,  173,
  604,   0,     false,
  false, false, 10
]
top 23 213 false false true false [
  609,   1668,  180,
  604,   0,     false,
  false, false, 1
]
top 24 192 false false true false [
  554,   1671,  187,
  604,   0,     false,
  false, false, 0
]
top 25 191 false false true false [
  501,   1677,  194,
  604,   0,     false,
  false, false, 0
]
top 26 170 false false true false [
  461,   1682,  199,
  604,   -9,    false,
  false, false, 0
]
top 27 175 false false true false [
  413,   1683,  205,
  604,   -9,    false,
  false, false, 0
]
top 28 7 false false true false [
  387,   1684,  208,
  604,   -9,    false,
  false, false, 0
]
top 29 3 false false true false [
  385,   1681,  208,
  604,   -9,    false,
  false, false, 0
]
boost 0 9 false false true false [
  382,   1681,  209,
  604,   -9,    false,
  false, false, 0
]
boost 1 10 false false true false [
  378,   1681,  209,
  604,   -1,    false,
  false, false, 0
]
boost 2 48 false false true false [
  370,   1683,  210,
  604,   -1,    false,
  false, false, 0
]
boost 3 94 false false true false [
  350,   1687,  213,
  604,   -1,    false,
  false, false, 0
]
boost 4 133 false false true false [
  318,   1691,  217,
  604,   -1,    false,
  false, false, 0
]
boost 5 152 false false true false [
  286,   1693,  221,
  604,   -1,    false,
  false, false, 0
]
{"wrecks":0,"form":"ship","road":"city","cls":"spSport","veh":"car","onAB":false,"inCity":true,"top":{"max":213,"plateau":9,"t100":4.1,"hud":9},"boost":{"max":177,"plateau":165,"t100":3.2,"hud":201}}
top 0 4 false true false false [
  6365,  -2942, 161,
  1616,  -1,    false,
  false, false, 0
]
top 1 28 false true false false [
  6361,  -2943, 161,
  1616,  -1,    false,
  false, false, 0
]
top 2 53 false true false false [
  6350,  -2944, 163,
  1616,  -1,    false,
  false, false, 0
]
top 3 75 false true false false [
  6332,  -2947, 164,
  1616,  -1,    false,
  false, false, 0
]
top 4 94 false true false false [
  6309,  -2950, 167,
  1616,  -1,    false,
  false, false, 0
]
top 5 109 false true false false [
  6281,  -2954, 170,
  1616,  -1,    false,
  false, false, 0
]
top 6 121 false true false false [
  6249,  -2958, 173,
  1616,  -1,    false,
  false, false, 0
]
top 7 131 false true false false [
  6214,  -2963, 176,
  1616,  -1,    false,
  false, false, 0
]
top 8 137 false true false false [
  6177,  -2968, 180,
  1616,  -1,    false,
  false, false, 0
]
top 9 142 false true false false [
  6139,  -2974, 184,
  1616,  -1,    false,
  false, false, 0
]
top 10 146 false true false false [
  6099,  -2980, 188,
  1616,  -1,    false,
  false, false, 0
]
top 11 149 false true false false [
  6058,  -2986, 192,
  1616,  -1,    false,
  false, false, 0
]
top 12 151 false true false false [
  6017,  -2992, 196,
  1616,  -1,    false,
  false, false, 0
]
top 13 152 false true false false [
  5976,  -2998, 200,
  1616,  -1,    false,
  false, false, 0
]
top 14 153 false true false false [
  5934,  -3004, 205,
  1616,  -1,    false,
  false, false, 0
]
top 15 152 false true false false [
  5892,  -3011, 209,
  1616,  -1,    false,
  false, false, 0
]
top 16 151 false true false false [
  5850,  -3017, 213,
  1616,  -1,    false,
  false, false, 0
]
top 17 150 false true false false [
  5809,  -3023, 217,
  1616,  -1,    false,
  false, false, 0
]
top 18 150 false true false false [
  5768,  -3029, 221,
  1616,  -1,    false,
  false, false, 0
]
top 19 150 false true false false [
  5727,  -3036, 226,
  1616,  -1,    false,
  false, false, 0
]
top 20 151 false true false false [
  5685,  -3042, 230,
  1616,  -1,    false,
  false, false, 0
]
top 21 152 false true false false [
  5644,  -3049, 234,
  1616,  -1,    false,
  false, false, 0
]
top 22 153 false true false false [
  5602,  -3055, 238,
  1616,  -1,    false,
  false, false, 0
]
top 23 153 false true false false [
  5560,  -3062, 242,
  1616,  -1,    false,
  false, false, 0
]
top 24 154 false true false false [
  5518,  -3068, 247,
  1616,  -1,    false,
  false, false, 0
]
top 25 154 false true false false [
  5476,  -3075, 251,
  1616,  -1,    false,
  false, false, 0
]
top 26 155 false true false false [
  5433,  -3082, 255,
  1616,  -1,    false,
  false, false, 0
]
top 27 155 false true false false [
  5391,  -3089, 260,
  1616,  -1,    false,
  false, false, 0
]
top 28 155 false true false false [
  5349,  -3096, 264,
  1616,  -1,    false,
  false, false, 0
]
top 29 155 false true false false [
  5306,  -3103, 268,
  1616,  -1,    false,
  false, false, 0
]
top 30 154 false true false false [
  5264,  -3110, 272,
  1616,  -1,    false,
  false, false, 0
]
top 31 153 false true false false [
  5222,  -3117, 277,
  1616,  -1,    false,
  false, false, 0
]
top 32 153 false true false false [
  5180,  -3124, 281,
  1616,  -1,    false,
  false, false, 0
]
top 33 153 false true false false [
  5138,  -3131, 285,
  1616,  -1,    false,
  false, false, 0
]
top 34 153 false true false false [
  5096,  -3139, 289,
  1616,  -1,    false,
  false, false, 0
]
top 35 153 false true false false [
  5055,  -3146, 294,
  1616,  -1,    false,
  false, false, 0
]
top 36 153 false true false false [
  5013,  -3154, 298,
  1616,  -1,    false,
  false, false, 0
]
top 37 154 false true false false [
  4971,  -3161, 302,
  1616,  -1,    false,
  false, false, 0
]
top 38 154 false true false false [
  4929,  -3169, 307,
  1616,  -1,    false,
  false, false, 0
]
top 39 154 false true false false [
  4887,  -3177, 311,
  1616,  -1,    false,
  false, false, 0
]
top 40 154 false true false false [
  4844,  -3185, 315,
  1616,  -1,    false,
  false, false, 0
]
top 41 155 false true false false [
  4802,  -3193, 319,
  1616,  -1,    false,
  false, false, 0
]
top 42 155 false true false false [
  4760,  -3201, 324,
  1616,  -1,    false,
  false, false, 0
]
top 43 155 false true false false [
  4718,  -3210, 328,
  1616,  -1,    false,
  false, false, 0
]
top 44 155 false true false false [
  4676,  -3219, 332,
  1616,  -1,    false,
  false, false, 0
]
boost 0 155 false true false false [
  4633,  -3228, 337,
  1616,  -1,    false,
  false, false, 0
]
boost 1 166 false true false false [
  4590,  -3239, 341,
  1616,  -1,    false,
  false, false, 0
]
boost 2 173 false true false false [
  4544,  -3251, 346,
  1616,  -1,    false,
  false, false, 0
]
boost 3 178 false true false false [
  4497,  -3263, 351,
  1616,  -1,    false,
  false, false, 0
]
boost 4 180 false true false false [
  4449,  -3276, 356,
  1616,  -1,    false,
  false, false, 0
]
boost 5 182 false true false false [
  4400,  -3290, 361,
  1616,  -1,    false,
  false, false, 0
]
boost 6 182 false true false false [
  4351,  -3303, 366,
  1616,  -1,    false,
  false, false, 0
]
boost 7 183 false true false false [
  4302,  -3316, 371,
  1616,  -1,    false,
  false, false, 0
]
boost 8 183 false true false false [
  4253,  -3329, 376,
  1616,  -1,    false,
  false, false, 0
]
boost 9 183 false true false false [
  4203,  -3340, 381,
  1616,  -1,    false,
  false, false, 0
]
boost 10 183 false true false false [
  4153,  -3346, 386,
  1616,  -1,    false,
  false, false, 0
]
boost 11 183 false true false false [
  4102,  -3355, 391,
  1616,  -1,    false,
  false, false, 0
]
{"wrecks":0,"form":"offroad","road":"autobahn","cls":"spSuv","veh":"4x4","onAB":true,"inCity":false,"top":{"max":155,"plateau":155,"t100":4.4,"hud":155},"boost":{"max":183,"plateau":183,"t100":0,"hud":183}}
top 0 4 false false true false [
  1543,  1449,  60,
  604,   -1,    false,
  false, false, 0
]
top 1 27 false false true false [
  1540,  1450,  61,
  604,   -1,    false,
  false, false, 0
]
top 2 52 false false true false [
  1529,  1453,  62,
  604,   -1,    false,
  false, false, 0
]
top 3 72 false false true false [
  1512,  1458,  64,
  604,   -1,    false,
  false, false, 0
]
top 4 89 false false true false [
  1491,  1465,  67,
  604,   -1,    false,
  false, false, 0
]
top 5 110 false false true false [
  1465,  1473,  70,
  604,   -1,    false,
  false, false, 10
]
top 6 110 false false true false [
  1436,  1483,  74,
  604,   -1,    false,
  false, false, 14
]
top 7 110 false false true false [
  1407,  1492,  78,
  604,   -1,    false,
  false, false, 5
]
top 8 115 false false true false [
  1377,  1502,  82,
  604,   -1,    false,
  false, false, 0
]
top 9 120 false false true false [
  1346,  1511,  86,
  604,   -1,    false,
  false, false, 0
]
top 10 122 false false true false [
  1314,  1521,  90,
  604,   -1,    false,
  false, false, 0
]
top 11 124 false false true false [
  1281,  1531,  95,
  604,   -1,    false,
  false, false, 0
]
top 12 126 false false true false [
  1247,  1540,  99,
  604,   -1,    false,
  false, false, 0
]
top 13 126 false false true false [
  1214,  1550,  103,
  604,   -1,    false,
  false, false, 0
]
top 14 127 false false true false [
  1180,  1559,  108,
  604,   -1,    false,
  false, false, 0
]
top 15 127 false false true false [
  1145,  1567,  112,
  604,   -1,    false,
  false, false, 0
]
top 16 128 false false true false [
  1111,  1576,  117,
  604,   -1,    false,
  false, false, 0
]
top 17 128 false false true false [
  1076,  1584,  121,
  604,   -1,    false,
  false, false, 0
]
top 18 143 false false true false [
  1038,  1592,  126,
  604,   -1,    false,
  false, false, 15
]
top 19 143 false false true false [
  999,   1601,  131,
  604,   -1,    false,
  false, false, 10
]
top 20 134 false false true false [
  961,   1609,  136,
  604,   -1,    false,
  false, false, 0
]
top 21 129 false false true false [
  925,   1615,  140,
  604,   -1,    false,
  false, false, 0
]
top 22 129 false false true false [
  890,   1621,  145,
  604,   -1,    false,
  false, false, 0
]
top 23 129 false false true false [
  854,   1628,  149,
  604,   -1,    false,
  false, false, 0
]
top 24 129 false false true false [
  819,   1634,  154,
  604,   -1,    false,
  false, false, 0
]
top 25 129 false false true false [
  784,   1640,  158,
  604,   -1,    false,
  false, false, 0
]
top 26 129 false false true false [
  748,   1645,  163,
  604,   -1,    false,
  false, false, 0
]
top 27 144 false false true false [
  713,   1651,  167,
  604,   -1,    false,
  false, false, 9
]
top 28 144 false false true false [
  673,   1657,  172,
  604,   -1,    false,
  false, false, 14
]
top 29 144 false false true false [
  633,   1663,  177,
  604,   -1,    false,
  false, false, 5
]
boost 0 130 false false true false [
  595,   1668,  182,
  604,   -1,    false,
  false, false, 0
]
boost 1 140 false false true false [
  558,   1672,  187,
  604,   -1,    false,
  false, false, 0
]
boost 2 146 false false true false [
  518,   1677,  192,
  604,   -1,    false,
  false, false, 0
]
boost 3 149 false false true false [
  477,   1681,  197,
  604,   -1,    false,
  false, false, 0
]
boost 4 150 false false true false [
  444,   1685,  201,
  604,   9,     false,
  false, false, 0
]
boost 5 151 false false true false [
  404,   1692,  206,
  604,   9,     false,
  false, false, 0
]
{"wrecks":0,"form":"offroad","road":"city","cls":"spSuv","veh":"4x4","onAB":false,"inCity":true,"top":{"max":144,"plateau":137,"t100":4.8,"hud":130},"boost":{"max":151,"plateau":52,"t100":0,"hud":31}}
SPEED done · errs 0 []
