dbg 0 {"x":2065,"z":-1639,"v":0,"arr":[2039,-1643,26],"dest":[2039,-1643],"kind":"arrow","los":true,"rl":3,"bi":0,"bd":11,"ae":3.14,"c":{"steer":1,"gas":false,"brake":true,"drift":false,"boost":false}}
dbg 120 {"x":2064,"z":-1639,"v":15,"arr":[2039,-1643,25],"dest":[2039,-1643],"kind":"arrow","los":true,"rl":3,"bi":0,"bd":12,"ae":2.46,"c":{"steer":-1,"gas":true,"brake":false,"drift":false,"boost":false}}
dbg 240 {"x":2060,"z":-1656,"v":39,"arr":[2039,-1643,25],"dest":[2039,-1643],"kind":"arrow","los":true,"rl":3,"bi":1,"bd":19,"ae":1.15,"c":{"steer":-1,"gas":false,"brake":false,"drift":false,"boost":false}}
dbg 360 {"x":2041,"z":-1651,"v":26,"arr":[1980,-1652,61],"dest":[1979,-1652],"kind":"arrow","los":true,"rl":3,"bi":0,"bd":9,"ae":-1,"c":{"steer":1,"gas":true,"brake":false,"drift":false,"boost":false}}
dbg 480 {"x":2025,"z":-1649,"v":28,"arr":[1979,-1652,46],"dest":[1979,-1652],"kind":"arrow","los":true,"rl":3,"bi":0,"bd":21,"ae":-0.09,"c":{"steer":0,"gas":true,"brake":false,"drift":false,"boost":false}}
dbg 600 {"x":2011,"z":-1650,"v":9,"arr":[1967,-1655,44],"dest":[1979,-1652],"kind":"arrow","los":true,"rl":3,"bi":1,"bd":23,"ae":-0.02,"c":{"steer":0,"gas":true,"brake":false,"drift":false,"boost":false}}
dbg 720 {"x":1990,"z":-1651,"v":69,"arr":[1967,-1655,24],"dest":[1979,-1652],"kind":"arrow","los":true,"rl":2,"bi":0,"bd":6,"ae":0.06,"c":{"steer":0,"gas":false,"brake":true,"drift":false,"boost":true}}
dbg 840 {"x":1961,"z":-1647,"v":33,"arr":null,"dest":[2143,-2297],"kind":"wander","los":false,"rl":43,"bi":0,"bd":7,"ae":2.03,"c":{"steer":-1,"gas":true,"brake":false,"drift":false,"boost":false}}
dbg 960 {"x":1960,"z":-1643,"v":6,"arr":null,"dest":[2143,-2297],"kind":"wander","los":false,"rl":43,"bi":0,"bd":11,"ae":2.21,"c":{"steer":-1,"gas":true,"brake":false,"drift":false,"boost":false}}
dbg 1080 {"x":1946,"z":-1644,"v":50,"arr":null,"dest":[2143,-2297],"kind":"wander","los":false,"rl":43,"bi":0,"bd":14,"ae":-3.1,"c":{"steer":1,"gas":true,"brake":false,"drift":false,"boost":false}}
dbg 1200 {"x":1934,"z":-1651,"v":2,"arr":null,"dest":[2143,-2297],"kind":"wander","los":false,"rl":43,"bi":0,"bd":10,"ae":-1.35,"c":{"steer":1,"gas":true,"brake":false,"drift":false,"boost":false}}
dbg 1320 {"x":1949,"z":-1651,"v":55,"arr":null,"dest":[2143,-2297],"kind":"wander","los":false,"rl":43,"bi":0,"bd":20,"ae":-0.03,"c":{"steer":0,"gas":true,"brake":false,"drift":false,"boost":true}}
dbg 1440 {"x":1998,"z":-1657,"v":91,"arr":[1820,-1680,179],"dest":[1820,-1681],"kind":"arrow","los":true,"rl":3,"bi":0,"bd":5,"ae":2.37,"c":{"steer":-1,"gas":false,"brake":true,"drift":false,"boost":false}}
dbg 1560 {"x":2003,"z":-1657,"v":-31,"arr":[1820,-1681,185],"dest":[1820,-1681],"kind":"arrow","los":true,"rl":3,"bi":0,"bd":17,"ae":1.5,"c":{"steer":1,"gas":true,"brake":false,"drift":false,"boost":false}}
dbg 1680 {"x":2001,"z":-1656,"v":29,"arr":[1820,-1681,183],"dest":[1820,-1681],"kind":"arrow","los":true,"rl":3,"bi":0,"bd":15,"ae":0.39,"c":{"steer":-1,"gas":true,"brake":false,"drift":false,"boost":false}}
dbg 1800 {"x":1973,"z":-1660,"v":74,"arr":[1820,-1681,154],"dest":[1820,-1681],"kind":"arrow","los":true,"rl":3,"bi":0,"bd":13,"ae":-0.2,"c":{"steer":1,"gas":true,"brake":false,"drift":false,"boost":false}}
dbg 1920 {"x":1926,"z":-1673,"v":97,"arr":[1820,-1681,107],"dest":[1820,-1681],"kind":"arrow","los":true,"rl":3,"bi":0,"bd":60,"ae":0.23,"c":{"steer":-1,"gas":true,"brake":false,"drift":false,"boost":false}}
dbg 2040 {"x":1859,"z":-1679,"v":123,"arr":[1820,-1680,39],"dest":[1820,-1681],"kind":"arrow","los":true,"rl":2,"bi":0,"bd":9,"ae":0.17,"c":{"steer":-1,"gas":true,"brake":false,"drift":false,"boost":false}}
dbg 2160 {"x":1811,"z":-1683,"v":51,"arr":[1820,-1680,9],"dest":[1820,-1681],"kind":"arrow","los":true,"rl":2,"bi":1,"bd":7,"ae":-2.44,"c":{"steer":1,"gas":false,"brake":true,"drift":false,"boost":false}}
dbg 2280 {"x":1817,"z":-1695,"v":33,"arr":[1820,-1681,15],"dest":[1820,-1681],"kind":"arrow","los":true,"rl":2,"bi":1,"bd":19,"ae":-1.51,"c":{"steer":1,"gas":false,"brake":false,"drift":false,"boost":false}}
dbg 2400 {"x":1824,"z":-1688,"v":2,"arr":[1854,-1687,30],"dest":[1854,-1683],"kind":"arrow","los":true,"rl":3,"bi":0,"bd":9,"ae":1.42,"c":{"steer":-1,"gas":true,"brake":false,"drift":false,"boost":false}}
dbg 2520 {"x":1826,"z":-1688,"v":4,"arr":[1808,-1712,30],"dest":[1823,-1717],"kind":"arrow","los":true,"rl":2,"bi":0,"bd":9,"ae":1.09,"c":{"steer":-1,"gas":true,"brake":false,"drift":false,"boost":false}}
dbg 2640 {"x":1821,"z":-1693,"v":37,"arr":[1811,-1665,30],"dest":[1799,-1677],"kind":"arrow","los":true,"rl":2,"bi":0,"bd":12,"ae":1.03,"c":{"steer":-1,"gas":true,"brake":false,"drift":false,"boost":false}}
dbg 2760 {"x":1803,"z":-1678,"v":48,"arr":null,"dest":[2360,-1774],"kind":"wander","los":false,"rl":17,"bi":0,"bd":9,"ae":2.08,"c":{"steer":-1,"gas":true,"brake":true,"drift":false,"boost":true}}
dbg 2880 {"x":1794,"z":-1636,"v":99,"arr":[1686,-1199,450],"dest":[1681,-1198],"kind":"arrow","los":false,"rl":6,"bi":0,"bd":15,"ae":0.17,"c":{"steer":-1,"gas":true,"brake":false,"drift":false,"boost":false}}
dbg 3000 {"x":1793,"z":-1601,"v":-47,"arr":[1694,-1142,470],"dest":[1694,-1142],"kind":"arrow","los":false,"rl":3,"bi":0,"bd":13,"ae":-0.15,"c":{"steer":-1,"gas":true,"brake":false,"drift":false,"boost":false}}
dbg 3120 {"x":1793,"z":-1594,"v":-10,"arr":[1691,-1136,470],"dest":[1692,-1142],"kind":"arrow","los":false,"rl":3,"bi":0,"bd":17,"ae":-0.03,"c":{"steer":0,"gas":true,"brake":false,"drift":false,"boost":false}}
dbg 3240 {"x":1795,"z":-1593,"v":17,"arr":[2229,-1290,530],"dest":[2229,-1290],"kind":"arrow","los":false,"rl":9,"bi":0,"bd":18,"ae":-0.76,"c":{"steer":1,"gas":true,"brake":false,"drift":false,"boost":false}}
dbg 3360 {"x":1794,"z":-1572,"v":67,"arr":[1584,-1108,510],"dest":[1605,-1106],"kind":"arrow","los":false,"rl":9,"bi":0,"bd":24,"ae":0.15,"c":{"steer":-1,"gas":true,"brake":false,"drift":false,"boost":true}}
dbg 3480 {"x":1793,"z":-1569,"v":1,"arr":[1514,-1083,560],"dest":[1514,-1083],"kind":"arrow","los":false,"rl":9,"bi":0,"bd":21,"ae":0.23,"c":{"steer":1,"gas":true,"brake":false,"drift":false,"boost":false}}
dbg 3600 {"x":1781,"z":-1568,"v":44,"arr":[1195,-1365,620],"dest":[1195,-1365],"kind":"arrow","los":false,"rl":9,"bi":0,"bd":12,"ae":1.16,"c":{"steer":-1,"gas":true,"brake":false,"drift":false,"boost":false}}
dbg 3720 {"x":1768,"z":-1550,"v":22,"arr":[1675,-957,600],"dest":[1677,-961],"kind":"arrow","los":false,"rl":3,"bi":0,"bd":9,"ae":-0.06,"c":{"steer":0,"gas":true,"brake":false,"drift":false,"boost":false}}
dbg 3840 {"x":1766,"z":-1535,"v":30,"arr":[1658,-894,650],"dest":[1662,-891],"kind":"arrow","los":false,"rl":12,"bi":0,"bd":5,"ae":-0.03,"c":{"steer":0,"gas":true,"brake":false,"drift":false,"boost":false}}
dbg 3960 {"x":1763,"z":-1516,"v":38,"arr":[1648,-897,630],"dest":[1662,-891],"kind":"arrow","los":false,"rl":12,"bi":0,"bd":24,"ae":0.12,"c":{"steer":0,"gas":true,"brake":false,"drift":false,"boost":false}}
dbg 4080 {"x":1760,"z":-1502,"v":3,"arr":[1717,-833,670],"dest":[1717,-833],"kind":"arrow","los":false,"rl":10,"bi":0,"bd":10,"ae":-0.03,"c":{"steer":0,"gas":true,"brake":false,"drift":false,"boost":false}}
dbg 4200 {"x":1760,"z":-1498,"v":8,"arr":[1827,-771,730],"dest":[1827,-771],"kind":"arrow","los":false,"rl":9,"bi":0,"bd":14,"ae":-0.02,"c":{"steer":0,"gas":true,"brake":false,"drift":false,"boost":false}}
dbg 4320 {"x":1756,"z":-1479,"v":60,"arr":[1650,-777,710],"dest":[1650,-777],"kind":"arrow","los":false,"rl":14,"bi":0,"bd":2,"ae":-0.11,"c":{"steer":0,"gas":true,"brake":false,"drift":false,"boost":false}}
dbg 4440 {"x":1748,"z":-1436,"v":14,"arr":[1607,-781,670],"dest":[1601,-789],"kind":"arrow","los":false,"rl":15,"bi":0,"bd":14,"ae":-0.12,"c":{"steer":0,"gas":true,"brake":false,"drift":false,"boost":false}}
dbg 4560 {"x":1747,"z":-1432,"v":6,"arr":[1505,-743,730],"dest":[1505,-743],"kind":"arrow","los":false,"rl":9,"bi":0,"bd":10,"ae":-0.11,"c":{"steer":0,"gas":true,"brake":false,"drift":false,"boost":false}}
dbg 4680 {"x":1747,"z":-1425,"v":34,"arr":[1461,-689,790],"dest":[1461,-689],"kind":"arrow","los":false,"rl":9,"bi":0,"bd":6,"ae":-0.08,"c":{"steer":0,"gas":true,"brake":false,"drift":false,"boost":false}}
dbg 4800 {"x":1743,"z":-1400,"v":39,"arr":[1662,-634,770],"dest":[1679,-640],"kind":"arrow","los":false,"rl":12,"bi":0,"bd":15,"ae":-0.1,"c":{"steer":0,"gas":true,"brake":false,"drift":false,"boost":false}}
dbg 4920 {"x":1739,"z":-1368,"v":72,"arr":[1507,-613,790],"dest":[1507,-613],"kind":"arrow","los":false,"rl":14,"bi":0,"bd":13,"ae":-0.12,"c":{"steer":0,"gas":true,"brake":false,"drift":false,"boost":false}}
dbg 5040 {"x":1718,"z":-1320,"v":102,"arr":[1634,-1390,110],"dest":[1634,-1390],"kind":"arrow","los":false,"rl":3,"bi":0,"bd":4,"ae":-1.56,"c":{"steer":1,"gas":false,"brake":true,"drift":false,"boost":false}}
dbg 5160 {"x":1708,"z":-1312,"v":-44,"arr":[1245,-671,790],"dest":[1245,-671],"kind":"arrow","los":false,"rl":9,"bi":0,"bd":9,"ae":0.74,"c":{"steer":1,"gas":true,"brake":false,"drift":false,"boost":false}}
dbg 5280 {"x":1709,"z":-1312,"v":31,"arr":[1415,-515,850],"dest":[1416,-515],"kind":"arrow","los":false,"rl":14,"bi":0,"bd":9,"ae":0.2,"c":{"steer":-1,"gas":true,"brake":false,"drift":false,"boost":false}}
dbg 5400 {"x":1709,"z":-1296,"v":18,"arr":[1634,-1324,80],"dest":[1634,-1324],"kind":"arrow","los":false,"rl":4,"bi":0,"bd":5,"ae":-3.06,"c":{"steer":1,"gas":true,"brake":false,"drift":false,"boost":false}}
dbg 5520 {"x":1691,"z":-1292,"v":38,"arr":[1734,-1346,70],"dest":[1734,-1346],"kind":"arrow","los":true,"rl":3,"bi":0,"bd":18,"ae":-1.75,"c":{"steer":1,"gas":true,"brake":true,"drift":false,"boost":false}}
dbg 5640 {"x":1687,"z":-1301,"v":12,"arr":[1759,-1336,80],"dest":[1759,-1335],"kind":"arrow","los":false,"rl":4,"bi":0,"bd":26,"ae":-1.3,"c":{"steer":1,"gas":true,"brake":false,"drift":false,"boost":false}}
dbg 5760 {"x":1677,"z":-1314,"v":51,"arr":[1034,-1521,676],"dest":[1044,-1504],"kind":"arrow","los":false,"rl":7,"bi":0,"bd":39,"ae":-2.51,"c":{"steer":1,"gas":true,"brake":false,"drift":false,"boost":false}}
dbg 5880 {"x":1693,"z":-1327,"v":49,"arr":[1685,-1298,30],"dest":[1687,-1298],"kind":"arrow","los":false,"rl":4,"bi":0,"bd":7,"ae":-1.75,"c":{"steer":1,"gas":false,"brake":true,"drift":false,"boost":false}}
dbg 6000 {"x":1699,"z":-1305,"v":70,"arr":[1609,-1311,90],"dest":[1609,-1319],"kind":"arrow","los":false,"rl":4,"bi":0,"bd":16,"ae":2.43,"c":{"steer":-1,"gas":false,"brake":true,"drift":false,"boost":true}}
dbg 6120 {"x":1709,"z":-1260,"v":49,"arr":[1663,-1278,50],"dest":[1662,-1277],"kind":"arrow","los":false,"rl":4,"bi":0,"bd":14,"ae":-3.22,"c":{"steer":1,"gas":true,"brake":false,"drift":false,"boost":false}}
dbg 6240 {"x":1705,"z":-1254,"v":0,"arr":[1724,-1289,40],"dest":[1711,-1293],"kind":"arrow","los":true,"rl":2,"bi":0,"bd":7,"ae":-1.47,"c":{"steer":1,"gas":true,"brake":false,"drift":false,"boost":false}}
dbg 6360 {"x":1705,"z":-1249,"v":-10,"arr":[1728,-1231,30],"dest":[1728,-1231],"kind":"arrow","los":true,"rl":3,"bi":0,"bd":4,"ae":-1.84,"c":{"steer":-1,"gas":true,"brake":false,"drift":false,"boost":false}}
dbg 6480 {"x":1713,"z":-1253,"v":43,"arr":[1707,-1224,30],"dest":[1728,-1231],"kind":"arrow","los":true,"rl":3,"bi":0,"bd":11,"ae":-0.88,"c":{"steer":1,"gas":true,"brake":false,"drift":false,"boost":false}}
dbg 6600 {"x":1721,"z":-1233,"v":50,"arr":[1705,-1246,20],"dest":[1695,-1248],"kind":"arrow","los":true,"rl":2,"bi":0,"bd":18,"ae":-1.63,"c":{"steer":1,"gas":false,"brake":true,"drift":false,"boost":false}}
dbg 6720 {"x":1701,"z":-1237,"v":49,"arr":[1734,-1259,40],"dest":[1720,-1258],"kind":"arrow","los":true,"rl":3,"bi":0,"bd":5,"ae":-1.21,"c":{"steer":1,"gas":true,"brake":false,"drift":false,"boost":false}}
dbg 6840 {"x":1714,"z":-1254,"v":42,"arr":[1719,-1214,40],"dest":[1729,-1219],"kind":"arrow","los":true,"rl":3,"bi":0,"bd":9,"ae":-1.26,"c":{"steer":1,"gas":true,"brake":true,"drift":false,"boost":false}}
dbg 6960 {"x":1722,"z":-1235,"v":36,"arr":[1706,-1247,20],"dest":[1694,-1240],"kind":"arrow","los":true,"rl":3,"bi":0,"bd":19,"ae":-1.3,"c":{"steer":1,"gas":true,"brake":false,"drift":false,"boost":false}}
dbg 7080 {"x":1702,"z":-1236,"v":32,"arr":[1721,-1243,20],"dest":[1718,-1248],"kind":"arrow","los":true,"rl":2,"bi":0,"bd":5,"ae":-1.46,"c":{"steer":1,"gas":true,"brake":false,"drift":false,"boost":false}}
dbg 7200 {"x":1713,"z":-1249,"v":20,"arr":[1705,-1231,20],"dest":[1718,-1248],"kind":"arrow","los":true,"rl":2,"bi":0,"bd":12,"ae":-0.15,"c":{"steer":1,"gas":false,"brake":true,"drift":false,"boost":false}}
dbg 7320 {"x":1723,"z":-1247,"v":28,"arr":[1703,-1224,30],"dest":[1717,-1218],"kind":"arrow","los":false,"rl":3,"bi":2,"bd":12,"ae":-1.27,"c":{"steer":1,"gas":true,"brake":false,"drift":false,"boost":false}}
dbg 7440 {"x":1719,"z":-1227,"v":43,"arr":[1712,-1246,20],"dest":[1697,-1233],"kind":"arrow","los":true,"rl":3,"bi":1,"bd":19,"ae":-0.77,"c":{"steer":1,"gas":true,"brake":false,"drift":false,"boost":false}}
dbg 7560 {"x":1702,"z":-1240,"v":41,"arr":[1742,-1244,40],"dest":[1740,-1250],"kind":"arrow","los":true,"rl":2,"bi":0,"bd":2,"ae":-1.37,"c":{"steer":1,"gas":true,"brake":false,"drift":false,"boost":false}}
dbg 7680 {"x":1720,"z":-1249,"v":47,"arr":[1705,-1213,40],"dest":[1716,-1211],"kind":"arrow","los":false,"rl":3,"bi":0,"bd":13,"ae":-1.19,"c":{"steer":1,"gas":true,"brake":false,"drift":false,"boost":false}}
dbg 7800 {"x":1719,"z":-1229,"v":47,"arr":[1710,-1247,20],"dest":[1699,-1229],"kind":"arrow","los":true,"rl":3,"bi":1,"bd":18,"ae":-0.62,"c":{"steer":1,"gas":false,"brake":false,"drift":false,"boost":false}}
dbg 7920 {"x":1706,"z":-1239,"v":44,"arr":[1743,-1255,40],"dest":[1737,-1262],"kind":"arrow","los":false,"rl":3,"bi":0,"bd":2,"ae":-1.27,"c":{"steer":1,"gas":true,"brake":false,"drift":false,"boost":false}}
dbg 8040 {"x":1720,"z":-1253,"v":51,"arr":[1718,-1213,40],"dest":[1730,-1217],"kind":"arrow","los":true,"rl":3,"bi":0,"bd":14,"ae":-1.2,"c":{"steer":1,"gas":true,"brake":false,"drift":false,"boost":false}}
dbg 8160 {"x":1725,"z":-1234,"v":44,"arr":[1711,-1248,20],"dest":[1699,-1241],"kind":"arrow","los":true,"rl":3,"bi":0,"bd":23,"ae":-1.22,"c":{"steer":1,"gas":false,"brake":true,"drift":false,"boost":false}}
dbg 8280 {"x":1708,"z":-1237,"v":34,"arr":[1727,-1241,20],"dest":[1723,-1248],"kind":"arrow","los":true,"rl":2,"bi":0,"bd":4,"ae":-1.28,"c":{"steer":1,"gas":true,"brake":false,"drift":false,"boost":false}}
dbg 8400 {"x":1722,"z":-1252,"v":39,"arr":[1719,-1212,40],"dest":[1738,-1218],"kind":"arrow","los":false,"rl":3,"bi":0,"bd":15,"ae":-1.01,"c":{"steer":1,"gas":true,"brake":false,"drift":false,"boost":false}}
dbg 8520 {"x":1728,"z":-1232,"v":39,"arr":[1715,-1247,20],"dest":[1713,-1245],"kind":"arrow","los":true,"rl":2,"bi":1,"bd":19,"ae":-1.5,"c":{"steer":1,"gas":false,"brake":false,"drift":false,"boost":false}}
dbg 8640 {"x":1715,"z":-1237,"v":26,"arr":[1734,-1238,20],"dest":[1713,-1245],"kind":"arrow","los":true,"rl":2,"bi":1,"bd":5,"ae":-0.11,"c":{"steer":0,"gas":false,"brake":false,"drift":false,"boost":false}}
dbg 8760 {"x":1727,"z":-1250,"v":46,"arr":[1737,-1202,50],"dest":[1737,-1202],"kind":"arrow","los":false,"rl":4,"bi":0,"bd":19,"ae":-2.28,"c":{"steer":1,"gas":false,"brake":true,"drift":false,"boost":false}}
dbg 8880 {"x":1737,"z":-1233,"v":35,"arr":[1213,-2356,1240],"dest":[1199,-2345],"kind":"arrow","los":false,"rl":15,"bi":0,"bd":34,"ae":-1.69,"c":{"steer":1,"gas":true,"brake":false,"drift":false,"boost":false}}
dbg 9000 {"x":1719,"z":-1233,"v":35,"arr":[1737,-1241,20],"dest":[1724,-1247],"kind":"arrow","los":true,"rl":2,"bi":1,"bd":5,"ae":-0.94,"c":{"steer":1,"gas":false,"brake":false,"drift":false,"boost":false}}
dbg 9120 {"x":1725,"z":-1247,"v":33,"arr":[1766,-1218,50],"dest":[1767,-1222],"kind":"arrow","los":true,"rl":4,"bi":0,"bd":17,"ae":-1.45,"c":{"steer":1,"gas":true,"brake":false,"drift":false,"boost":false}}
dbg 9240 {"x":1744,"z":-1242,"v":44,"arr":[1297,-2420,1260],"dest":[1287,-2405],"kind":"arrow","los":false,"rl":15,"bi":0,"bd":37,"ae":-2.13,"c":{"steer":1,"gas":true,"brake":false,"drift":false,"boost":false}}
dbg 9360 {"x":1731,"z":-1227,"v":48,"arr":[1736,-1247,20],"dest":[1735,-1247],"kind":"arrow","los":true,"rl":2,"bi":1,"bd":6,"ae":-1.56,"c":{"steer":1,"gas":false,"brake":false,"drift":false,"boost":false}}
dbg 9480 {"x":1727,"z":-1242,"v":34,"arr":[1739,-1227,20],"dest":[1735,-1247],"kind":"arrow","los":true,"rl":2,"bi":1,"bd":12,"ae":-0.39,"c":{"steer":1,"gas":false,"brake":false,"drift":false,"boost":false}}
dbg 9600 {"x":1741,"z":-1235,"v":49,"arr":[1314,-2525,1359],"dest":[1314,-2512],"kind":"arrow","los":false,"rl":18,"bi":0,"bd":35,"ae":-2.39,"c":{"steer":1,"gas":true,"brake":false,"drift":false,"boost":false}}
dbg 9720 {"x":1741,"z":-1222,"v":12,"arr":[1314,-2561,1405],"dest":[1314,-2538],"kind":"arrow","los":false,"rl":17,"bi":0,"bd":32,"ae":0.18,"c":{"steer":-1,"gas":true,"brake":false,"drift":false,"boost":false}}
dbg 9840 {"x":1733,"z":-1221,"v":38,"arr":[-296,-639,2110],"dest":[-296,-639],"kind":"arrow","los":false,"rl":11,"bi":0,"bd":29,"ae":-0.29,"c":{"steer":1,"gas":true,"brake":false,"drift":false,"boost":false}}
dbg 9960 {"x":1709,"z":-1223,"v":37,"arr":[1710,-1243,20],"dest":[1706,-1239],"kind":"arrow","los":true,"rl":2,"bi":0,"bd":12,"ae":-0.88,"c":{"steer":1,"gas":false,"brake":false,"drift":false,"boost":false}}
dbg 10080 {"x":1706,"z":-1238,"v":9,"arr":[1719,-1253,20],"dest":[1706,-1239],"kind":"arrow","los":true,"rl":2,"bi":1,"bd":3,"ae":0.13,"c":{"steer":0,"gas":true,"brake":false,"drift":false,"boost":false}}
dbg 10200 {"x":1715,"z":-1250,"v":52,"arr":[1731,-1213,40],"dest":[1743,-1226],"kind":"arrow","los":true,"rl":3,"bi":0,"bd":7,"ae":-0.95,"c":{"steer":1,"gas":false,"brake":true,"drift":false,"boost":false}}
dbg 10320 {"x":1728,"z":-1234,"v":38,"arr":[1709,-1241,20],"dest":[1709,-1241],"kind":"arrow","los":true,"rl":2,"bi":1,"bd":18,"ae":-1.66,"c":{"steer":1,"gas":false,"brake":true,"drift":false,"boost":false}}
dbg 10440 {"x":1710,"z":-1234,"v":28,"arr":[1727,-1244,20],"dest":[1709,-1241],"kind":"arrow","los":true,"rl":2,"bi":1,"bd":5,"ae":-0.5,"c":{"steer":1,"gas":false,"brake":false,"drift":false,"boost":false}}
dbg 10560 {"x":1709,"z":-1245,"v":21,"arr":[1749,-1240,40],"dest":[1745,-1260],"kind":"arrow","los":false,"rl":3,"bi":0,"bd":6,"ae":-1.02,"c":{"steer":1,"gas":true,"brake":false,"drift":false,"boost":false}}
dbg 10680 {"x":1728,"z":-1247,"v":35,"arr":[1704,-1215,40],"dest":[1704,-1215],"kind":"arrow","los":true,"rl":2,"bi":0,"bd":20,"ae":-1.41,"c":{"steer":1,"gas":true,"brake":false,"drift":false,"boost":false}}
dbg 10800 {"x":1722,"z":-1228,"v":48,"arr":[1718,-1247,20],"dest":[1701,-1240],"kind":"arrow","los":true,"rl":2,"bi":1,"bd":22,"ae":-0.86,"c":{"steer":1,"gas":true,"brake":false,"drift":false,"boost":false}}
dbg 10920 {"x":1705,"z":-1236,"v":27,"arr":[1719,-1250,20],"dest":[1701,-1240],"kind":"arrow","los":true,"rl":2,"bi":1,"bd":4,"ae":0.08,"c":{"steer":0,"gas":false,"brake":false,"drift":false,"boost":false}}
dbg 11040 {"x":1702,"z":-1245,"v":18,"arr":[1732,-1240,30],"dest":[1725,-1258],"kind":"arrow","los":false,"rl":3,"bi":1,"bd":3,"ae":-1.18,"c":{"steer":1,"gas":true,"brake":false,"drift":false,"boost":false}}
dbg 11160 {"x":1720,"z":-1251,"v":48,"arr":[1702,-1228,30],"dest":[1704,-1225],"kind":"arrow","los":true,"rl":3,"bi":0,"bd":13,"ae":-1.69,"c":{"steer":1,"gas":true,"brake":false,"drift":false,"boost":false}}
dbg 11280 {"x":1721,"z":-1230,"v":44,"arr":[1712,-1248,20],"dest":[1704,-1225],"kind":"arrow","los":true,"rl":3,"bi":0,"bd":22,"ae":-0.33,"c":{"steer":1,"gas":false,"brake":false,"drift":false,"boost":false}}
dbg 11400 {"x":1706,"z":-1226,"v":31,"arr":null,"dest":[2152,-1720],"kind":"wander","los":false,"rl":5,"bi":0,"bd":13,"ae":-1.81,"c":{"steer":1,"gas":true,"brake":false,"drift":false,"boost":false}}
dbg 11520 {"x":1700,"z":-1237,"v":28,"arr":[1713,-1223,20],"dest":[1708,-1236],"kind":"arrow","los":true,"rl":2,"bi":0,"bd":6,"ae":-1.2,"c":{"steer":1,"gas":false,"brake":false,"drift":false,"boost":false}}
dbg 11640 {"x":1711,"z":-1237,"v":19,"arr":[1691,-1232,20],"dest":[1708,-1236],"kind":"arrow","los":true,"rl":2,"bi":1,"bd":1,"ae":-1.28,"c":{"steer":1,"gas":false,"brake":false,"drift":false,"boost":false}}
dbg 11760 {"x":1706,"z":-1230,"v":19,"arr":[1711,-1250,20],"dest":[1708,-1236],"kind":"arrow","los":true,"rl":2,"bi":1,"bd":8,"ae":-2.05,"c":{"steer":1,"gas":false,"brake":false,"drift":false,"boost":false}}
dbg 11880 {"x":1701,"z":-1238,"v":3,"arr":[1715,-1224,20],"dest":[1708,-1236],"kind":"arrow","los":true,"rl":2,"bi":0,"bd":4,"ae":-1.52,"c":{"steer":1,"gas":true,"brake":false,"drift":false,"boost":false}}
dbg 12000 {"x":1708,"z":-1235,"v":21,"arr":[1693,-1222,20],"dest":[1708,-1236],"kind":"arrow","los":true,"rl":2,"bi":1,"bd":4,"ae":0.3,"c":{"steer":-1,"gas":false,"brake":false,"drift":false,"boost":false}}
dbg 12120 {"x":1718,"z":-1236,"v":32,"arr":[1725,-1217,20],"dest":[1726,-1218],"kind":"arrow","los":false,"rl":2,"bi":1,"bd":10,"ae":-1.65,"c":{"steer":1,"gas":true,"brake":false,"drift":false,"boost":false}}
dbg 12240 {"x":1731,"z":-1224,"v":48,"arr":[1705,-2849,1625],"dest":[1700,-2845],"kind":"arrow","los":false,"rl":22,"bi":0,"bd":29,"ae":-1.13,"c":{"steer":1,"gas":true,"brake":false,"drift":false,"boost":false}}
dbg 12360 {"x":1727,"z":-1193,"v":93,"arr":[2597,1363,2700],"dest":[2597,1363],"kind":"arrow","los":false,"rl":2,"bi":0,"bd":5,"ae":0.24,"c":{"steer":-1,"gas":true,"brake":false,"drift":false,"boost":true}}
dbg 12480 {"x":1744,"z":-1165,"v":41,"arr":[1820,-1680,521],"dest":[1820,-1681],"kind":"arrow","los":false,"rl":5,"bi":0,"bd":33,"ae":-2.5,"c":{"steer":1,"gas":true,"brake":false,"drift":false,"boost":false}}
dbg 12600 {"x":1730,"z":-1144,"v":35,"arr":[1820,-1681,544],"dest":[1820,-1681],"kind":"arrow","los":false,"rl":5,"bi":0,"bd":49,"ae":-2.52,"c":{"steer":1,"gas":true,"brake":true,"drift":false,"boost":false}}
dbg 12720 {"x":1713,"z":-1159,"v":49,"arr":[1820,-1681,532],"dest":[1820,-1681],"kind":"arrow","los":false,"rl":4,"bi":0,"bd":25,"ae":-0.51,"c":{"steer":1,"gas":true,"brake":false,"drift":false,"boost":false}}
dbg 12840 {"x":1713,"z":-1172,"v":-10,"arr":[1820,-1680,520],"dest":[1820,-1681],"kind":"arrow","los":false,"rl":4,"bi":0,"bd":28,"ae":0.07,"c":{"steer":0,"gas":true,"brake":false,"drift":false,"boost":false}}
dbg 12960 {"x":1710,"z":-1174,"v":20,"arr":[1820,-1681,519],"dest":[1820,-1681],"kind":"arrow","los":false,"rl":4,"bi":0,"bd":28,"ae":-0.77,"c":{"steer":1,"gas":true,"brake":false,"drift":false,"boost":false}}
dbg 13080 {"x":1705,"z":-1196,"v":70,"arr":[1820,-1681,498],"dest":[1820,-1681],"kind":"arrow","los":false,"rl":4,"bi":0,"bd":12,"ae":0.09,"c":{"steer":0,"gas":true,"brake":false,"drift":false,"boost":true}}
dbg 13200 {"x":1715,"z":-1254,"v":117,"arr":[1820,-1681,440],"dest":[1820,-1681],"kind":"arrow","los":false,"rl":3,"bi":0,"bd":35,"ae":2.82,"c":{"steer":-1,"gas":false,"brake":true,"drift":false,"boost":false}}
dbg 13320 {"x":1706,"z":-1294,"v":38,"arr":[1820,-1681,403],"dest":[1820,-1681],"kind":"arrow","los":false,"rl":3,"bi":0,"bd":5,"ae":-0.53,"c":{"steer":1,"gas":true,"brake":true,"drift":false,"boost":false}}
dbg 13440 {"x":1712,"z":-1319,"v":32,"arr":[1820,-1680,377],"dest":[1820,-1681],"kind":"arrow","los":false,"rl":3,"bi":0,"bd":26,"ae":0.03,"c":{"steer":0,"gas":true,"brake":false,"drift":false,"boost":false}}
dbg 13560 {"x":1717,"z":-1338,"v":40,"arr":[1820,-1680,357],"dest":[1820,-1681],"kind":"arrow","los":false,"rl":3,"bi":0,"bd":8,"ae":0.04,"c":{"steer":0,"gas":true,"brake":false,"drift":false,"boost":false}}
dbg 13680 {"x":1721,"z":-1353,"v":19,"arr":[1820,-1681,342],"dest":[1820,-1681],"kind":"arrow","los":false,"rl":3,"bi":0,"bd":17,"ae":0.05,"c":{"steer":0,"gas":true,"brake":false,"drift":false,"boost":false}}
dbg 13800 {"x":1724,"z":-1366,"v":26,"arr":[1820,-1681,329],"dest":[1820,-1681],"kind":"arrow","los":false,"rl":3,"bi":0,"bd":29,"ae":0.01,"c":{"steer":0,"gas":true,"brake":false,"drift":false,"boost":false}}
dbg 13920 {"x":1729,"z":-1380,"v":14,"arr":[1743,-1425,47],"dest":[1743,-1426],"kind":"arrow","los":true,"rl":2,"bi":0,"bd":14,"ae":0.11,"c":{"steer":0,"gas":true,"brake":false,"drift":false,"boost":false}}
dbg 14040 {"x":1733,"z":-1391,"v":26,"arr":[1743,-1426,36],"dest":[1743,-1426],"kind":"arrow","los":true,"rl":2,"bi":0,"bd":25,"ae":0.13,"c":{"steer":0,"gas":true,"brake":false,"drift":false,"boost":false}}
dbg 14160 {"x":1742,"z":-1416,"v":82,"arr":[1743,-1426,10],"dest":[1743,-1426],"kind":"arrow","los":true,"rl":2,"bi":1,"bd":13,"ae":0.04,"c":{"steer":0,"gas":false,"brake":true,"drift":false,"boost":true}}
dbg 14280 {"x":1744,"z":-1467,"v":72,"arr":null,"dest":[1779,-2197],"kind":"wander","los":false,"rl":46,"bi":0,"bd":39,"ae":2.74,"c":{"steer":-1,"gas":false,"brake":true,"drift":false,"boost":false}}
phone ath {"min":4.02,"hits":24,"kinds":{"traffic":15,"wall":9},"wallHits":9,"wallPerMin":2.24,"hitsPerMin":5.97,"bigDrop":21,"stuckPct":1,"avgKmh":38.3,"loads":0,"loadsPerMin":0,"camInsidePct":0,"camInside":[],"smashPerMin":20.6,"traffic120m":14,"missions":[{"f":2830,"start":"Koulouri Rush"},{"f":13054,"end":"KOULOURI RUSH★★★THE VAN ESCAPEDNo stars this time · try agai"}],"stuckEp":[{"f":6656,"x":1705.6,"z":-1253.7,"y":58.35,"h":-0.88,"g":0,"car":5.3,"wall":null,"ch":true,"in":"B1","veh":"ship","b2":"00000000","v2":0,"at121":{"cd":0,"spcd":null,"fr":false,"wk":false,"hp":100,"park":false,"in":"B-1","stkT":0,"msg":"GO!","pop":"","cars":[]},"len":148}],"worst":[{"ctx":"AKROPOLIS CUP","f":1026,"v0":42,"v1":5,"drop":0.89,"kind":"traffic","x":2011,"z":-1650,"dy":0},{"ctx":"GO!","f":12536,"v0":22,"v1":4,"drop":0.8,"kind":"traffic","x":1701,"z":-1238,"dy":0},{"ctx":"GO!","f":4938,"v0":66,"v1":14,"drop":0.79,"kind":"traffic","x":1748,"z":-1436,"dy":0},{"ctx":"GO!","f":3462,"v0":112,"v1":29,"drop":0.74,"kind":"wall","x":1790,"z":-1595,"dy":0},{"ctx":"THE VAN ESCAPED","f":14288,"v0":43,"v1":12,"drop":0.73,"kind":"traffic","x":1720,"z":-1349,"dy":0}],"monErr":null,"wallList":[{"ctx":"🦘 RAMP JUMP","f":1317,"v0":43,"v1":16,"drop":0.64,"kind":"wall","x":1961,"z":-1643,"dy":0},{"ctx":"GO!","f":3462,"v0":112,"v1":29,"drop":0.74,"kind":"wall","x":1790,"z":-1595,"dy":0},{"ctx":"GO!","f":3500,"v0":48,"v1":16,"drop":0.66,"kind":"wall","x":1794,"z":-1601,"dy":0},{"ctx":"GO!","f":3556,"v0":40,"v1":15,"drop":0.62,"kind":"wall","x":1793,"z":-1594,"dy":0},{"ctx":"GO!","f":3871,"v0":77,"v1":23,"drop":0.71,"kind":"wall","x":1792,"z":-1568,"dy":0},{"ctx":"GO!","f":6078,"v0":51,"v1":17,"drop":0.66,"kind":"wall","x":1687,"z":-1302,"dy":0},{"ctx":"GO!","f":10321,"v0":36,"v1":14,"drop":0.62,"kind":"wall","x":1741,"z":-1222,"dy":0},{"ctx":"GO!","f":12958,"v0":49,"v1":37,"drop":0.26,"kind":"wall","x":1726,"z":-1216,"dy":0.1},{"ctx":"THE VAN ESCAPED","f":13443,"v0":58,"v1":19,"drop":0.67,"kind":"wall","x":1713,"z":-1172,"dy":-0.1}],"rot":{"steps":[],"ctl":{"◀":"ok","▶":"ok","GAS":"ok","BRAKE":"ok","BOOST":"ok","DRIFT":"hidden"},"stuck":[],"vp":[852,393,424,196]},"scale":{"pedH":1.76,"carL":4.63,"carH":1.57,"player":{"h":1.89,"l":4.7,"w":2.42},"pedRel":0.95,"pedVsPlayer":0.94,"nPed":8,"nCar":8},"road":{"roadPts":450,"blocked":0,"pct":0,"colliders":0,"sample":[]},"roadEnd":{"roadPts":379,"blocked":1,"pct":0.26,"colliders":1,"sample":[{"x":1643,"z":-1583,"bx":1640,"bz":-1585,"hw":3.3,"hd":3.3,"h":60.14421720421819,"keys":"","t":null}]},"overlap":[],"hudOverlap":["#hitPop×#odPin","#roamArrow×#odPin"],"tiny":[],"extra":{"map":{"opened":false,"drag":null,"pinch":null},"pause":{"tP_settings":false,"opts":[],"opened":true,"frozen":true,"resumed":true},"garage":{"pause":false,"btn":false,"back":true},"otg":null},"events":["next@822","next@1428","next@2034","next@12384","next@12990","next@13596","next@14202"],"perf":{"calls":170,"tris":1185660,"jsMs":0,"geoms":4153,"tex":132},"mem":[{"f":0,"totMB":446.3,"geoms":4019,"tex":122,"sceneGeo":4571,"geoMB":249.3,"cpuGeoMB":75.7,"glMB":194.9,"str":{"sup":306,"built":38,"mb":46.9,"lodT":910665,"b":38,"f":0,"lzB":0,"lzF":0,"upMB":9.7},"heap":154.3},{"f":600,"totMB":435.6,"geoms":4085,"tex":128,"sceneGeo":4572,"geoMB":276.6,"cpuGeoMB":48.4,"glMB":223.4,"str":{"sup":306,"built":38,"mb":46.9,"lodT":910665,"b":38,"f":0,"lzB":0,"lzF":0,"upMB":37},"heap":155.6},{"f":1200,"totMB":421.8,"geoms":4100,"tex":129,"sceneGeo":4575,"geoMB":281.3,"cpuGeoMB":43.6,"glMB":228.3,"str":{"sup":306,"built":38,"mb":46.9,"lodT":910665,"b":38,"f":0,"lzB":0,"lzF":0,"upMB":41.8},"heap":156.3},{"f":1800,"totMB":418.5,"geoms":4098,"tex":129,"sceneGeo":4573,"geoMB":281.3,"cpuGeoMB":43.6,"glMB":228.3,"str":{"sup":306,"built":38,"mb":46.9,"lodT":910665,"b":38,"f":0,"lzB":0,"lzF":0,"upMB":41.8},"heap":157.7},{"f":2400,"totMB":425.4,"geoms":4112,"tex":131,"sceneGeo":4592,"geoMB":289.1,"cpuGeoMB":47.9,"glMB":231.4,"str":{"sup":306,"built":41,"mb":51.6,"lodT":1001419,"b":41,"f":0,"lzB":0,"lzF":0,"upMB":43.5},"heap":158.5},{"f":3000,"totMB":424.3,"geoms":4116,"tex":132,"sceneGeo":4593,"geoMB":289.1,"cpuGeoMB":47.9,"glMB":231.5,"str":{"sup":306,"built":41,"mb":51.6,"lodT":1001419,"b":41,"f":0,"lzB":0,"lzF":0,"upMB":43.5},"heap":159.1},{"f":3600,"totMB":424.9,"geoms":4116,"tex":132,"sceneGeo":4593,"geoMB":289.1,"cpuGeoMB":47.9,"glMB":231.5,"str":{"sup":306,"built":41,"mb":51.6,"lodT":1001419,"b":41,"f":0,"lzB":0,"lzF":0,"upMB":43.5},"heap":159.4},{"f":4200,"totMB":425.8,"geoms":4116,"tex":132,"sceneGeo":4598,"geoMB":289.6,"cpuGeoMB":48.5,"glMB":231.5,"str":{"sup":306,"built":42,"mb":52.1,"lodT":1011637,"b":42,"f":0,"lzB":0,"lzF":0,"upMB":43.5},"heap":159.6},{"f":4800,"totMB":426.1,"geoms":4132,"tex":132,"sceneGeo":4612,"geoMB":289.6,"cpuGeoMB":48.5,"glMB":231.6,"str":{"sup":306,"built":42,"mb":52.1,"lodT":1011637,"b":42,"f":0,"lzB":0,"lzF":0,"upMB":43.5},"heap":159.6},{"f":5400,"totMB":426.5,"geoms":4138,"tex":132,"sceneGeo":4617,"geoMB":293.6,"cpuGeoMB":48.3,"glMB":233.7,"str":{"sup":306,"built":43,"mb":54,"lodT":1049130,"b":43,"f":0,"lzB":0,"lzF":0,"upMB":45.6},"heap":159.8},{"f":6000,"totMB":426.6,"geoms":4142,"tex":132,"sceneGeo":4617,"geoMB":294.2,"cpuGeoMB":47.8,"glMB":234.3,"str":{"sup":306,"built":43,"mb":54,"lodT":1049130,"b":43,"f":0,"lzB":0,"lzF":0,"upMB":46.1},"heap":159.9},{"f":6600,"totMB":427,"geoms":4146,"tex":132,"sceneGeo":4627,"geoMB":295,"cpuGeoMB":48.6,"glMB":234.3,"str":{"sup":306,"built":45,"mb":54.9,"lodT":1065675,"b":45,"f":0,"lzB":0,"lzF":0,"upMB":46.1},"heap":159.9},{"f":7200,"totMB":426.6,"geoms":4148,"tex":132,"sceneGeo":4627,"geoMB":295.6,"cpuGeoMB":48.1,"glMB":234.8,"str":{"sup":306,"built":45,"mb":54.9,"lodT":1065675,"b":45,"f":0,"lzB":0,"lzF":0,"upMB":46.6},"heap":160.1},{"f":7800,"totMB":426.7,"geoms":4148,"tex":132,"sceneGeo":4627,"geoMB":295.6,"cpuGeoMB":48.1,"glMB":234.8,"str":{"sup":306,"built":45,"mb":54.9,"lodT":1065675,"b":45,"f":0,"lzB":0,"lzF":0,"upMB":46.6},"heap":160.2},{"f":8400,"totMB":426.9,"geoms":4148,"tex":132,"sceneGeo":4627,"geoMB":295.6,"cpuGeoMB":48.1,"glMB":234.8,"str":{"sup":306,"built":45,"mb":54.9,"lodT":1065675,"b":45,"f":0,"lzB":0,"lzF":0,"upMB":46.6},"heap":160.4},{"f":9000,"totMB":427,"geoms":4148,"tex":132,"sceneGeo":4627,"geoMB":295.6,"cpuGeoMB":48.1,"glMB":234.8,"str":{"sup":306,"built":45,"mb":54.9,"lodT":1065675,"b":45,"f":0,"lzB":0,"lzF":0,"upMB":46.6},"heap":160.4},{"f":9600,"totMB":427,"geoms":4148,"tex":132,"sceneGeo":4627,"geoMB":295.6,"cpuGeoMB":48.1,"glMB":234.8,"str":{"sup":306,"built":45,"mb":54.9,"lodT":1065675,"b":45,"f":0,"lzB":0,"lzF":0,"upMB":46.6},"heap":160.4},{"f":10200,"totMB":427.2,"geoms":4148,"tex":132,"sceneGeo":4627,"geoMB":295.6,"cpuGeoMB":48.1,"glMB":234.8,"str":{"sup":306,"built":45,"mb":54.9,"lodT":1065675,"b":45,"f":0,"lzB":0,"lzF":0,"upMB":46.6},"heap":160.5},{"f":10800,"totMB":427.3,"geoms":4148,"tex":132,"sceneGeo":4627,"geoMB":295.6,"cpuGeoMB":48.1,"glMB":234.8,"str":{"sup":306,"built":45,"mb":54.9,"lodT":1065675,"b":45,"f":0,"lzB":0,"lzF":0,"upMB":46.6},"heap":160.6},{"f":11400,"totMB":427.2,"geoms":4148,"tex":132,"sceneGeo":4627,"geoMB":295.6,"cpuGeoMB":48.1,"glMB":234.8,"str":{"sup":306,"built":45,"mb":54.9,"lodT":1065675,"b":45,"f":0,"lzB":0,"lzF":0,"upMB":46.6},"heap":160.5},{"f":12000,"totMB":427.3,"geoms":4148,"tex":132,"sceneGeo":4627,"geoMB":295.6,"cpuGeoMB":48.1,"glMB":234.8,"str":{"sup":306,"built":45,"mb":54.9,"lodT":1065675,"b":45,"f":0,"lzB":0,"lzF":0,"upMB":46.6},"heap":160.6},{"f":12600,"totMB":427.5,"geoms":4149,"tex":132,"sceneGeo":4632,"geoMB":294.8,"cpuGeoMB":47.3,"glMB":234.8,"str":{"sup":306,"built":47,"mb":55.5,"lodT":1077111,"b":47,"f":0,"lzB":0,"lzF":0,"upMB":46.6},"heap":160.2},{"f":13200,"totMB":427.6,"geoms":4153,"tex":132,"sceneGeo":4632,"geoMB":294.8,"cpuGeoMB":47.3,"glMB":234.8,"str":{"sup":306,"built":47,"mb":55.5,"lodT":1077111,"b":47,"f":0,"lzB":0,"lzF":0,"upMB":46.6},"heap":160.2},{"f":13800,"totMB":427.5,"geoms":4153,"tex":132,"sceneGeo":4632,"geoMB":294.8,"cpuGeoMB":47.3,"glMB":234.8,"str":{"sup":306,"built":47,"mb":55.5,"lodT":1077111,"b":47,"f":0,"lzB":0,"lzF":0,"upMB":46.6},"heap":160.2}],"wallSec":536}
FAIL phone ath: wall/building hits ≤ 1/min · {"wallPerMin":2.24,"bigDrop":21,"hits":24}
PASS phone ath: stuck ≤ 3 % · {"stuckPct":1}
PASS phone ath: the page never reloads while playing · {"reloads":0,"events":[]}
PASS phone ath: no loading screens while driving · {"loads":0}
PASS phone ath: pedestrians ≤ 1.2× adult scale vs cars · {"pedH":1.76,"carL":4.63,"carH":1.57,"player":{"h":1.89,"l":4.7,"w":2.42},"pedRel":0.95,"pedVsPlayer":0.94,"nPed":8,"nCar":8}
PASS phone: after 3 rotations every touch control answers, nothing latched · {"steps":[],"ctl":{"◀":"ok","▶":"ok","GAS":"ok","BRAKE":"ok","BOOST":"ok","DRIFT":"hidden"},"stuck":[],"vp":[852,393,424,196]}
PASS phone ath: no HUD text under 12 px · []
PASS phone ath: no HUD element over a touch control · []
FAIL phone ath: no collider on the paved road (invisible walls / oversize hulls) · {"pts":829,"start":0,"end":1,"ex":[{"x":1643,"z":-1583,"bx":1640,"bz":-1585,"hw":3.3,"hd":3.3,"h":60.14421720421819,"keys":"","t":null}]}
PASS phone ath: chase camera inside a building ≤ 2 % of frames · {"camInsidePct":0,"ex":[]}
PASS phone ath: no memory leak while driving (2nd-half trend ≤ 4 MB/min heap, ≤ 1.5 MB/min GPU buffers excl. streamed far cells, ≤ 6 MB/min incl. buffers; far cells ≤ 110 MB) · {"heapMBperMin":0.02,"glMBperMin":0,"totMBperMin":0.51,"geoMBperMin_info":-0.45,"geomsPerMin":2.2,"strMaxMB":55.5,"first":{"f":0,"totMB":446.3,"geoms":4019,"tex":122,"sceneGeo":4571,"geoMB":249.3,"cpuGeoMB":75.7,"glMB":194.9,"heap":154.3,"glFix":185.20000000000002},"last":{"f":13800,"totMB":427.5,"geoms":4153,"tex":132,"sceneGeo":4632,"geoMB":294.8,"cpuGeoMB":47.3,"glMB":234.8,"heap":160.2,"glFix":188.20000000000002}}
FAIL phone ath: JS heap ≤ 100 MB while driving · {"lastAvgMB":160.2,"peakMB":160.6}
PASS phone ath: monitor ran · null
PASS phone: zero console / page errors · []
TPLAY FAIL 3 · 536 s · qa_wb0/tPlay.json
