build audit {"minFont":12,"minE":"g13Ca:BRICKS ▾","bars":{"#gbBkP .r2BkT":5,"#g13Ch":2,"#b25":4,"#r2H":4,"#r2R":5},"controls":20,"overlaps":0}
shot 01_build_bar_after
shot 02_category_list_closed
shot 03_search_results
search {"4070":["hl"],"headlight brick":["hl"],"grille":["teeth","grl","gb12"],"tile 1x4":["t14"],"grille brick":["gb12"],"curved slope 3":["cs31"]} tray {"hl":2,"grl":2,"t14":1,"gb12":2,"cs31":2}
shot 04_tray
placed 10 ["gb12@-1,-2,0","gb12@-1,0,0","hl@0,-3,0","hl@0,2,0","cs31@1,-3,0","cs31@1,0,0","t14@1,-3,2","grl@1,-5,2","grl@1,2,2","gb12@2,-1,0"]
shot 05_front_built
shot 06_rotation_gizmo
shot 07_rotation_pad
rotation {"held":{"t":"tile","x":-4,"z":-4,"bad":false},"pad":1,"x":"tile@100","z":"tile@010","q":"tile@011","y":[1,2],"tapY":[2,3,true],"twist":[3,0],"keys":["tile@010/0","tile@100/3","tile@200/3","tile@100/3","tile@100/0"],"keyT":"tile@200","padAudit":{"minFont":12,"minE":"g13Ca:🔍 tile 1x2 ▾","bars":{"#gsBar":4,"#g13Pad":6,"#gbBkP .r2BkT":5,"#g13Ch":2,"#b25":4,"#r2H":4,"#r2R":5},"controls":30,"overlaps":0},"placed":["tile@200/0"]}
shot 08_group_actions
shot 09_join
group/join {"sel":[0,1],"groups":[{"g":1,"n":2,"name":"Group 1"}],"audit":{"minFont":12,"minE":"g13Ca:🔍 tile 1x2 ▾","bars":{"#slBar":5,"#gbBkP .r2BkT":5,"#g13Ch":2,"#b25":4,"#r2H":4,"#r2R":5},"controls":26,"overlaps":0},"carry":{"x":-6,"z":4,"y":0,"bad":false,"n":2},"moved":["2,-1,0,g0","-6,4,0,g1","-6,6,0,g1"],"ungrouped":true} {"sel":[8],"comps":1,"after":{"comps":1,"g":["0"],"groups":[]}}
NO #gxG .paRow [data-pa="save"]
NO #gbBkPc .paC[data-pa^="p"]
saved [] appended 0
shot 10_car_front_tiles
shot 11_new_parts_catalogue
shot 12_snot_catalogue
after SAVE & DRIVE {"sel":"rod","build":45,"types":[],"tray":{"hl":2,"grl":2,"t14":1,"gb12":2,"cs31":2}}
after reload {"sel":"rod","build":45,"types":[],"tray":{"hl":2,"grl":2,"t14":1,"gb12":2,"cs31":2}}
FLOW {"builder":true,"carParts0":45,"audit0":{"minFont":12,"minE":"g13Ca:BRICKS ▾","bars":{"#gbBkP .r2BkT":5,"#g13Ch":2,"#b25":4,"#r2H":4,"#r2R":5},"controls":20,"overlaps":0},"canvas":1,"mir":0,"search":{"4070":["hl"],"headlight brick":["hl"],"grille":["teeth","grl","gb12"],"tile 1x4":["t14"],"grille brick":["gb12"],"curved slope 3":["cs31"]},"tray":{"hl":2,"grl":2,"t14":1,"gb12":2,"cs31":2},"placed":10,"cv":["gb12@-1,-2,0","gb12@-1,0,0","hl@0,-3,0","hl@0,2,0","cs31@1,-3,0","cs31@1,0,0","t14@1,-3,2","grl@1,-5,2","grl@1,2,2","gb12@2,-1,0"],"rot":{"held":{"t":"tile","x":-4,"z":-4,"bad":false},"pad":1,"x":"tile@100","z":"tile@010","q":"tile@011","y":[1,2],"tapY":[2,3,true],"twist":[3,0],"keys":["tile@010/0","tile@100/3","tile@200/3","tile@100/3","tile@100/0"],"keyT":"tile@200","padAudit":{"minFont":12,"minE":"g13Ca:🔍 tile 1x2 ▾","bars":{"#gsBar":4,"#g13Pad":6,"#gbBkP .r2BkT":5,"#g13Ch":2,"#b25":4,"#r2H":4,"#r2R":5},"controls":30,"overlaps":0},"placed":["tile@200/0"]},"grp":{"sel":[0,1],"groups":[{"g":1,"n":2,"name":"Group 1"}],"audit":{"minFont":12,"minE":"g13Ca:🔍 tile 1x2 ▾","bars":{"#slBar":5,"#gbBkP .r2BkT":5,"#g13Ch":2,"#b25":4,"#r2H":4,"#r2R":5},"controls":26,"overlaps":0},"carry":{"x":-6,"z":4,"y":0,"bad":false,"n":2},"moved":["2,-1,0,g0","-6,4,0,g1","-6,6,0,g1"],"ungrouped":true},"join":{"sel":[8],"comps":1,"after":{"comps":1,"g":["0"],"groups":[]}},"saved":[],"back":{"on":0,"n":45},"appended":0,"savedState":{"sel":"rod","build":45,"types":[],"tray":{"hl":2,"grl":2,"t14":1,"gb12":2,"cs31":2}},"reload":{"sel":"rod","build":45,"types":[],"tray":{"hl":2,"grl":2,"t14":1,"gb12":2,"cs31":2}}}
wait 0 menu|false
shot 01_start
fra top kmh 92 pos [ 1991, 1 ]
shot 02_frankfurt_drive
shot 03_side_traffic {"traffic":7.7}
shot 04_side_tyres {"traffic":7.7}
tyre_rest [0.03,0.03,0.03,0.03] traffic_rest [[0.031,0.03,0.03,0.031],[0.03,0.03,0.03,0.03],[0.035,0.033,0.033,0.035],[0.031,0.029,0.029,0.031],[0.032,0.029,0.029,0.032],[0.03,0.03,0.03,0.03]]
GAP player {"n":14,"max":0.03,"over05":0} traffic {"n":48,"max":0.035,"over05":0} veh ship
ERR []
