FAIL phone ath: stuck ≤ 3 % · {"stuckPct":6.9}
FAIL phone ath: wall/building hits ≤ 1/min · {"wallPerMin":1.87,"bigDrop":6,"hits":11}
FAIL phone fra: stuck ≤ 3 % · {"stuckPct":6.9}
FAIL phone: after 3 rotations every touch control answers, nothing latched · {"steps":[],"ctl":{"◀":"ok","▶":"ok","GAS":"ok","BRAKE":"ok","BOOST":"ok","DRIFT":"hidden"},"stuck":[],"vp":[852,393,424,196]}
PASS phone ath: chase camera inside a building ≤ 2 % of frames · {"camInsidePct":0,"ex":[]}
PASS phone ath: monitor ran · null
PASS phone ath: no HUD element over a touch control · []
PASS phone ath: no HUD text under 12 px · []
PASS phone ath: no collider on the paved road (invisible walls / oversize hulls) · {"pts":885,"start":0,"end":0,"ex":[]}
PASS phone ath: no loading screens while driving · {"loads":0}
PASS phone ath: pedestrians ≤ 1.2× adult scale vs cars · {"pedH":1.77,"carL":4.45,"carH":1.33,"player":{"h":1.89,"l":4.7,"w":2.42},"pedRel":0.99,"pedVsPlayer":0.94,"nPed":8,"nCar":8}
PASS phone ath: the page never reloads while playing · {"reloads":0,"events":[]}
PASS phone fra: chase camera inside a building ≤ 2 % of frames · {"camInsidePct":0,"ex":[]}
PASS phone fra: monitor ran · null
PASS phone fra: no HUD element over a touch control · []
PASS phone fra: no HUD text under 12 px · []
PASS phone fra: no collider on the paved road (invisible walls / oversize hulls) · {"pts":1753,"start":0,"end":0,"ex":[]}
PASS phone fra: pedestrians ≤ 1.2× adult scale vs cars · {"pedH":1.77,"carL":6.6,"carH":1.62,"player":{"h":2.1,"l":4.48,"w":1.99},"pedRel":0.67,"pedVsPlayer":0.99,"nPed":8,"nCar":8}
PASS phone fra: the page never reloads while playing · {"reloads":0,"events":[]}
PASS phone fra: wall/building hits ≤ 1/min · {"wallPerMin":0,"bigDrop":1,"hits":2}
PASS phone: zero console / page errors · []
TPLAY_FAST FAIL 4 · 249 s · qa_w14/tplay_live/*.log
