visible parts 18 [{"i":10,"t":"eng","x":-2,"z":-6,"y":6,"n":10,"pt":[474,112]},{"i":4,"t":"bump","x":-4,"z":-9,"y":1,"n":9,"pt":[502,182]},{"i":39,"t":"wing","x":-4,"z":6,"y":7,"n":9,"pt":[376,84]},{"i":8,"t":"C4x2","x":-2,"z":-8,"y":4,"n":7,"pt":[502,154]},{"i":18,"t":"B1x5","x":3,"z":-2,"y":2,"n":7,"pt":[376,154]},{"i":41,"t":"fender","x":3,"z":-7,"y":2,"n":5,"pt":[446,154]}]
select eng → [10]
shot 01_selected
carry {"x":-2,"z":-6,"y":6,"bad":false,"n":1}
carry@ {"x":0,"z":-11,"y":6,"bad":true,"n":1}
shot 02_move_ghost
MOVE count 45 → 44 moved {"t":"eng","x":-2,"z":-6,"y":6,"r":0,"c":"#d8dde4","g":0} → {"t":"nitro","x":-1,"z":2,"y":7,"r":0,"c":"#1b2a34","g":0}
shot 03_moved
NO #slBar [data-s="none"]
cluster base {"i":26,"pt":[404,126],"on":2}
NO #slBar [data-s="up"]
SELECT UP 0 → 0
shot 04_select_up
NO #slBar [data-s="move"]
cluster carry null
shot 05_cluster_ghost
placed by a 2nd tap on the same spot
CLUSTER MOVE count 44 → 45 changed true sel 1
shot 06_cluster_moved
GROUP 1 tap one → 1
COPY 45 → 46
shot 07_copy
ROTATE 46 → 46 {"x":-1,"z":0,"y":16,"bad":false,"n":1}
COLOUR yellow [2]
shot 08_colour
DELETE 46 - 1 → 45
undo → 46
TAP GRID 19 taps on the car, dead 0 []
shot 09_end
ERR []
