{"i":0,"x":-5293,"z":6438,"h":-1.94,"len":24,"hgt":7,"w":6.5,"y0":192.2,"dk":false,"col":16756768,"appBlk":[],"bodyBlk":[],"landBlk":[],"kerb":-0.03,"roadPct":100,"route":{"launched":true,"hits":1,"stuck":false},"tag":"street","launched":true,"maxAir":15.6,"vLip":97,"hits":0,"minD":1}
{"i":1,"x":-5655,"z":6298,"h":-2.03,"len":24,"hgt":7,"w":6.5,"y0":195,"dk":false,"col":16756768,"appBlk":[],"bodyBlk":[],"landBlk":[],"kerb":0,"roadPct":100,"route":{"launched":true,"hits":0,"stuck":false},"tag":"street","launched":true,"maxAir":15.9,"vLip":97,"hits":0,"minD":1}
{"i":2,"x":-6013,"z":6097,"h":-2.04,"len":24,"hgt":7,"w":6.5,"y0":195.7,"dk":false,"col":16756768,"appBlk":[],"bodyBlk":[],"landBlk":[],"kerb":0,"roadPct":100,"route":{"launched":true,"hits":0,"stuck":false},"tag":"street","launched":true,"maxAir":15.5,"vLip":97,"hits":0,"minD":1}
{"i":3,"x":-2339,"z":-2015,"h":1.2,"len":24,"hgt":7,"w":6.5,"y0":160.7,"dk":false,"col":16756768,"appBlk":[],"bodyBlk":[],"landBlk":[],"kerb":-0.59,"roadPct":100,"route":{"launched":true,"hits":1,"stuck":false},"tag":"street","launched":true,"maxAir":17.5,"vLip":96,"hits":0,"minD":0}
{"i":4,"x":-1813,"z":-1794,"h":0.92,"len":24,"hgt":7,"w":6.5,"y0":135.7,"dk":false,"col":16756768,"appBlk":[],"bodyBlk":[],"landBlk":[],"kerb":-0.3,"roadPct":100,"route":{"launched":true,"hits":0,"stuck":false},"tag":"street","launched":true,"maxAir":8.6,"vLip":97,"hits":0,"minD":1}
{"i":5,"x":-1595,"z":-1705,"h":1.25,"len":24,"hgt":7,"w":6.5,"y0":127.1,"dk":false,"col":16756768,"appBlk":[],"bodyBlk":[],"landBlk":[],"kerb":-0.58,"roadPct":100,"route":{"launched":true,"hits":0,"stuck":false},"tag":"street","launched":true,"maxAir":17.6,"vLip":97,"hits":0,"minD":0}
{"i":6,"x":-2257,"z":-1259,"h":-1.61,"len":24,"hgt":7,"w":16,"y0":133.9,"dk":false,"col":16756768,"appBlk":[],"bodyBlk":[],"landBlk":[],"kerb":0.03,"roadPct":100,"route":{"launched":true,"hits":2,"stuck":false},"tag":"street","launched":true,"maxAir":14.6,"vLip":97,"hits":0,"minD":2}
{"i":7,"x":684,"z":-1546,"h":0.58,"len":24,"hgt":7,"w":7.5,"y0":100.5,"dk":false,"col":16756768,"appBlk":[],"bodyBlk":[],"landBlk":[],"kerb":-0.1,"roadPct":100,"route":{"launched":true,"hits":0,"stuck":false},"tag":"street","launched":true,"maxAir":16.3,"vLip":97,"hits":1,"minD":1}
{"i":8,"x":-4528,"z":5745,"h":-1.92,"len":24,"hgt":7,"w":16,"y0":163.6,"dk":false,"col":16756768,"appBlk":[],"bodyBlk":[],"landBlk":[],"kerb":0,"roadPct":53,"route":{"launched":false,"hits":1,"stuck":true},"tag":"street","launched":true,"maxAir":15.5,"vLip":96,"hits":0,"minD":1}
{"i":9,"x":-5061,"z":5550,"h":-1.93,"len":24,"hgt":7,"w":16,"y0":174.9,"dk":false,"col":16756768,"appBlk":[],"bodyBlk":[],"landBlk":[],"kerb":0,"roadPct":100,"route":{"launched":false,"hits":1,"stuck":true},"tag":"street","launched":true,"maxAir":14.2,"vLip":97,"hits":0,"minD":1}
{"i":10,"x":-5314,"z":5454,"h":-1.93,"len":24,"hgt":7,"w":16,"y0":179.6,"dk":false,"col":16756768,"appBlk":[],"bodyBlk":[],"landBlk":[],"kerb":0,"roadPct":100,"route":{"launched":true,"hits":0,"stuck":false},"tag":"street","launched":true,"maxAir":14.3,"vLip":97,"hits":0,"minD":2}
{"i":11,"x":-5645,"z":4734,"h":2.63,"len":24,"hgt":7,"w":6.5,"y0":186.9,"dk":false,"col":16756768,"appBlk":[],"bodyBlk":[],"landBlk":[],"kerb":-0.21,"roadPct":100,"route":{"launched":false,"hits":1,"stuck":true},"tag":"street","launched":true,"maxAir":16.1,"vLip":97,"hits":0,"minD":0}
{"i":12,"x":-5461,"z":4400,"h":2.7,"len":24,"hgt":7,"w":6.5,"y0":184.5,"dk":false,"col":16756768,"appBlk":[],"bodyBlk":[],"landBlk":[],"kerb":-0.23,"roadPct":100,"route":{"launched":true,"hits":1,"stuck":false},"tag":"street","launched":true,"maxAir":16.9,"vLip":86,"hits":0,"minD":2}
{"i":13,"x":-5928,"z":5169,"h":-1.97,"len":24,"hgt":7,"w":7,"y0":188.5,"dk":false,"col":16756768,"appBlk":[],"bodyBlk":[],"landBlk":[],"kerb":0.01,"roadPct":100,"route":{"launched":true,"hits":0,"stuck":false},"tag":"street","launched":true,"maxAir":14.7,"vLip":97,"hits":0,"minD":1}
{"i":14,"x":-5195,"z":2881,"h":1.84,"len":24,"hgt":7,"w":7,"y0":170.7,"dk":false,"col":16756768,"appBlk":[],"bodyBlk":[],"landBlk":[],"kerb":0.01,"roadPct":100,"route":{"launched":false,"hits":2,"stuck":false},"tag":"street","launched":true,"maxAir":14.7,"vLip":97,"hits":0,"minD":1}
{"i":15,"x":-2540,"z":2040,"h":0.34,"len":24,"hgt":7,"w":6.5,"y0":161.2,"dk":false,"col":16756768,"appBlk":[],"bodyBlk":[],"landBlk":[],"kerb":0.01,"roadPct":100,"route":{"launched":true,"hits":0,"stuck":false},"tag":"street","launched":true,"maxAir":14.8,"vLip":97,"hits":0,"minD":1}
{"i":16,"x":2919,"z":-2255,"h":-0.4,"len":24,"hgt":7,"w":6.5,"y0":34.1,"dk":false,"col":16756768,"appBlk":[],"bodyBlk":[],"landBlk":[],"kerb":-0.09,"roadPct":100,"route":{"launched":true,"hits":0,"stuck":false},"tag":"street","launched":true,"maxAir":15.1,"vLip":97,"hits":0,"minD":1}
{"i":17,"x":-5372,"z":3186,"h":-0.37,"len":24,"hgt":7,"w":7,"y0":175.4,"dk":false,"col":16756768,"appBlk":[],"bodyBlk":[],"landBlk":[],"kerb":0.01,"roadPct":100,"route":{"launched":false,"hits":6,"stuck":false},"tag":"street","launched":true,"maxAir":15.2,"vLip":97,"hits":0,"minD":1}
{"i":18,"x":-5549,"z":3557,"h":-0.65,"len":24,"hgt":7,"w":7,"y0":180.2,"dk":false,"col":16756768,"appBlk":[],"bodyBlk":[],"landBlk":[],"kerb":0.02,"roadPct":100,"route":{"launched":true,"hits":1,"stuck":false},"tag":"street","launched":true,"maxAir":15.5,"vLip":84,"hits":0,"minD":3}
{"i":19,"x":3122,"z":-1987,"h":2.71,"len":24,"hgt":7,"w":7,"y0":21.5,"dk":false,"col":16756768,"appBlk":[],"bodyBlk":[],"landBlk":[],"kerb":-0.07,"roadPct":100,"route":{"launched":false,"hits":2,"stuck":true},"tag":"street","launched":true,"maxAir":15.9,"vLip":97,"hits":0,"minD":1}
{"i":20,"x":-5153,"z":3575,"h":-1.08,"len":24,"hgt":6,"w":7.5,"y0":175.5,"dk":false,"col":16756768,"appBlk":[],"bodyBlk":[],"landBlk":[],"kerb":-0.04,"roadPct":100,"route":{"launched":false,"hits":2,"stuck":true},"tag":"street","launched":true,"maxAir":15,"vLip":89,"hits":0,"minD":0}
RAMPS ath: 21/21 reachable · errs 0 []
