{"x0":-5293,"z0":6437,"w0":16,"x":-5293,"z":6438,"w":6.5,"road":"res","moved":2}
{"x0":-5654,"z0":6297,"w0":16,"x":-5655,"z":6298,"w":6.5,"road":"res","moved":2}
{"x0":-6012,"z0":6096,"w0":16,"x":-6013,"z":6097,"w":6.5,"road":"res","moved":2}
{"x0":-2339,"z0":-2013,"w0":16,"why":"slope -1.0","bad":0,"x":-2339,"z":-2015,"w":6.5,"road":"res","moved":2}
{"x0":-1962,"z0":-1871,"w0":16,"x":-1813,"z":-1794,"w":6.5,"road":"res","moved":167}
{"x0":-1595,"z0":-1703,"w0":16,"why":"slope -1.1","bad":0,"x":-1595,"z":-1705,"w":6.5,"road":"res","moved":2}
{"x0":-2257,"z0":-1265,"w0":16,"x":-2257,"z":-1259,"w":16,"road":"main","moved":5}
{"x0":683,"z0":-1545,"w0":16,"x":684,"z":-1546,"w":7.5,"road":"main","moved":2}
{"x0":-4526,"z0":5738,"w0":16,"x":-4528,"z":5745,"w":16,"road":"arterial","moved":7}
{"x0":-4924,"z0":5593,"w0":16,"x":-5061,"z":5550,"w":16,"road":"arterial","moved":144}
{"x0":-5311,"z0":5448,"w0":16,"x":-5314,"z":5454,"w":16,"road":"arterial","moved":7}
{"x0":-5644,"z0":4735,"w0":16,"x":-5645,"z":4734,"w":6.5,"road":"res","moved":2}
{"x0":-5447,"z0":4374,"w0":16,"x":-5460,"z":4400,"w":6.5,"road":"res","moved":29}
{"x0":-5928,"z0":5167,"w0":16,"x":-5928,"z":5169,"w":7,"road":"sec","moved":2}
{"x0":-5194,"z0":2883,"w0":16,"x":-5195,"z":2881,"w":7,"road":"sec","moved":2}
{"x0":-2541,"z0":2041,"w0":16,"x":-2540,"z":2040,"w":6.5,"road":"res","moved":2}
{"x0":2918,"z0":-2255,"w0":16,"x":2919,"z":-2255,"w":6.5,"road":"res","moved":2}
{"x0":-5374,"z0":3186,"w0":16,"x":-5372,"z":3186,"w":7,"road":"sec","moved":2}
{"x0":-5550,"z0":3556,"w0":16,"x":-5549,"z":3557,"w":7,"road":"sec","moved":2}
{"x0":3124,"z0":-1987,"w0":16,"x":3122,"z":-1987,"w":7,"road":"sec","moved":2}
{"x0":-5153,"z0":3575,"w0":16,"x":-5153,"z":3575,"w":7.5,"road":"main","moved":0}
{"mix":{"sedan":19,"su:t_su_sky":4,"#troll":7,"su:t_sc_tm":8,"van":8,"#scoot":17,"taxi":10,"su:t_sc_hy":2,"delivery":3,"su:t_su":2},"shut":92,"n":21}
errs []
