{"x0":5835,"z0":-3638,"w0":12,"x":5835,"z":-3747,"w":12,"road":"lz","moved":109}
{"x0":1884,"z0":1330,"w0":16,"x":1870,"z":1340,"w":16,"road":"arterial","moved":17}
{"x0":1482,"z0":1463,"w0":16,"x":1483,"z":1468,"w":16,"road":"arterial","moved":6}
{"x0":1083,"z0":1576,"w0":16,"x":1084,"z":1582,"w":16,"road":"arterial","moved":6}
{"x0":666,"z0":1652,"w0":16,"x":731,"z":1648,"w":16,"road":"arterial","moved":64}
{"x0":254,"z0":1693,"w0":16,"x":254,"z":1699,"w":16,"road":"arterial","moved":6}
{"x0":-168,"z0":1683,"w0":16,"x":-169,"z":1689,"w":16,"road":"arterial","moved":6}
{"x0":-577,"z0":1613,"w0":16,"x":-578,"z":1619,"w":16,"road":"arterial","moved":6}
{"x0":-977,"z0":1478,"w0":16,"x":-979,"z":1483,"w":16,"road":"arterial","moved":6}
{"x0":-1354,"z0":1307,"w0":16,"x":-1385,"z":1296,"w":16,"road":"arterial","moved":32}
{"x0":-1867,"z0":685,"w0":16,"x":-1872,"z":687,"w":16,"road":"arterial","moved":6}
{"x0":488,"z0":-260,"w0":16,"x":567,"z":-144,"w":16,"road":"ring","moved":140}
{"x0":761,"z0":64,"w0":16,"x":765,"z":59,"w":16,"road":"ring","moved":6}
{"x0":766,"z0":-653,"w0":16,"x":769,"z":-650,"w":16,"road":"quay","moved":5}
{"x0":-1166,"z0":-278,"w0":16,"x":-1167,"z":-273,"w":16,"road":"quay","moved":5}
{"x0":274,"z0":-880,"w0":16,"x":271,"z":-883,"w":16,"road":"arterial","moved":5}
{"x0":944,"z0":-1382,"w0":16,"x":941,"z":-1386,"w":16,"road":"arterial","moved":5}
{"x0":1281,"z0":-1639,"w0":16,"x":1314,"z":-1674,"w":16,"road":"arterial","moved":48}
{"x0":137,"z0":-425,"w0":16,"x":138,"z":-421,"w":16,"road":"quay","moved":4}
{"x0":-677,"z0":-374,"w0":16,"x":-678,"z":-370,"w":16,"road":"quay","moved":4}
{"x0":1384,"z0":-31,"w0":16,"x":1409,"z":-52,"w":16,"road":"arterial","moved":33}
{"x0":4623,"z0":3953,"w0":16,"why":"slope 2.6","bad":1,"x":4623,"z":3953,"w":16,"road":"mtn","moved":0}
{"x0":5416,"z0":4378,"w0":16,"x":5475,"z":4387,"w":16,"road":"mtn","moved":60}
{"x0":6150,"z0":4234,"w0":16,"why":"slope 1.4","bad":1,"x":6150,"z":4234,"w":16,"road":"mtn","moved":0}
{"x0":5495,"z0":5663,"w0":16,"x":5495,"z":5663,"w":16,"road":"mtn","moved":0}
{"x0":4117,"z0":671,"w0":7,"keep":"autobahn"}
{"x0":3681,"z0":4122,"w0":7,"keep":"autobahn"}
{"x0":718,"z0":6070,"w0":7,"keep":"autobahn"}
{"x0":-254,"z0":4295,"w0":7,"keep":"autobahn"}
{"x0":-3400,"z0":-849,"w0":7,"keep":"autobahn"}
{"x0":-3973,"z0":-4335,"w0":7,"keep":"autobahn"}
{"x0":5785,"z0":-3042,"w0":7,"keep":"autobahn"}
{"x0":2218,"z0":-3337,"w0":7,"keep":"autobahn"}
{"x0":-1377,"z0":-3159,"w0":7,"keep":"autobahn"}
{"x0":-4801,"z0":-2492,"w0":7,"keep":"autobahn"}
{"x0":5913,"z0":2557,"w0":7,"keep":"autobahn"}
{"x0":-5466,"z0":2892,"w0":7,"keep":"autobahn"}
{"x0":1298,"z0":-2007,"w0":12,"keep":"off-road ok"}
{"x0":4849,"z0":-3903,"w0":18,"x":4851,"z":-3904,"w":18,"road":"lz","moved":2}
{"x0":3800,"z0":6290,"w0":16,"keep":"off-road ok"}
{"x0":-3900,"z0":4445,"w0":14,"x":-3918,"z":4444,"w":14,"road":"lz","moved":18}
{"x0":-4300,"z0":5600,"w0":14,"x":-4299,"z":5600,"w":13,"road":"lz","moved":1}
{"x0":-1200,"z0":5600,"w0":14,"x":-1118,"z":5600,"w":13,"road":"lz","moved":82}
{"x0":-3800,"z0":-720,"w0":14,"why0":"water@-41","x":-3576,"z":-815,"w":13,"road":"lz","moved":244}
{"x0":-4400,"z0":-1450,"w0":16,"x":-4372,"z":-1450,"w":16,"road":"lz","moved":28}
{"x0":5700,"z0":-1000,"w0":16,"x":5700,"z":-1000,"w":16,"road":"lz","moved":0}
{"mix":{"sedan":20,"su:t_su_pink":8,"su:t_sc_hy":5,"van":9,"taxi":6,"bus":5,"police":1,"su:t_sc_tm":7,"delivery":5,"su:t_su":6,"truck":3},"shut":114,"n":47}
errs []
