{"i":0,"x":-1,"z":-276,"h":-2.86,"len":18,"hgt":3.5,"w":10,"y0":9,"dk":true,"col":16764163,"appBlk":[],"bodyBlk":[],"landBlk":[],"kerb":0.16,"roadPct":0,"route":{"launched":false,"hits":1,"stuck":true},"tag":"longjump","launched":true,"maxAir":15.9,"vLip":97,"hits":0,"minD":0}
{"i":1,"x":5835,"z":-3747,"h":3.14,"len":26,"hgt":9,"w":12,"y0":21.2,"dk":false,"col":16734748,"appBlk":[],"bodyBlk":[],"landBlk":[],"kerb":0.04,"roadPct":100,"route":{"launched":true,"hits":0,"stuck":false},"tag":"hill/biome/autobahn","launched":true,"maxAir":17.2,"vLip":98,"hits":0,"minD":1}
{"i":2,"x":1870,"z":1340,"h":-1.26,"len":24,"hgt":7,"w":16,"y0":19.8,"dk":false,"col":16756768,"appBlk":[],"bodyBlk":[],"landBlk":[],"kerb":0.03,"roadPct":100,"route":{"launched":true,"hits":2,"stuck":false},"tag":"street","launched":true,"maxAir":14.6,"vLip":97,"hits":0,"minD":1}
{"i":3,"x":1483,"z":1468,"h":-1.26,"len":24,"hgt":7,"w":16,"y0":21.1,"dk":false,"col":16756768,"appBlk":[],"bodyBlk":[],"landBlk":[],"kerb":0.01,"roadPct":100,"route":{"launched":true,"hits":0,"stuck":false},"tag":"street","launched":true,"maxAir":14.4,"vLip":97,"hits":0,"minD":1}
{"i":4,"x":1084,"z":1582,"h":-1.35,"len":24,"hgt":7,"w":16,"y0":30,"dk":false,"col":16756768,"appBlk":[],"bodyBlk":[],"landBlk":[],"kerb":0.01,"roadPct":100,"route":{"launched":true,"hits":2,"stuck":false},"tag":"street","launched":true,"maxAir":16.3,"vLip":97,"hits":0,"minD":1}
{"i":5,"x":731,"z":1648,"h":-1.42,"len":24,"hgt":7,"w":16,"y0":28.4,"dk":false,"col":16756768,"appBlk":[],"bodyBlk":[],"landBlk":[],"kerb":0.01,"roadPct":100,"route":{"launched":true,"hits":1,"stuck":false},"tag":"street","launched":true,"maxAir":14.3,"vLip":97,"hits":0,"minD":1}
{"i":6,"x":254,"z":1699,"h":-1.52,"len":24,"hgt":7,"w":16,"y0":29.8,"dk":false,"col":16756768,"appBlk":[],"bodyBlk":[],"landBlk":[],"kerb":-0.17,"roadPct":100,"route":{"launched":false,"hits":1,"stuck":true},"tag":"street","launched":true,"maxAir":15.7,"vLip":97,"hits":0,"minD":1}
{"i":7,"x":-169,"z":1689,"h":-1.66,"len":24,"hgt":7,"w":16,"y0":38.7,"dk":false,"col":16756768,"appBlk":[],"bodyBlk":[],"landBlk":[],"kerb":0.01,"roadPct":100,"route":{"launched":false,"hits":1,"stuck":true},"tag":"street","launched":true,"maxAir":15.8,"vLip":97,"hits":0,"minD":1}
{"i":8,"x":-578,"z":1619,"h":-1.83,"len":24,"hgt":7,"w":16,"y0":45.2,"dk":false,"col":16756768,"appBlk":[],"bodyBlk":[],"landBlk":[],"kerb":0.02,"roadPct":100,"route":{"launched":true,"hits":1,"stuck":false},"tag":"street","launched":true,"maxAir":15.4,"vLip":46,"hits":2,"minD":0}
{"i":9,"x":-979,"z":1483,"h":-1.94,"len":24,"hgt":7,"w":16,"y0":37.6,"dk":false,"col":16756768,"appBlk":[],"bodyBlk":[],"landBlk":[],"kerb":-0.35,"roadPct":100,"route":{"launched":true,"hits":0,"stuck":false},"tag":"street","launched":true,"maxAir":16,"vLip":97,"hits":0,"minD":1}
{"i":10,"x":-1385,"z":1296,"h":-2.09,"len":24,"hgt":7,"w":16,"y0":41.1,"dk":false,"col":16756768,"appBlk":[],"bodyBlk":[],"landBlk":[],"kerb":0.03,"roadPct":100,"route":{"launched":true,"hits":0,"stuck":false},"tag":"street","launched":true,"maxAir":14.7,"vLip":97,"hits":0,"minD":3}
{"i":11,"x":-1872,"z":687,"h":-2.87,"len":24,"hgt":7,"w":16,"y0":27.5,"dk":false,"col":16756768,"appBlk":[],"bodyBlk":[],"landBlk":[],"kerb":-0.28,"roadPct":100,"route":{"launched":false,"hits":1,"stuck":true},"tag":"street","launched":true,"maxAir":15.6,"vLip":97,"hits":0,"minD":0}
{"i":12,"x":567,"z":-144,"h":0.67,"len":24,"hgt":7,"w":16,"y0":16.3,"dk":false,"col":16756768,"appBlk":[],"bodyBlk":[],"landBlk":[],"kerb":-0.23,"roadPct":100,"route":{"launched":false,"hits":1,"stuck":true},"tag":"street","launched":true,"maxAir":14,"vLip":97,"hits":0,"minD":1}
{"i":13,"x":765,"z":59,"h":0.87,"len":24,"hgt":7,"w":16,"y0":19.2,"dk":false,"col":16756768,"appBlk":[],"bodyBlk":[],"landBlk":[],"kerb":-0.05,"roadPct":100,"route":{"launched":true,"hits":0,"stuck":false},"tag":"street","launched":true,"maxAir":15.3,"vLip":97,"hits":0,"minD":1}
{"i":14,"x":769,"z":-650,"h":-0.87,"len":24,"hgt":7,"w":16,"y0":0,"dk":false,"col":16756768,"appBlk":[],"bodyBlk":[],"landBlk":[],"kerb":0,"roadPct":100,"route":{"launched":false,"hits":2,"stuck":true},"tag":"street","launched":true,"maxAir":15.7,"vLip":97,"hits":0,"minD":1}
{"i":15,"x":-1167,"z":-273,"h":-1.72,"len":24,"hgt":7,"w":16,"y0":0,"dk":false,"col":16756768,"appBlk":[],"bodyBlk":[],"landBlk":[],"kerb":0,"roadPct":100,"route":{"launched":true,"hits":0,"stuck":false},"tag":"street","launched":true,"maxAir":15.7,"vLip":97,"hits":0,"minD":1}
{"i":16,"x":271,"z":-883,"h":2.27,"len":24,"hgt":7,"w":16,"y0":17.1,"dk":false,"col":16756768,"appBlk":[],"bodyBlk":[],"landBlk":[],"kerb":0,"roadPct":100,"route":{"launched":false,"hits":1,"stuck":true},"tag":"street","launched":true,"maxAir":16.2,"vLip":97,"hits":0,"minD":1}
{"i":17,"x":941,"z":-1386,"h":2.17,"len":24,"hgt":7,"w":16,"y0":11.4,"dk":false,"col":16756768,"appBlk":[],"bodyBlk":[],"landBlk":[],"kerb":-0.08,"roadPct":100,"route":{"launched":true,"hits":0,"stuck":false},"tag":"street","launched":true,"maxAir":15.4,"vLip":97,"hits":0,"minD":0}
{"i":18,"x":1314,"z":-1674,"h":2.28,"len":24,"hgt":7,"w":16,"y0":11.4,"dk":false,"col":16756768,"appBlk":[],"bodyBlk":[],"landBlk":[],"kerb":-0.29,"roadPct":100,"route":{"launched":false,"hits":2,"stuck":true},"tag":"street","launched":true,"maxAir":15.6,"vLip":97,"hits":0,"minD":0}
{"i":19,"x":138,"z":-421,"h":-1.16,"len":24,"hgt":7,"w":16,"y0":0,"dk":false,"col":16756768,"appBlk":[],"bodyBlk":[],"landBlk":[],"kerb":0,"roadPct":100,"route":{"launched":false,"hits":2,"stuck":true},"tag":"street","launched":true,"maxAir":18.8,"vLip":67,"hits":1,"minD":1}
{"i":20,"x":-678,"z":-370,"h":-1.82,"len":24,"hgt":7,"w":16,"y0":0,"dk":false,"col":16756768,"appBlk":[],"bodyBlk":[],"landBlk":[],"kerb":0,"roadPct":100,"route":{"launched":false,"hits":2,"stuck":true},"tag":"street","launched":true,"maxAir":15.7,"vLip":97,"hits":1,"minD":3}
{"i":21,"x":1409,"z":-52,"h":2.08,"len":24,"hgt":7,"w":16,"y0":14.4,"dk":false,"col":16756768,"appBlk":[],"bodyBlk":[],"landBlk":[],"kerb":-0.08,"roadPct":100,"route":{"launched":false,"hits":2,"stuck":true},"tag":"street","launched":true,"maxAir":16,"vLip":98,"hits":0,"minD":0}
{"i":22,"x":4623,"z":3953,"h":0.8,"len":24,"hgt":7,"w":16,"y0":111.1,"dk":false,"col":16734748,"appBlk":[],"bodyBlk":[],"landBlk":[],"kerb":0.1,"roadPct":100,"route":{"launched":true,"hits":0,"stuck":false},"tag":"hill/biome/autobahn","launched":true,"maxAir":9.1,"vLip":98,"hits":0,"minD":2}
{"i":23,"x":5475,"z":4387,"h":1.33,"len":24,"hgt":7,"w":16,"y0":160.2,"dk":false,"col":16734748,"appBlk":[],"bodyBlk":[],"landBlk":[],"kerb":-0.58,"roadPct":100,"route":{"launched":true,"hits":0,"stuck":false},"tag":"hill/biome/autobahn","launched":true,"maxAir":15.1,"vLip":98,"hits":0,"minD":2}
{"i":24,"x":6150,"z":4234,"h":1.43,"len":24,"hgt":7,"w":16,"y0":209.1,"dk":false,"col":16734748,"appBlk":[],"bodyBlk":[],"landBlk":[],"kerb":0.09,"roadPct":100,"route":{"launched":true,"hits":0,"stuck":false},"tag":"hill/biome/autobahn","launched":true,"maxAir":10.8,"vLip":98,"hits":0,"minD":1}
{"i":25,"x":5495,"z":5663,"h":1.14,"len":24,"hgt":7,"w":16,"y0":324.1,"dk":false,"col":16734748,"appBlk":[],"bodyBlk":[],"landBlk":[],"kerb":-0.01,"roadPct":100,"route":{"launched":true,"hits":0,"stuck":false},"tag":"hill/biome/autobahn","launched":true,"maxAir":13.6,"vLip":98,"hits":0,"minD":2}
{"i":26,"x":4117,"z":671,"h":-3.14,"len":24,"hgt":6,"w":7,"y0":7.6,"dk":false,"col":16734748,"appBlk":[],"bodyBlk":[],"landBlk":[],"kerb":-0.03,"roadPct":100,"route":{"launched":true,"hits":0,"stuck":false},"tag":"hill/biome/autobahn","launched":true,"maxAir":14.9,"vLip":99,"hits":0,"minD":1}
{"i":27,"x":3681,"z":4122,"h":-0.76,"len":24,"hgt":6,"w":7,"y0":58.3,"dk":false,"col":16734748,"appBlk":[],"bodyBlk":[],"landBlk":[],"kerb":0.01,"roadPct":100,"route":{"launched":true,"hits":0,"stuck":false},"tag":"hill/biome/autobahn","launched":true,"maxAir":12.1,"vLip":100,"hits":0,"minD":1}
{"i":28,"x":718,"z":6070,"h":2.23,"len":24,"hgt":6,"w":7,"y0":67.5,"dk":false,"col":16734748,"appBlk":[],"bodyBlk":[],"landBlk":[],"kerb":0,"roadPct":100,"route":{"launched":true,"hits":0,"stuck":false},"tag":"hill/biome/autobahn","launched":true,"maxAir":14.7,"vLip":99,"hits":0,"minD":3}
{"i":29,"x":-254,"z":4295,"h":-1.96,"len":24,"hgt":6,"w":7,"y0":19.4,"dk":false,"col":16734748,"appBlk":[],"bodyBlk":[],"landBlk":[],"kerb":-0.11,"roadPct":100,"route":{"launched":true,"hits":0,"stuck":false},"tag":"hill/biome/autobahn","launched":true,"maxAir":15.5,"vLip":100,"hits":0,"minD":1}
{"i":30,"x":-3400,"z":-849,"h":-3.11,"len":24,"hgt":6,"w":7,"y0":12.9,"dk":false,"col":16734748,"appBlk":[],"bodyBlk":[],"landBlk":[],"kerb":0.02,"roadPct":100,"route":{"launched":true,"hits":0,"stuck":false},"tag":"hill/biome/autobahn","launched":true,"maxAir":13.7,"vLip":99,"hits":0,"minD":1}
{"i":31,"x":-3973,"z":-4335,"h":0.02,"len":24,"hgt":6,"w":7,"y0":93.1,"dk":false,"col":16734748,"appBlk":[],"bodyBlk":[],"landBlk":[],"kerb":-0.86,"roadPct":100,"route":{"launched":true,"hits":0,"stuck":false},"tag":"hill/biome/autobahn","launched":true,"maxAir":17.4,"vLip":100,"hits":0,"minD":0}
{"i":32,"x":5785,"z":-3042,"h":-1.72,"len":24,"hgt":6,"w":7,"y0":14,"dk":false,"col":16734748,"appBlk":[],"bodyBlk":[],"landBlk":[],"kerb":0.08,"roadPct":100,"route":{"launched":true,"hits":0,"stuck":false},"tag":"hill/biome/autobahn","launched":true,"maxAir":11.5,"vLip":100,"hits":0,"minD":0}
{"i":33,"x":2218,"z":-3337,"h":1.6,"len":24,"hgt":6,"w":7,"y0":34,"dk":false,"col":16734748,"appBlk":[],"bodyBlk":[],"landBlk":[],"kerb":-0.14,"roadPct":100,"route":{"launched":true,"hits":0,"stuck":false},"tag":"hill/biome/autobahn","launched":true,"maxAir":15.3,"vLip":100,"hits":0,"minD":1}
{"i":34,"x":-1377,"z":-3159,"h":-1.46,"len":24,"hgt":6,"w":7,"y0":49,"dk":false,"col":16734748,"appBlk":[],"bodyBlk":[],"landBlk":[],"kerb":0.01,"roadPct":100,"route":{"launched":true,"hits":0,"stuck":false},"tag":"hill/biome/autobahn","launched":true,"maxAir":14.7,"vLip":99,"hits":0,"minD":1}
{"i":35,"x":-4801,"z":-2492,"h":1.43,"len":24,"hgt":6,"w":7,"y0":46.4,"dk":false,"col":16734748,"appBlk":[],"bodyBlk":[],"landBlk":[],"kerb":0.05,"roadPct":100,"route":{"launched":true,"hits":0,"stuck":false},"tag":"hill/biome/autobahn","launched":true,"maxAir":13.5,"vLip":99,"hits":0,"minD":1}
{"i":36,"x":5913,"z":2557,"h":-1.32,"len":24,"hgt":6,"w":7,"y0":54.8,"dk":false,"col":16734748,"appBlk":[],"bodyBlk":[],"landBlk":[],"kerb":-0.44,"roadPct":100,"route":{"launched":true,"hits":0,"stuck":false},"tag":"hill/biome/autobahn","launched":true,"maxAir":15.8,"vLip":100,"hits":0,"minD":0}
{"i":37,"x":-5466,"z":2892,"h":-1.6,"len":24,"hgt":6,"w":7,"y0":10.3,"dk":false,"col":16734748,"appBlk":[],"bodyBlk":[],"landBlk":[],"kerb":-0.29,"roadPct":100,"route":{"launched":true,"hits":0,"stuck":false},"tag":"hill/biome/autobahn","launched":true,"maxAir":15,"vLip":100,"hits":0,"minD":0}
{"i":38,"x":1298,"z":-2007,"h":1.73,"len":20,"hgt":5,"w":12,"y0":16,"dk":false,"col":16756768,"appBlk":[],"bodyBlk":[],"landBlk":[],"kerb":0.01,"roadPct":87,"route":{"launched":false,"hits":0,"stuck":false},"tag":"street","launched":true,"maxAir":13.9,"vLip":98,"hits":0,"minD":1}
{"i":39,"x":4851,"z":-3904,"h":1.92,"len":26,"hgt":7,"w":18,"y0":16.7,"dk":false,"col":16756768,"appBlk":[],"bodyBlk":[],"landBlk":[],"kerb":-0.22,"roadPct":100,"route":{"launched":true,"hits":0,"stuck":false},"tag":"street","launched":true,"maxAir":16.5,"vLip":98,"hits":0,"minD":2}
{"i":40,"x":3800,"z":6290,"h":0,"len":24,"hgt":6,"w":16,"y0":118.7,"dk":false,"col":16756768,"appBlk":[],"bodyBlk":[],"landBlk":[],"kerb":-0.03,"roadPct":0,"route":{"launched":true,"hits":0,"stuck":false},"tag":"street","launched":true,"maxAir":15.8,"vLip":97,"hits":0,"minD":1}
{"i":41,"x":-3918,"z":4444,"h":-1.53,"len":22,"hgt":6,"w":14,"y0":75.9,"dk":false,"col":16756768,"appBlk":[],"bodyBlk":[],"landBlk":[],"kerb":0.06,"roadPct":100,"route":{"launched":true,"hits":0,"stuck":false},"tag":"street","launched":true,"maxAir":15,"vLip":98,"hits":0,"minD":1}
{"i":42,"x":-4299,"z":5600,"h":1.57,"len":24,"hgt":6,"w":13,"y0":21.3,"dk":false,"col":16756768,"appBlk":[],"bodyBlk":[],"landBlk":[],"kerb":-0.2,"roadPct":100,"route":{"launched":true,"hits":0,"stuck":false},"tag":"street","launched":true,"maxAir":15,"vLip":98,"hits":0,"minD":2}
{"i":43,"x":-1118,"z":5600,"h":-1.57,"len":24,"hgt":6,"w":13,"y0":55.8,"dk":false,"col":16756768,"appBlk":[],"bodyBlk":[],"landBlk":[],"kerb":-0.22,"roadPct":100,"route":{"launched":true,"hits":0,"stuck":false},"tag":"street","launched":true,"maxAir":15.5,"vLip":98,"hits":0,"minD":1}
{"i":44,"x":-3576,"z":-815,"h":-0.94,"len":22,"hgt":5,"w":13,"y0":16.2,"dk":false,"col":16734748,"appBlk":[],"bodyBlk":[],"landBlk":[],"kerb":-0.01,"roadPct":87,"route":{"launched":true,"hits":0,"stuck":false},"tag":"hill/biome/autobahn","launched":true,"maxAir":17.3,"vLip":97,"hits":0,"minD":1}
{"i":45,"x":-4372,"z":-1450,"h":-1.57,"len":24,"hgt":7,"w":16,"y0":20.2,"dk":false,"col":16756768,"appBlk":[],"bodyBlk":[],"landBlk":[],"kerb":0.01,"roadPct":100,"route":{"launched":true,"hits":0,"stuck":false},"tag":"street","launched":true,"maxAir":14.4,"vLip":98,"hits":0,"minD":1}
{"i":46,"x":5700,"z":-1000,"h":1.57,"len":24,"hgt":6,"w":16,"y0":14.4,"dk":false,"col":16734748,"appBlk":[],"bodyBlk":[],"landBlk":[],"kerb":0,"roadPct":100,"route":{"launched":true,"hits":0,"stuck":false},"tag":"hill/biome/autobahn","launched":true,"maxAir":13.9,"vLip":98,"hits":0,"minD":1}
RAMPS fra: 47/47 reachable · errs 0 []
