[0.0] guided: {"win":false,"why":"spin","round":1} placed 8 clicks 19 7s hidden 0 errors 0 []
[1.0] vs g2 normal: {"win":true,"why":"landed","round":6} placed 30 clicks 50 15s hidden 0 errors 0 []
[2.0] vs y1 easy: {"win":false,"why":"collision","round":5} placed 31 clicks 48 9s hidden 0 errors 0 []
[3.0] vs r2 hard: {"win":false,"why":"speed","round":6} placed 34 clicks 51 17s hidden 0 errors 0 []
[4.0] vs kerosene: {"win":false,"why":"mandatory","round":3} placed 43 clicks 68 24s hidden 0 errors 0 []
[5.0] vs wind: {"win":false,"why":"fuel","round":6} placed 29 clicks 47 16s hidden 0 errors 0 []
[6.0] vs intern: {"win":false,"why":"mandatory","round":3} placed 19 clicks 37 12s hidden 0 errors 0 []
[7.0] vs ice + real-time: {"win":false,"why":"spin","round":0} placed 33 clicks 58 17s hidden 0 errors 0 []
[8.0] vs black: {"win":false,"why":"corridor","round":5} placed 26 clicks 44 9s hidden 0 errors 0 []
[9.0] hot g3: {"win":false,"why":"short","round":6} placed 52 clicks 137 14s hidden 0 errors 0 []
[10.0] hot y2: {"win":false,"why":"fuel","round":6} placed 60 clicks 153 25s hidden 0 errors 0 []
[11.0] watch g4: {"win":false,"why":"checks","round":6} placed 0 clicks 1 14s hidden 0 errors 0 []
[12.0] watch r1 hard: {"win":false,"why":"fuel","round":5} placed 0 clicks 1 9s hidden 0 errors 0 []
[13.0] PHONE guided: {"win":false,"why":"speed","round":6} placed 28 clicks 40 10s hidden 0 errors 0 []
[14.0] PHONE vs g2: {"win":false,"why":"checks","round":6} placed 33 clicks 50 9s hidden 0 errors 0 []
[15.0] PHONE hot y3: {"win":false,"why":"mandatory","round":0} placed 9 clicks 41 3s hidden 0 errors 0 []
[16.0] PHONE vs r4 landscape: {"win":false,"why":"checks","round":6} placed 30 clicks 42 12s hidden 0 errors 0 []
[17.0] PHONE vs b1 landscape: {"win":false,"why":"speed","round":6} placed 28 clicks 42 11s hidden 0 errors 0 []
TOTAL games 18 errors 0 stalls 0 not finished 0 hidden-dice violations 0 time 258s (ANIM=0)
seen: again | coffee chip | configure | die | drawer:crewd | drawer:logd | drawer:rulesd | drawer:setd | final | hint | pass card | place | place (suggested) | ready | reroll | reroll confirm | say | space | tip | title->setup
